Archive member included because of file (symbol)

..\..\..\..\..\..\..\..\Program Files (x86)\GNU Tools ARM Embedded\4.6 2012q2\arm-none-eabi\lib\armv7e-m\fpu\libm.a(lib_a-s_cos.o)
                              ..\obj\effect.o (cos)
..\..\..\..\..\..\..\..\Program Files (x86)\GNU Tools ARM Embedded\4.6 2012q2\arm-none-eabi\lib\armv7e-m\fpu\libm.a(lib_a-s_sin.o)
                              ..\obj\effect.o (sin)
..\..\..\..\..\..\..\..\Program Files (x86)\GNU Tools ARM Embedded\4.6 2012q2\arm-none-eabi\lib\armv7e-m\fpu\libm.a(lib_a-e_rem_pio2.o)
                              ..\..\..\..\..\..\..\..\Program Files (x86)\GNU Tools ARM Embedded\4.6 2012q2\arm-none-eabi\lib\armv7e-m\fpu\libm.a(lib_a-s_cos.o) (__ieee754_rem_pio2)
..\..\..\..\..\..\..\..\Program Files (x86)\GNU Tools ARM Embedded\4.6 2012q2\arm-none-eabi\lib\armv7e-m\fpu\libm.a(lib_a-k_cos.o)
                              ..\..\..\..\..\..\..\..\Program Files (x86)\GNU Tools ARM Embedded\4.6 2012q2\arm-none-eabi\lib\armv7e-m\fpu\libm.a(lib_a-s_cos.o) (__kernel_cos)
..\..\..\..\..\..\..\..\Program Files (x86)\GNU Tools ARM Embedded\4.6 2012q2\arm-none-eabi\lib\armv7e-m\fpu\libm.a(lib_a-k_rem_pio2.o)
                              ..\..\..\..\..\..\..\..\Program Files (x86)\GNU Tools ARM Embedded\4.6 2012q2\arm-none-eabi\lib\armv7e-m\fpu\libm.a(lib_a-e_rem_pio2.o) (__kernel_rem_pio2)
..\..\..\..\..\..\..\..\Program Files (x86)\GNU Tools ARM Embedded\4.6 2012q2\arm-none-eabi\lib\armv7e-m\fpu\libm.a(lib_a-k_sin.o)
                              ..\..\..\..\..\..\..\..\Program Files (x86)\GNU Tools ARM Embedded\4.6 2012q2\arm-none-eabi\lib\armv7e-m\fpu\libm.a(lib_a-s_cos.o) (__kernel_sin)
..\..\..\..\..\..\..\..\Program Files (x86)\GNU Tools ARM Embedded\4.6 2012q2\arm-none-eabi\lib\armv7e-m\fpu\libm.a(lib_a-s_fabs.o)
                              ..\..\..\..\..\..\..\..\Program Files (x86)\GNU Tools ARM Embedded\4.6 2012q2\arm-none-eabi\lib\armv7e-m\fpu\libm.a(lib_a-e_rem_pio2.o) (fabs)
..\..\..\..\..\..\..\..\Program Files (x86)\GNU Tools ARM Embedded\4.6 2012q2\arm-none-eabi\lib\armv7e-m\fpu\libm.a(lib_a-s_floor.o)
                              ..\..\..\..\..\..\..\..\Program Files (x86)\GNU Tools ARM Embedded\4.6 2012q2\arm-none-eabi\lib\armv7e-m\fpu\libm.a(lib_a-k_rem_pio2.o) (floor)
..\..\..\..\..\..\..\..\Program Files (x86)\GNU Tools ARM Embedded\4.6 2012q2\arm-none-eabi\lib\armv7e-m\fpu\libm.a(lib_a-s_scalbn.o)
                              ..\..\..\..\..\..\..\..\Program Files (x86)\GNU Tools ARM Embedded\4.6 2012q2\arm-none-eabi\lib\armv7e-m\fpu\libm.a(lib_a-k_rem_pio2.o) (scalbn)
..\..\..\..\..\..\..\..\Program Files (x86)\GNU Tools ARM Embedded\4.6 2012q2\arm-none-eabi\lib\armv7e-m\fpu\libm.a(lib_a-s_copysign.o)
                              ..\..\..\..\..\..\..\..\Program Files (x86)\GNU Tools ARM Embedded\4.6 2012q2\arm-none-eabi\lib\armv7e-m\fpu\libm.a(lib_a-s_scalbn.o) (copysign)
c:/program files (x86)/gnu tools arm embedded/4.6 2012q2/bin/../lib/gcc/arm-none-eabi/4.6.2/armv7e-m\libgcc.a(_arm_addsubdf3.o)
                              ..\..\..\..\..\..\..\..\Program Files (x86)\GNU Tools ARM Embedded\4.6 2012q2\arm-none-eabi\lib\armv7e-m\fpu\libm.a(lib_a-s_cos.o) (__aeabi_dsub)
c:/program files (x86)/gnu tools arm embedded/4.6 2012q2/bin/../lib/gcc/arm-none-eabi/4.6.2/armv7e-m\libgcc.a(_arm_muldivdf3.o)
                              ..\..\..\..\..\..\..\..\Program Files (x86)\GNU Tools ARM Embedded\4.6 2012q2\arm-none-eabi\lib\armv7e-m\fpu\libm.a(lib_a-e_rem_pio2.o) (__aeabi_dmul)
c:/program files (x86)/gnu tools arm embedded/4.6 2012q2/bin/../lib/gcc/arm-none-eabi/4.6.2/armv7e-m\libgcc.a(_arm_cmpdf2.o)
                              ..\..\..\..\..\..\..\..\Program Files (x86)\GNU Tools ARM Embedded\4.6 2012q2\arm-none-eabi\lib\armv7e-m\fpu\libm.a(lib_a-e_rem_pio2.o) (__aeabi_dcmpeq)
c:/program files (x86)/gnu tools arm embedded/4.6 2012q2/bin/../lib/gcc/arm-none-eabi/4.6.2/armv7e-m\libgcc.a(_arm_fixdfsi.o)
                              ..\obj\effect.o (__aeabi_d2iz)
..\..\..\..\..\..\..\..\Program Files (x86)\GNU Tools ARM Embedded\4.6 2012q2\arm-none-eabi\lib\armv7e-m\fpu\libg.a(lib_a-memcpy.o)
                              ..\obj\effect.o (memcpy)
..\..\..\..\..\..\..\..\Program Files (x86)\GNU Tools ARM Embedded\4.6 2012q2\arm-none-eabi\lib\armv7e-m\fpu\libg.a(lib_a-rand.o)
                              ..\obj\effect.o (rand)

Allocating common symbols
Common symbol       size              file

TIM_TimeBaseStructure
                    0xc               ..\obj\main.o
fb                  0x40              ..\obj\main.o
cube                0x40              ..\obj\main.o
TIM_OCInitStructure
                    0x14              ..\obj\main.o
delay_ticks         0x2               ..\obj\stm32f4xx_it.o
GPIO_InitStructure  0x8               ..\obj\main.o
RCC_Clocks          0x10              ..\obj\main.o

Discarded input sections

 .text          0x00000000        0x0 ..\obj\stm32f4xx_syscfg.o
 .data          0x00000000        0x0 ..\obj\stm32f4xx_syscfg.o
 .bss           0x00000000        0x0 ..\obj\stm32f4xx_syscfg.o
 .text.SYSCFG_DeInit
                0x00000000       0x1c ..\obj\stm32f4xx_syscfg.o
 .text.SYSCFG_MemoryRemapConfig
                0x00000000        0xc ..\obj\stm32f4xx_syscfg.o
 .text.SYSCFG_EXTILineConfig
                0x00000000       0x40 ..\obj\stm32f4xx_syscfg.o
 .text.SYSCFG_ETH_MediaInterfaceConfig
                0x00000000        0xc ..\obj\stm32f4xx_syscfg.o
 .text.SYSCFG_CompensationCellCmd
                0x00000000        0xc ..\obj\stm32f4xx_syscfg.o
 .text.SYSCFG_GetCompensationCellStatus
                0x00000000       0x10 ..\obj\stm32f4xx_syscfg.o
 .text          0x00000000        0x0 ..\obj\stm32f4xx_hash.o
 .data          0x00000000        0x0 ..\obj\stm32f4xx_hash.o
 .bss           0x00000000        0x0 ..\obj\stm32f4xx_hash.o
 .text.HASH_DeInit
                0x00000000       0x1c ..\obj\stm32f4xx_hash.o
 .text.HASH_Init
                0x00000000       0x50 ..\obj\stm32f4xx_hash.o
 .text.HASH_StructInit
                0x00000000       0x10 ..\obj\stm32f4xx_hash.o
 .text.HASH_Reset
                0x00000000       0x14 ..\obj\stm32f4xx_hash.o
 .text.HASH_SetLastWordValidBitsNbr
                0x00000000       0x18 ..\obj\stm32f4xx_hash.o
 .text.HASH_DataIn
                0x00000000        0xc ..\obj\stm32f4xx_hash.o
 .text.HASH_GetInFIFOWordsNbr
                0x00000000       0x10 ..\obj\stm32f4xx_hash.o
 .text.HASH_GetDigest
                0x00000000       0x20 ..\obj\stm32f4xx_hash.o
 .text.HASH_StartDigest
                0x00000000       0x14 ..\obj\stm32f4xx_hash.o
 .text.HASH_SaveContext
                0x00000000       0x38 ..\obj\stm32f4xx_hash.o
 .text.HASH_RestoreContext
                0x00000000       0x44 ..\obj\stm32f4xx_hash.o
 .text.HASH_DMACmd
                0x00000000       0x28 ..\obj\stm32f4xx_hash.o
 .text.HASH_ITConfig
                0x00000000       0x28 ..\obj\stm32f4xx_hash.o
 .text.HASH_GetFlagStatus
                0x00000000       0x1c ..\obj\stm32f4xx_hash.o
 .text.HASH_ClearFlag
                0x00000000       0x10 ..\obj\stm32f4xx_hash.o
 .text.HASH_GetITStatus
                0x00000000       0x18 ..\obj\stm32f4xx_hash.o
 .text.HASH_ClearITPendingBit
                0x00000000       0x14 ..\obj\stm32f4xx_hash.o
 .text          0x00000000        0x0 ..\obj\stm32f4xx_hash_sha1.o
 .data          0x00000000        0x0 ..\obj\stm32f4xx_hash_sha1.o
 .bss           0x00000000        0x0 ..\obj\stm32f4xx_hash_sha1.o
 .text.HASH_SHA1
                0x00000000       0xa8 ..\obj\stm32f4xx_hash_sha1.o
 .text.HMAC_SHA1
                0x00000000      0x184 ..\obj\stm32f4xx_hash_sha1.o
 .text          0x00000000        0x0 ..\obj\stm32f4xx_usart.o
 .data          0x00000000        0x0 ..\obj\stm32f4xx_usart.o
 .bss           0x00000000        0x0 ..\obj\stm32f4xx_usart.o
 .text.USART_DeInit
                0x00000000       0xe8 ..\obj\stm32f4xx_usart.o
 .text.USART_Init
                0x00000000      0x108 ..\obj\stm32f4xx_usart.o
 .text.USART_StructInit
                0x00000000       0x1c ..\obj\stm32f4xx_usart.o
 .text.USART_ClockInit
                0x00000000       0x28 ..\obj\stm32f4xx_usart.o
 .text.USART_ClockStructInit
                0x00000000       0x10 ..\obj\stm32f4xx_usart.o
 .text.USART_Cmd
                0x00000000       0x20 ..\obj\stm32f4xx_usart.o
 .text.USART_SetPrescaler
                0x00000000       0x14 ..\obj\stm32f4xx_usart.o
 .text.USART_OverSampling8Cmd
                0x00000000       0x20 ..\obj\stm32f4xx_usart.o
 .text.USART_OneBitMethodCmd
                0x00000000       0x20 ..\obj\stm32f4xx_usart.o
 .text.USART_SendData
                0x00000000        0xc ..\obj\stm32f4xx_usart.o
 .text.USART_ReceiveData
                0x00000000        0xc ..\obj\stm32f4xx_usart.o
 .text.USART_SetAddress
                0x00000000       0x1c ..\obj\stm32f4xx_usart.o
 .text.USART_ReceiverWakeUpCmd
                0x00000000       0x20 ..\obj\stm32f4xx_usart.o
 .text.USART_WakeUpConfig
                0x00000000       0x1c ..\obj\stm32f4xx_usart.o
 .text.USART_LINBreakDetectLengthConfig
                0x00000000       0x1c ..\obj\stm32f4xx_usart.o
 .text.USART_LINCmd
                0x00000000       0x20 ..\obj\stm32f4xx_usart.o
 .text.USART_SendBreak
                0x00000000        0xc ..\obj\stm32f4xx_usart.o
 .text.USART_HalfDuplexCmd
                0x00000000       0x20 ..\obj\stm32f4xx_usart.o
 .text.USART_SetGuardTime
                0x00000000       0x14 ..\obj\stm32f4xx_usart.o
 .text.USART_SmartCardCmd
                0x00000000       0x20 ..\obj\stm32f4xx_usart.o
 .text.USART_SmartCardNACKCmd
                0x00000000       0x20 ..\obj\stm32f4xx_usart.o
 .text.USART_IrDAConfig
                0x00000000       0x1c ..\obj\stm32f4xx_usart.o
 .text.USART_IrDACmd
                0x00000000       0x20 ..\obj\stm32f4xx_usart.o
 .text.USART_DMACmd
                0x00000000       0x18 ..\obj\stm32f4xx_usart.o
 .text.USART_ITConfig
                0x00000000       0x3c ..\obj\stm32f4xx_usart.o
 .text.USART_GetFlagStatus
                0x00000000        0xc ..\obj\stm32f4xx_usart.o
 .text.USART_ClearFlag
                0x00000000        0xc ..\obj\stm32f4xx_usart.o
 .text.USART_GetITStatus
                0x00000000       0x50 ..\obj\stm32f4xx_usart.o
 .text.USART_ClearITPendingBit
                0x00000000       0x18 ..\obj\stm32f4xx_usart.o
 .text          0x00000000        0x0 ..\obj\stm32f4xx_pwr.o
 .data          0x00000000        0x0 ..\obj\stm32f4xx_pwr.o
 .bss           0x00000000        0x0 ..\obj\stm32f4xx_pwr.o
 .text.PWR_DeInit
                0x00000000       0x1c ..\obj\stm32f4xx_pwr.o
 .text.PWR_BackupAccessCmd
                0x00000000        0xc ..\obj\stm32f4xx_pwr.o
 .text.PWR_PVDLevelConfig
                0x00000000       0x14 ..\obj\stm32f4xx_pwr.o
 .text.PWR_PVDCmd
                0x00000000        0xc ..\obj\stm32f4xx_pwr.o
 .text.PWR_WakeUpPinCmd
                0x00000000        0xc ..\obj\stm32f4xx_pwr.o
 .text.PWR_BackupRegulatorCmd
                0x00000000        0xc ..\obj\stm32f4xx_pwr.o
 .text.PWR_MainRegulatorModeConfig
                0x00000000       0x28 ..\obj\stm32f4xx_pwr.o
 .text.PWR_FlashPowerDownCmd
                0x00000000        0xc ..\obj\stm32f4xx_pwr.o
 .text.PWR_EnterSTOPMode
                0x00000000       0x40 ..\obj\stm32f4xx_pwr.o
 .text.PWR_EnterSTANDBYMode
                0x00000000       0x2c ..\obj\stm32f4xx_pwr.o
 .text.PWR_GetFlagStatus
                0x00000000       0x14 ..\obj\stm32f4xx_pwr.o
 .text.PWR_ClearFlag
                0x00000000       0x14 ..\obj\stm32f4xx_pwr.o
 .text          0x00000000        0x0 ..\obj\stm32f4xx_hash_md5.o
 .data          0x00000000        0x0 ..\obj\stm32f4xx_hash_md5.o
 .bss           0x00000000        0x0 ..\obj\stm32f4xx_hash_md5.o
 .text.HASH_MD5
                0x00000000       0xa8 ..\obj\stm32f4xx_hash_md5.o
 .text.HMAC_MD5
                0x00000000      0x184 ..\obj\stm32f4xx_hash_md5.o
 .text          0x00000000        0x0 ..\obj\startup_stm32f4xx.o
 .data          0x00000000        0x0 ..\obj\startup_stm32f4xx.o
 .bss           0x00000000        0x0 ..\obj\startup_stm32f4xx.o
 .text          0x00000000        0x0 ..\obj\main.o
 .data          0x00000000        0x0 ..\obj\main.o
 .bss           0x00000000        0x0 ..\obj\main.o
 .text          0x00000000        0x0 ..\obj\effect.o
 .data          0x00000000        0x0 ..\obj\effect.o
 .bss           0x00000000        0x0 ..\obj\effect.o
 .text.effect_test
                0x00000000       0xb0 ..\obj\effect.o
 .text.effect_stringfly2
                0x00000000       0xa4 ..\obj\effect.o
 .text.effect_planboing
                0x00000000       0x60 ..\obj\effect.o
 .text.effect_blinky2
                0x00000000       0xbc ..\obj\effect.o
 .text.effect_box_shrink_grow
                0x00000000       0xa4 ..\obj\effect.o
 .text.effect_box_woopwoop
                0x00000000       0x50 ..\obj\effect.o
 .text.sendvoxel_z
                0x00000000       0x54 ..\obj\effect.o
 .text.sendplane_rand_z
                0x00000000       0x8c ..\obj\effect.o
 .text.sendvoxels_rand_z
                0x00000000       0xf4 ..\obj\effect.o
 .text.boingboing
                0x00000000      0x50c ..\obj\effect.o
 .text.effect_random_filler
                0x00000000       0xb4 ..\obj\effect.o
 .text.effect_rain
                0x00000000       0xa0 ..\obj\effect.o
 .text.draw_positions_axis
                0x00000000       0x70 ..\obj\effect.o
 .text.effect_axis_updown_randsuspend
                0x00000000       0xf8 ..\obj\effect.o
 .text.effect_z_updown_move
                0x00000000       0x44 ..\obj\effect.o
 .text.effect_z_updown
                0x00000000       0xf4 ..\obj\effect.o
 .text.effect_boxside_randsend_parallel
                0x00000000      0x100 ..\obj\effect.o
 .text.effect_loadbar
                0x00000000       0x8c ..\obj\effect.o
 .text.effect_random_sparkle_flash
                0x00000000       0x9c ..\obj\effect.o
 .text.effect_random_sparkle
                0x00000000       0x38 ..\obj\effect.o
 .text.effect_telcstairs_do
                0x00000000       0x3c ..\obj\effect.o
 .text.effect_telcstairs
                0x00000000       0x30 ..\obj\effect.o
 .text.effect_wormsqueeze
                0x00000000      0x144 ..\obj\effect.o
 .text.effect_smileyspin
                0x00000000      0x348 ..\obj\effect.o
 .text.effect_pathmove
                0x00000000       0x6c ..\obj\effect.o
 .text.effect_rand_patharound
                0x00000000       0x80 ..\obj\effect.o
 .text.effect_pathspiral
                0x00000000       0x64 ..\obj\effect.o
 .text.effect_path_text
                0x00000000       0xbc ..\obj\effect.o
 .text.effect_path_bitmap
                0x00000000       0xdc ..\obj\effect.o
 .rodata        0x00000000       0x20 ..\obj\effect.o
 .text          0x00000000        0x0 ..\obj\stm32f4xx_rcc.o
 .bss           0x00000000        0x0 ..\obj\stm32f4xx_rcc.o
 .text.RCC_DeInit
                0x00000000       0x38 ..\obj\stm32f4xx_rcc.o
 .text.RCC_HSEConfig
                0x00000000       0x14 ..\obj\stm32f4xx_rcc.o
 .text.RCC_AdjustHSICalibrationValue
                0x00000000       0x18 ..\obj\stm32f4xx_rcc.o
 .text.RCC_HSICmd
                0x00000000        0xc ..\obj\stm32f4xx_rcc.o
 .text.RCC_LSEConfig
                0x00000000       0x3c ..\obj\stm32f4xx_rcc.o
 .text.RCC_LSICmd
                0x00000000        0xc ..\obj\stm32f4xx_rcc.o
 .text.RCC_PLLConfig
                0x00000000       0x24 ..\obj\stm32f4xx_rcc.o
 .text.RCC_PLLCmd
                0x00000000        0xc ..\obj\stm32f4xx_rcc.o
 .text.RCC_PLLI2SConfig
                0x00000000       0x18 ..\obj\stm32f4xx_rcc.o
 .text.RCC_PLLI2SCmd
                0x00000000        0xc ..\obj\stm32f4xx_rcc.o
 .text.RCC_ClockSecuritySystemCmd
                0x00000000        0xc ..\obj\stm32f4xx_rcc.o
 .text.RCC_MCO1Config
                0x00000000       0x18 ..\obj\stm32f4xx_rcc.o
 .text.RCC_MCO2Config
                0x00000000       0x18 ..\obj\stm32f4xx_rcc.o
 .text.RCC_SYSCLKConfig
                0x00000000       0x14 ..\obj\stm32f4xx_rcc.o
 .text.RCC_GetSYSCLKSource
                0x00000000       0x10 ..\obj\stm32f4xx_rcc.o
 .text.RCC_HCLKConfig
                0x00000000       0x14 ..\obj\stm32f4xx_rcc.o
 .text.RCC_PCLK1Config
                0x00000000       0x14 ..\obj\stm32f4xx_rcc.o
 .text.RCC_PCLK2Config
                0x00000000       0x18 ..\obj\stm32f4xx_rcc.o
 .text.RCC_RTCCLKConfig
                0x00000000       0x3c ..\obj\stm32f4xx_rcc.o
 .text.RCC_RTCCLKCmd
                0x00000000        0xc ..\obj\stm32f4xx_rcc.o
 .text.RCC_BackupResetCmd
                0x00000000        0xc ..\obj\stm32f4xx_rcc.o
 .text.RCC_I2SCLKConfig
                0x00000000        0xc ..\obj\stm32f4xx_rcc.o
 .text.RCC_AHB2PeriphClockCmd
                0x00000000       0x24 ..\obj\stm32f4xx_rcc.o
 .text.RCC_AHB3PeriphClockCmd
                0x00000000       0x24 ..\obj\stm32f4xx_rcc.o
 .text.RCC_APB2PeriphClockCmd
                0x00000000       0x24 ..\obj\stm32f4xx_rcc.o
 .text.RCC_AHB1PeriphResetCmd
                0x00000000       0x24 ..\obj\stm32f4xx_rcc.o
 .text.RCC_AHB2PeriphResetCmd
                0x00000000       0x24 ..\obj\stm32f4xx_rcc.o
 .text.RCC_AHB3PeriphResetCmd
                0x00000000       0x24 ..\obj\stm32f4xx_rcc.o
 .text.RCC_APB1PeriphResetCmd
                0x00000000       0x24 ..\obj\stm32f4xx_rcc.o
 .text.RCC_APB2PeriphResetCmd
                0x00000000       0x24 ..\obj\stm32f4xx_rcc.o
 .text.RCC_AHB1PeriphClockLPModeCmd
                0x00000000       0x24 ..\obj\stm32f4xx_rcc.o
 .text.RCC_AHB2PeriphClockLPModeCmd
                0x00000000       0x24 ..\obj\stm32f4xx_rcc.o
 .text.RCC_AHB3PeriphClockLPModeCmd
                0x00000000       0x24 ..\obj\stm32f4xx_rcc.o
 .text.RCC_APB1PeriphClockLPModeCmd
                0x00000000       0x24 ..\obj\stm32f4xx_rcc.o
 .text.RCC_APB2PeriphClockLPModeCmd
                0x00000000       0x24 ..\obj\stm32f4xx_rcc.o
 .text.RCC_ITConfig
                0x00000000       0x24 ..\obj\stm32f4xx_rcc.o
 .text.RCC_GetFlagStatus
                0x00000000       0x34 ..\obj\stm32f4xx_rcc.o
 .text.RCC_WaitForHSEStartUp
                0x00000000       0x3c ..\obj\stm32f4xx_rcc.o
 .text.RCC_ClearFlag
                0x00000000       0x14 ..\obj\stm32f4xx_rcc.o
 .text.RCC_GetITStatus
                0x00000000       0x14 ..\obj\stm32f4xx_rcc.o
 .text.RCC_ClearITPendingBit
                0x00000000        0xc ..\obj\stm32f4xx_rcc.o
 .text          0x00000000        0x0 ..\obj\stm32f4xx_it.o
 .data          0x00000000        0x0 ..\obj\stm32f4xx_it.o
 .text          0x00000000        0x0 ..\obj\font.o
 .data          0x00000000      0x210 ..\obj\font.o
 .bss           0x00000000        0x0 ..\obj\font.o
 .text.font_getpath
                0x00000000       0x2c ..\obj\font.o
 .text.font_getchar
                0x00000000       0x2c ..\obj\font.o
 .text.font_getbitmap
                0x00000000       0x24 ..\obj\font.o
 .text.font_getbitmappixel
                0x00000000       0x1c ..\obj\font.o
 .rodata        0x00000000       0x2c ..\obj\font.o
 .text          0x00000000        0x0 ..\obj\stm32f4xx_adc.o
 .data          0x00000000        0x0 ..\obj\stm32f4xx_adc.o
 .bss           0x00000000        0x0 ..\obj\stm32f4xx_adc.o
 .text.ADC_DeInit
                0x00000000       0x1c ..\obj\stm32f4xx_adc.o
 .text.ADC_Init
                0x00000000       0x50 ..\obj\stm32f4xx_adc.o
 .text.ADC_StructInit
                0x00000000       0x18 ..\obj\stm32f4xx_adc.o
 .text.ADC_CommonInit
                0x00000000       0x2c ..\obj\stm32f4xx_adc.o
 .text.ADC_CommonStructInit
                0x00000000       0x10 ..\obj\stm32f4xx_adc.o
 .text.ADC_Cmd  0x00000000       0x18 ..\obj\stm32f4xx_adc.o
 .text.ADC_AnalogWatchdogCmd
                0x00000000       0x10 ..\obj\stm32f4xx_adc.o
 .text.ADC_AnalogWatchdogThresholdsConfig
                0x00000000        0x8 ..\obj\stm32f4xx_adc.o
 .text.ADC_AnalogWatchdogSingleChannelConfig
                0x00000000        0xc ..\obj\stm32f4xx_adc.o
 .text.ADC_TempSensorVrefintCmd
                0x00000000       0x28 ..\obj\stm32f4xx_adc.o
 .text.ADC_VBATCmd
                0x00000000       0x28 ..\obj\stm32f4xx_adc.o
 .text.ADC_RegularChannelConfig
                0x00000000       0xb4 ..\obj\stm32f4xx_adc.o
 .text.ADC_SoftwareStartConv
                0x00000000        0xc ..\obj\stm32f4xx_adc.o
 .text.ADC_GetSoftwareStartConvStatus
                0x00000000        0x8 ..\obj\stm32f4xx_adc.o
 .text.ADC_EOCOnEachRegularChannelCmd
                0x00000000       0x18 ..\obj\stm32f4xx_adc.o
 .text.ADC_ContinuousModeCmd
                0x00000000       0x18 ..\obj\stm32f4xx_adc.o
 .text.ADC_DiscModeChannelCountConfig
                0x00000000       0x14 ..\obj\stm32f4xx_adc.o
 .text.ADC_DiscModeCmd
                0x00000000       0x18 ..\obj\stm32f4xx_adc.o
 .text.ADC_GetConversionValue
                0x00000000        0x8 ..\obj\stm32f4xx_adc.o
 .text.ADC_GetMultiModeConversionValue
                0x00000000        0xc ..\obj\stm32f4xx_adc.o
 .text.ADC_DMACmd
                0x00000000       0x18 ..\obj\stm32f4xx_adc.o
 .text.ADC_DMARequestAfterLastTransferCmd
                0x00000000       0x18 ..\obj\stm32f4xx_adc.o
 .text.ADC_MultiModeDMARequestAfterLastTransferCmd
                0x00000000       0x28 ..\obj\stm32f4xx_adc.o
 .text.ADC_InjectedChannelConfig
                0x00000000       0x70 ..\obj\stm32f4xx_adc.o
 .text.ADC_InjectedSequencerLengthConfig
                0x00000000       0x14 ..\obj\stm32f4xx_adc.o
 .text.ADC_SetInjectedOffset
                0x00000000       0x18 ..\obj\stm32f4xx_adc.o
 .text.ADC_ExternalTrigInjectedConvConfig
                0x00000000        0xc ..\obj\stm32f4xx_adc.o
 .text.ADC_ExternalTrigInjectedConvEdgeConfig
                0x00000000        0xc ..\obj\stm32f4xx_adc.o
 .text.ADC_SoftwareStartInjectedConv
                0x00000000        0xc ..\obj\stm32f4xx_adc.o
 .text.ADC_GetSoftwareStartInjectedConvCmdStatus
                0x00000000        0x8 ..\obj\stm32f4xx_adc.o
 .text.ADC_AutoInjectedConvCmd
                0x00000000       0x18 ..\obj\stm32f4xx_adc.o
 .text.ADC_InjectedDiscModeCmd
                0x00000000       0x18 ..\obj\stm32f4xx_adc.o
 .text.ADC_GetInjectedConversionValue
                0x00000000       0x20 ..\obj\stm32f4xx_adc.o
 .text.ADC_ITConfig
                0x00000000       0x20 ..\obj\stm32f4xx_adc.o
 .text.ADC_GetFlagStatus
                0x00000000        0xc ..\obj\stm32f4xx_adc.o
 .text.ADC_ClearFlag
                0x00000000        0x8 ..\obj\stm32f4xx_adc.o
 .text.ADC_GetITStatus
                0x00000000       0x24 ..\obj\stm32f4xx_adc.o
 .text.ADC_ClearITPendingBit
                0x00000000        0x8 ..\obj\stm32f4xx_adc.o
 .text          0x00000000        0x0 ..\obj\printf.o
 .data          0x00000000      0x430 ..\obj\printf.o
 .bss           0x00000000        0x0 ..\obj\printf.o
 .text.PrintChar
                0x00000000        0x4 ..\obj\printf.o
 .text.PutChar  0x00000000        0x8 ..\obj\printf.o
 .text.PutString
                0x00000000       0x20 ..\obj\printf.o
 .text.PutUnsignedInt
                0x00000000       0x84 ..\obj\printf.o
 .text.PutSignedInt
                0x00000000       0xac ..\obj\printf.o
 .text.PutHexa  0x00000000       0x98 ..\obj\printf.o
 .text.vsnprintf
                0x00000000      0x174 ..\obj\printf.o
 .text.snprintf
                0x00000000       0x1c ..\obj\printf.o
 .text.vsprintf
                0x00000000       0x14 ..\obj\printf.o
 .text.sprintf  0x00000000       0x1c ..\obj\printf.o
 .text.fputc    0x00000000       0x1c ..\obj\printf.o
 .text.fputs    0x00000000       0x38 ..\obj\printf.o
 .text.puts     0x00000000       0x14 ..\obj\printf.o
 .text.vfprintf
                0x00000000       0x50 ..\obj\printf.o
 .text.fprintf  0x00000000       0x1c ..\obj\printf.o
 .text.vprintf  0x00000000       0x1c ..\obj\printf.o
 .text.printf   0x00000000       0x1c ..\obj\printf.o
 .rodata.str1.4
                0x00000000       0x24 ..\obj\printf.o
 .text          0x00000000        0x0 ..\obj\draw.o
 .data          0x00000000        0x0 ..\obj\draw.o
 .bss           0x00000000        0x0 ..\obj\draw.o
 .text.inrange  0x00000000       0x34 ..\obj\draw.o
 .text.tmpclrvoxel
                0x00000000       0x2c ..\obj\draw.o
 .text.clrvoxel
                0x00000000       0x2c ..\obj\draw.o
 .text.tmpsetvoxel
                0x00000000       0x2c ..\obj\draw.o
 .text.setvoxel
                0x00000000       0x2c ..\obj\draw.o
 .text.getvoxel
                0x00000000       0x2c ..\obj\draw.o
 .text.altervoxel
                0x00000000       0x14 ..\obj\draw.o
 .text.flpvoxel
                0x00000000       0x2c ..\obj\draw.o
 .text.argorder
                0x00000000       0x14 ..\obj\draw.o
 .text.setplane_z
                0x00000000       0x28 ..\obj\draw.o
 .text.clrplane_z
                0x00000000       0x28 ..\obj\draw.o
 .text.setplane_x
                0x00000000       0x44 ..\obj\draw.o
 .text.clrplane_x
                0x00000000       0x48 ..\obj\draw.o
 .text.setplane_y
                0x00000000       0x2c ..\obj\draw.o
 .text.clrplane_y
                0x00000000       0x2c ..\obj\draw.o
 .text.setplane
                0x00000000       0x28 ..\obj\draw.o
 .text.clrplane
                0x00000000       0x28 ..\obj\draw.o
 .text.tmpfill  0x00000000       0x2c ..\obj\draw.o
 .text.byteline
                0x00000000       0x18 ..\obj\draw.o
 .text.box_wireframe
                0x00000000       0xd8 ..\obj\draw.o
 .text.box_walls
                0x00000000       0xc4 ..\obj\draw.o
 .text.box_filled
                0x00000000       0x8c ..\obj\draw.o
 .text.flipbyte
                0x00000000       0x48 ..\obj\draw.o
 .text.line     0x00000000       0xd8 ..\obj\draw.o
 .text.tmp2cube
                0x00000000       0x1c ..\obj\draw.o
 .text.shift    0x00000000       0xf8 ..\obj\draw.o
 .text.mirror_y
                0x00000000       0x74 ..\obj\draw.o
 .text.mirror_x
                0x00000000       0x60 ..\obj\draw.o
 .text.mirror_z
                0x00000000       0x54 ..\obj\draw.o
 .text          0x00000000        0x0 ..\obj\stm32f4xx_fsmc.o
 .data          0x00000000        0x0 ..\obj\stm32f4xx_fsmc.o
 .bss           0x00000000        0x0 ..\obj\stm32f4xx_fsmc.o
 .text.FSMC_NORSRAMDeInit
                0x00000000       0x38 ..\obj\stm32f4xx_fsmc.o
 .text.FSMC_NORSRAMInit
                0x00000000       0xd4 ..\obj\stm32f4xx_fsmc.o
 .text.FSMC_NORSRAMStructInit
                0x00000000       0x70 ..\obj\stm32f4xx_fsmc.o
 .text.FSMC_NORSRAMCmd
                0x00000000       0x2c ..\obj\stm32f4xx_fsmc.o
 .text.FSMC_NANDDeInit
                0x00000000       0x24 ..\obj\stm32f4xx_fsmc.o
 .text.FSMC_NANDInit
                0x00000000       0x68 ..\obj\stm32f4xx_fsmc.o
 .text.FSMC_NANDStructInit
                0x00000000       0x3c ..\obj\stm32f4xx_fsmc.o
 .text.FSMC_NANDCmd
                0x00000000       0x34 ..\obj\stm32f4xx_fsmc.o
 .text.FSMC_NANDECCCmd
                0x00000000       0x34 ..\obj\stm32f4xx_fsmc.o
 .text.FSMC_GetECC
                0x00000000       0x1c ..\obj\stm32f4xx_fsmc.o
 .text.FSMC_PCCARDDeInit
                0x00000000       0x20 ..\obj\stm32f4xx_fsmc.o
 .text.FSMC_PCCARDInit
                0x00000000       0x70 ..\obj\stm32f4xx_fsmc.o
 .text.FSMC_PCCARDStructInit
                0x00000000       0x40 ..\obj\stm32f4xx_fsmc.o
 .text.FSMC_PCCARDCmd
                0x00000000       0x2c ..\obj\stm32f4xx_fsmc.o
 .text.FSMC_ITConfig
                0x00000000       0x5c ..\obj\stm32f4xx_fsmc.o
 .text.FSMC_GetFlagStatus
                0x00000000       0x2c ..\obj\stm32f4xx_fsmc.o
 .text.FSMC_ClearFlag
                0x00000000       0x30 ..\obj\stm32f4xx_fsmc.o
 .text.FSMC_GetITStatus
                0x00000000       0x38 ..\obj\stm32f4xx_fsmc.o
 .text.FSMC_ClearITPendingBit
                0x00000000       0x30 ..\obj\stm32f4xx_fsmc.o
 .text          0x00000000        0x0 ..\obj\stm32f4xx_gpio.o
 .data          0x00000000        0x0 ..\obj\stm32f4xx_gpio.o
 .bss           0x00000000        0x0 ..\obj\stm32f4xx_gpio.o
 .text.GPIO_DeInit
                0x00000000      0x158 ..\obj\stm32f4xx_gpio.o
 .text.GPIO_StructInit
                0x00000000       0x14 ..\obj\stm32f4xx_gpio.o
 .text.GPIO_PinLockConfig
                0x00000000       0x24 ..\obj\stm32f4xx_gpio.o
 .text.GPIO_ReadInputDataBit
                0x00000000        0xc ..\obj\stm32f4xx_gpio.o
 .text.GPIO_ReadInputData
                0x00000000        0x8 ..\obj\stm32f4xx_gpio.o
 .text.GPIO_ReadOutputDataBit
                0x00000000        0xc ..\obj\stm32f4xx_gpio.o
 .text.GPIO_WriteBit
                0x00000000        0xc ..\obj\stm32f4xx_gpio.o
 .text.GPIO_ToggleBits
                0x00000000        0x8 ..\obj\stm32f4xx_gpio.o
 .text          0x00000000        0x0 ..\obj\stm32f4xx_flash.o
 .data          0x00000000        0x0 ..\obj\stm32f4xx_flash.o
 .bss           0x00000000        0x0 ..\obj\stm32f4xx_flash.o
 .text.FLASH_SetLatency
                0x00000000       0x10 ..\obj\stm32f4xx_flash.o
 .text.FLASH_PrefetchBufferCmd
                0x00000000       0x28 ..\obj\stm32f4xx_flash.o
 .text.FLASH_InstructionCacheCmd
                0x00000000       0x28 ..\obj\stm32f4xx_flash.o
 .text.FLASH_DataCacheCmd
                0x00000000       0x28 ..\obj\stm32f4xx_flash.o
 .text.FLASH_InstructionCacheReset
                0x00000000       0x14 ..\obj\stm32f4xx_flash.o
 .text.FLASH_DataCacheReset
                0x00000000       0x14 ..\obj\stm32f4xx_flash.o
 .text.FLASH_Unlock
                0x00000000       0x2c ..\obj\stm32f4xx_flash.o
 .text.FLASH_Lock
                0x00000000       0x14 ..\obj\stm32f4xx_flash.o
 .text.FLASH_OB_Unlock
                0x00000000       0x30 ..\obj\stm32f4xx_flash.o
 .text.FLASH_OB_Lock
                0x00000000       0x14 ..\obj\stm32f4xx_flash.o
 .text.FLASH_OB_BORConfig
                0x00000000       0x18 ..\obj\stm32f4xx_flash.o
 .text.FLASH_OB_GetUser
                0x00000000       0x10 ..\obj\stm32f4xx_flash.o
 .text.FLASH_OB_GetWRP
                0x00000000       0x10 ..\obj\stm32f4xx_flash.o
 .text.FLASH_OB_GetRDP
                0x00000000       0x14 ..\obj\stm32f4xx_flash.o
 .text.FLASH_OB_GetBOR
                0x00000000       0x10 ..\obj\stm32f4xx_flash.o
 .text.FLASH_ITConfig
                0x00000000       0x24 ..\obj\stm32f4xx_flash.o
 .text.FLASH_GetFlagStatus
                0x00000000       0x14 ..\obj\stm32f4xx_flash.o
 .text.FLASH_ClearFlag
                0x00000000        0xc ..\obj\stm32f4xx_flash.o
 .text.FLASH_GetStatus
                0x00000000       0x5c ..\obj\stm32f4xx_flash.o
 .text.FLASH_WaitForLastOperation
                0x00000000       0x34 ..\obj\stm32f4xx_flash.o
 .text.FLASH_OB_Launch
                0x00000000       0x18 ..\obj\stm32f4xx_flash.o
 .text.FLASH_OB_UserConfig
                0x00000000       0x28 ..\obj\stm32f4xx_flash.o
 .text.FLASH_OB_RDPConfig
                0x00000000       0x18 ..\obj\stm32f4xx_flash.o
 .text.FLASH_OB_WRPConfig
                0x00000000       0x38 ..\obj\stm32f4xx_flash.o
 .text.FLASH_ProgramByte
                0x00000000       0x3c ..\obj\stm32f4xx_flash.o
 .text.FLASH_ProgramHalfWord
                0x00000000       0x40 ..\obj\stm32f4xx_flash.o
 .text.FLASH_ProgramWord
                0x00000000       0x40 ..\obj\stm32f4xx_flash.o
 .text.FLASH_ProgramDoubleWord
                0x00000000       0x44 ..\obj\stm32f4xx_flash.o
 .text.FLASH_EraseAllSectors
                0x00000000       0x60 ..\obj\stm32f4xx_flash.o
 .text.FLASH_EraseSector
                0x00000000       0x74 ..\obj\stm32f4xx_flash.o
 .text          0x00000000        0x0 ..\obj\gameoflife.o
 .data          0x00000000        0x0 ..\obj\gameoflife.o
 .bss           0x00000000        0x0 ..\obj\gameoflife.o
 .text.gol_count_neighbors
                0x00000000       0xb0 ..\obj\gameoflife.o
 .text.gol_nextgen
                0x00000000       0x90 ..\obj\gameoflife.o
 .text.gol_count_changes
                0x00000000       0x44 ..\obj\gameoflife.o
 .text.gol_play
                0x00000000       0x2c ..\obj\gameoflife.o
 .text          0x00000000        0x0 ..\obj\system_stm32f4xx.o
 .bss           0x00000000        0x0 ..\obj\system_stm32f4xx.o
 .text.SystemCoreClockUpdate
                0x00000000       0xdc ..\obj\system_stm32f4xx.o
 .text          0x00000000        0x0 ..\obj\syscalls.o
 .data          0x00000000        0x0 ..\obj\syscalls.o
 .bss           0x00000000        0x4 ..\obj\syscalls.o
 .text._sbrk    0x00000000       0x30 ..\obj\syscalls.o
 .text.link     0x00000000        0x8 ..\obj\syscalls.o
 .text._close   0x00000000        0x8 ..\obj\syscalls.o
 .text._fstat   0x00000000        0xc ..\obj\syscalls.o
 .text._isatty  0x00000000        0x8 ..\obj\syscalls.o
 .text._lseek   0x00000000        0x8 ..\obj\syscalls.o
 .text._read    0x00000000        0x8 ..\obj\syscalls.o
 .text._write   0x00000000        0x4 ..\obj\syscalls.o
 .text.abort    0x00000000        0x4 ..\obj\syscalls.o
 .text          0x00000000        0x0 ..\obj\launch_effect.o
 .data          0x00000000        0x0 ..\obj\launch_effect.o
 .bss           0x00000000        0x0 ..\obj\launch_effect.o
 .text.launch_effect
                0x00000000      0x494 ..\obj\launch_effect.o
 .rodata.str1.4
                0x00000000       0x1c ..\obj\launch_effect.o
 .text          0x00000000        0x0 ..\obj\misc.o
 .data          0x00000000        0x0 ..\obj\misc.o
 .bss           0x00000000        0x0 ..\obj\misc.o
 .text.NVIC_PriorityGroupConfig
                0x00000000       0x14 ..\obj\misc.o
 .text.NVIC_SetVectorTable
                0x00000000       0x18 ..\obj\misc.o
 .text.NVIC_SystemLPConfig
                0x00000000       0x24 ..\obj\misc.o
 .text.SysTick_CLKSourceConfig
                0x00000000       0x1c ..\obj\misc.o
 .text          0x00000000        0x0 ..\obj\stm32f4xx_tim.o
 .data          0x00000000        0x0 ..\obj\stm32f4xx_tim.o
 .bss           0x00000000        0x0 ..\obj\stm32f4xx_tim.o
 .text.TI1_Config
                0x00000000       0x44 ..\obj\stm32f4xx_tim.o
 .text.TI2_Config
                0x00000000       0x4c ..\obj\stm32f4xx_tim.o
 .text.TIM_DeInit
                0x00000000      0x20c ..\obj\stm32f4xx_tim.o
 .text.TIM_TimeBaseStructInit
                0x00000000       0x14 ..\obj\stm32f4xx_tim.o
 .text.TIM_PrescalerConfig
                0x00000000        0x8 ..\obj\stm32f4xx_tim.o
 .text.TIM_CounterModeConfig
                0x00000000       0x14 ..\obj\stm32f4xx_tim.o
 .text.TIM_SetCounter
                0x00000000        0x4 ..\obj\stm32f4xx_tim.o
 .text.TIM_SetAutoreload
                0x00000000        0x4 ..\obj\stm32f4xx_tim.o
 .text.TIM_GetCounter
                0x00000000        0x4 ..\obj\stm32f4xx_tim.o
 .text.TIM_GetPrescaler
                0x00000000        0x8 ..\obj\stm32f4xx_tim.o
 .text.TIM_UpdateDisableConfig
                0x00000000       0x20 ..\obj\stm32f4xx_tim.o
 .text.TIM_UpdateRequestConfig
                0x00000000       0x20 ..\obj\stm32f4xx_tim.o
 .text.TIM_SelectOnePulseMode
                0x00000000       0x1c ..\obj\stm32f4xx_tim.o
 .text.TIM_SetClockDivision
                0x00000000       0x1c ..\obj\stm32f4xx_tim.o
 .text.TIM_OC2Init
                0x00000000       0x9c ..\obj\stm32f4xx_tim.o
 .text.TIM_OC4Init
                0x00000000       0x7c ..\obj\stm32f4xx_tim.o
 .text.TIM_OCStructInit
                0x00000000       0x18 ..\obj\stm32f4xx_tim.o
 .text.TIM_SelectOCxM
                0x00000000       0x58 ..\obj\stm32f4xx_tim.o
 .text.TIM_SetCompare1
                0x00000000        0x4 ..\obj\stm32f4xx_tim.o
 .text.TIM_SetCompare2
                0x00000000        0x4 ..\obj\stm32f4xx_tim.o
 .text.TIM_SetCompare3
                0x00000000        0x4 ..\obj\stm32f4xx_tim.o
 .text.TIM_SetCompare4
                0x00000000        0x4 ..\obj\stm32f4xx_tim.o
 .text.TIM_ForcedOC1Config
                0x00000000       0x14 ..\obj\stm32f4xx_tim.o
 .text.TIM_ForcedOC2Config
                0x00000000       0x18 ..\obj\stm32f4xx_tim.o
 .text.TIM_ForcedOC3Config
                0x00000000       0x14 ..\obj\stm32f4xx_tim.o
 .text.TIM_ForcedOC4Config
                0x00000000       0x18 ..\obj\stm32f4xx_tim.o
 .text.TIM_OC2PreloadConfig
                0x00000000       0x18 ..\obj\stm32f4xx_tim.o
 .text.TIM_OC4PreloadConfig
                0x00000000       0x18 ..\obj\stm32f4xx_tim.o
 .text.TIM_OC1FastConfig
                0x00000000       0x14 ..\obj\stm32f4xx_tim.o
 .text.TIM_OC2FastConfig
                0x00000000       0x18 ..\obj\stm32f4xx_tim.o
 .text.TIM_OC3FastConfig
                0x00000000       0x14 ..\obj\stm32f4xx_tim.o
 .text.TIM_OC4FastConfig
                0x00000000       0x18 ..\obj\stm32f4xx_tim.o
 .text.TIM_ClearOC1Ref
                0x00000000       0x14 ..\obj\stm32f4xx_tim.o
 .text.TIM_ClearOC2Ref
                0x00000000       0x14 ..\obj\stm32f4xx_tim.o
 .text.TIM_ClearOC3Ref
                0x00000000       0x14 ..\obj\stm32f4xx_tim.o
 .text.TIM_ClearOC4Ref
                0x00000000       0x14 ..\obj\stm32f4xx_tim.o
 .text.TIM_OC1PolarityConfig
                0x00000000       0x14 ..\obj\stm32f4xx_tim.o
 .text.TIM_OC1NPolarityConfig
                0x00000000       0x14 ..\obj\stm32f4xx_tim.o
 .text.TIM_OC2PolarityConfig
                0x00000000       0x18 ..\obj\stm32f4xx_tim.o
 .text.TIM_OC2NPolarityConfig
                0x00000000       0x18 ..\obj\stm32f4xx_tim.o
 .text.TIM_OC3PolarityConfig
                0x00000000       0x18 ..\obj\stm32f4xx_tim.o
 .text.TIM_OC3NPolarityConfig
                0x00000000       0x18 ..\obj\stm32f4xx_tim.o
 .text.TIM_OC4PolarityConfig
                0x00000000       0x18 ..\obj\stm32f4xx_tim.o
 .text.TIM_CCxCmd
                0x00000000       0x24 ..\obj\stm32f4xx_tim.o
 .text.TIM_CCxNCmd
                0x00000000       0x24 ..\obj\stm32f4xx_tim.o
 .text.TIM_ICStructInit
                0x00000000       0x14 ..\obj\stm32f4xx_tim.o
 .text.TIM_GetCapture1
                0x00000000        0x4 ..\obj\stm32f4xx_tim.o
 .text.TIM_GetCapture2
                0x00000000        0x4 ..\obj\stm32f4xx_tim.o
 .text.TIM_GetCapture3
                0x00000000        0x4 ..\obj\stm32f4xx_tim.o
 .text.TIM_GetCapture4
                0x00000000        0x4 ..\obj\stm32f4xx_tim.o
 .text.TIM_SetIC1Prescaler
                0x00000000       0x1c ..\obj\stm32f4xx_tim.o
 .text.TIM_SetIC2Prescaler
                0x00000000       0x20 ..\obj\stm32f4xx_tim.o
 .text.TIM_PWMIConfig
                0x00000000       0x68 ..\obj\stm32f4xx_tim.o
 .text.TIM_SetIC3Prescaler
                0x00000000       0x1c ..\obj\stm32f4xx_tim.o
 .text.TIM_SetIC4Prescaler
                0x00000000       0x20 ..\obj\stm32f4xx_tim.o
 .text.TIM_ICInit
                0x00000000       0xe0 ..\obj\stm32f4xx_tim.o
 .text.TIM_BDTRConfig
                0x00000000       0x24 ..\obj\stm32f4xx_tim.o
 .text.TIM_BDTRStructInit
                0x00000000       0x14 ..\obj\stm32f4xx_tim.o
 .text.TIM_CtrlPWMOutputs
                0x00000000       0x28 ..\obj\stm32f4xx_tim.o
 .text.TIM_SelectCOM
                0x00000000       0x20 ..\obj\stm32f4xx_tim.o
 .text.TIM_CCPreloadControl
                0x00000000       0x20 ..\obj\stm32f4xx_tim.o
 .text.TIM_GenerateEvent
                0x00000000        0x4 ..\obj\stm32f4xx_tim.o
 .text.TIM_GetFlagStatus
                0x00000000        0xc ..\obj\stm32f4xx_tim.o
 .text.TIM_ClearFlag
                0x00000000        0xc ..\obj\stm32f4xx_tim.o
 .text.TIM_DMAConfig
                0x00000000        0x8 ..\obj\stm32f4xx_tim.o
 .text.TIM_DMACmd
                0x00000000       0x18 ..\obj\stm32f4xx_tim.o
 .text.TIM_SelectCCDMA
                0x00000000       0x20 ..\obj\stm32f4xx_tim.o
 .text.TIM_InternalClockConfig
                0x00000000       0x14 ..\obj\stm32f4xx_tim.o
 .text.TIM_SelectInputTrigger
                0x00000000       0x14 ..\obj\stm32f4xx_tim.o
 .text.TIM_TIxExternalClockConfig
                0x00000000       0x34 ..\obj\stm32f4xx_tim.o
 .text.TIM_ITRxExternalClockConfig
                0x00000000       0x14 ..\obj\stm32f4xx_tim.o
 .text.TIM_SelectOutputTrigger
                0x00000000       0x1c ..\obj\stm32f4xx_tim.o
 .text.TIM_SelectSlaveMode
                0x00000000       0x1c ..\obj\stm32f4xx_tim.o
 .text.TIM_SelectMasterSlaveMode
                0x00000000       0x1c ..\obj\stm32f4xx_tim.o
 .text.TIM_ETRConfig
                0x00000000       0x18 ..\obj\stm32f4xx_tim.o
 .text.TIM_ETRClockMode2Config
                0x00000000       0x14 ..\obj\stm32f4xx_tim.o
 .text.TIM_ETRClockMode1Config
                0x00000000       0x20 ..\obj\stm32f4xx_tim.o
 .text.TIM_EncoderInterfaceConfig
                0x00000000       0x4c ..\obj\stm32f4xx_tim.o
 .text.TIM_SelectHallSensor
                0x00000000       0x20 ..\obj\stm32f4xx_tim.o
 .text.TIM_RemapConfig
                0x00000000        0x8 ..\obj\stm32f4xx_tim.o
 .text          0x00000000        0x0 ..\..\..\..\..\..\..\..\Program Files (x86)\GNU Tools ARM Embedded\4.6 2012q2\arm-none-eabi\lib\armv7e-m\fpu\libm.a(lib_a-s_cos.o)
 .data          0x00000000        0x0 ..\..\..\..\..\..\..\..\Program Files (x86)\GNU Tools ARM Embedded\4.6 2012q2\arm-none-eabi\lib\armv7e-m\fpu\libm.a(lib_a-s_cos.o)
 .bss           0x00000000        0x0 ..\..\..\..\..\..\..\..\Program Files (x86)\GNU Tools ARM Embedded\4.6 2012q2\arm-none-eabi\lib\armv7e-m\fpu\libm.a(lib_a-s_cos.o)
 .text.cos      0x00000000       0xb0 ..\..\..\..\..\..\..\..\Program Files (x86)\GNU Tools ARM Embedded\4.6 2012q2\arm-none-eabi\lib\armv7e-m\fpu\libm.a(lib_a-s_cos.o)
 .text          0x00000000        0x0 ..\..\..\..\..\..\..\..\Program Files (x86)\GNU Tools ARM Embedded\4.6 2012q2\arm-none-eabi\lib\armv7e-m\fpu\libm.a(lib_a-s_sin.o)
 .data          0x00000000        0x0 ..\..\..\..\..\..\..\..\Program Files (x86)\GNU Tools ARM Embedded\4.6 2012q2\arm-none-eabi\lib\armv7e-m\fpu\libm.a(lib_a-s_sin.o)
 .bss           0x00000000        0x0 ..\..\..\..\..\..\..\..\Program Files (x86)\GNU Tools ARM Embedded\4.6 2012q2\arm-none-eabi\lib\armv7e-m\fpu\libm.a(lib_a-s_sin.o)
 .text.sin      0x00000000       0xb8 ..\..\..\..\..\..\..\..\Program Files (x86)\GNU Tools ARM Embedded\4.6 2012q2\arm-none-eabi\lib\armv7e-m\fpu\libm.a(lib_a-s_sin.o)
 .text          0x00000000        0x0 ..\..\..\..\..\..\..\..\Program Files (x86)\GNU Tools ARM Embedded\4.6 2012q2\arm-none-eabi\lib\armv7e-m\fpu\libm.a(lib_a-e_rem_pio2.o)
 .data          0x00000000        0x0 ..\..\..\..\..\..\..\..\Program Files (x86)\GNU Tools ARM Embedded\4.6 2012q2\arm-none-eabi\lib\armv7e-m\fpu\libm.a(lib_a-e_rem_pio2.o)
 .bss           0x00000000        0x0 ..\..\..\..\..\..\..\..\Program Files (x86)\GNU Tools ARM Embedded\4.6 2012q2\arm-none-eabi\lib\armv7e-m\fpu\libm.a(lib_a-e_rem_pio2.o)
 .text.__ieee754_rem_pio2
                0x00000000      0x478 ..\..\..\..\..\..\..\..\Program Files (x86)\GNU Tools ARM Embedded\4.6 2012q2\arm-none-eabi\lib\armv7e-m\fpu\libm.a(lib_a-e_rem_pio2.o)
 .rodata.npio2_hw
                0x00000000       0x80 ..\..\..\..\..\..\..\..\Program Files (x86)\GNU Tools ARM Embedded\4.6 2012q2\arm-none-eabi\lib\armv7e-m\fpu\libm.a(lib_a-e_rem_pio2.o)
 .rodata.two_over_pi
                0x00000000      0x108 ..\..\..\..\..\..\..\..\Program Files (x86)\GNU Tools ARM Embedded\4.6 2012q2\arm-none-eabi\lib\armv7e-m\fpu\libm.a(lib_a-e_rem_pio2.o)
 .text          0x00000000        0x0 ..\..\..\..\..\..\..\..\Program Files (x86)\GNU Tools ARM Embedded\4.6 2012q2\arm-none-eabi\lib\armv7e-m\fpu\libm.a(lib_a-k_cos.o)
 .data          0x00000000        0x0 ..\..\..\..\..\..\..\..\Program Files (x86)\GNU Tools ARM Embedded\4.6 2012q2\arm-none-eabi\lib\armv7e-m\fpu\libm.a(lib_a-k_cos.o)
 .bss           0x00000000        0x0 ..\..\..\..\..\..\..\..\Program Files (x86)\GNU Tools ARM Embedded\4.6 2012q2\arm-none-eabi\lib\armv7e-m\fpu\libm.a(lib_a-k_cos.o)
 .text.__kernel_cos
                0x00000000      0x270 ..\..\..\..\..\..\..\..\Program Files (x86)\GNU Tools ARM Embedded\4.6 2012q2\arm-none-eabi\lib\armv7e-m\fpu\libm.a(lib_a-k_cos.o)
 .text          0x00000000        0x0 ..\..\..\..\..\..\..\..\Program Files (x86)\GNU Tools ARM Embedded\4.6 2012q2\arm-none-eabi\lib\armv7e-m\fpu\libm.a(lib_a-k_rem_pio2.o)
 .data          0x00000000        0x0 ..\..\..\..\..\..\..\..\Program Files (x86)\GNU Tools ARM Embedded\4.6 2012q2\arm-none-eabi\lib\armv7e-m\fpu\libm.a(lib_a-k_rem_pio2.o)
 .bss           0x00000000        0x0 ..\..\..\..\..\..\..\..\Program Files (x86)\GNU Tools ARM Embedded\4.6 2012q2\arm-none-eabi\lib\armv7e-m\fpu\libm.a(lib_a-k_rem_pio2.o)
 .text.__kernel_rem_pio2
                0x00000000      0x808 ..\..\..\..\..\..\..\..\Program Files (x86)\GNU Tools ARM Embedded\4.6 2012q2\arm-none-eabi\lib\armv7e-m\fpu\libm.a(lib_a-k_rem_pio2.o)
 .rodata.init_jk
                0x00000000       0x10 ..\..\..\..\..\..\..\..\Program Files (x86)\GNU Tools ARM Embedded\4.6 2012q2\arm-none-eabi\lib\armv7e-m\fpu\libm.a(lib_a-k_rem_pio2.o)
 .rodata.PIo2   0x00000000       0x40 ..\..\..\..\..\..\..\..\Program Files (x86)\GNU Tools ARM Embedded\4.6 2012q2\arm-none-eabi\lib\armv7e-m\fpu\libm.a(lib_a-k_rem_pio2.o)
 .text          0x00000000        0x0 ..\..\..\..\..\..\..\..\Program Files (x86)\GNU Tools ARM Embedded\4.6 2012q2\arm-none-eabi\lib\armv7e-m\fpu\libm.a(lib_a-k_sin.o)
 .data          0x00000000        0x0 ..\..\..\..\..\..\..\..\Program Files (x86)\GNU Tools ARM Embedded\4.6 2012q2\arm-none-eabi\lib\armv7e-m\fpu\libm.a(lib_a-k_sin.o)
 .bss           0x00000000        0x0 ..\..\..\..\..\..\..\..\Program Files (x86)\GNU Tools ARM Embedded\4.6 2012q2\arm-none-eabi\lib\armv7e-m\fpu\libm.a(lib_a-k_sin.o)
 .text.__kernel_sin
                0x00000000      0x178 ..\..\..\..\..\..\..\..\Program Files (x86)\GNU Tools ARM Embedded\4.6 2012q2\arm-none-eabi\lib\armv7e-m\fpu\libm.a(lib_a-k_sin.o)
 .text          0x00000000        0x0 ..\..\..\..\..\..\..\..\Program Files (x86)\GNU Tools ARM Embedded\4.6 2012q2\arm-none-eabi\lib\armv7e-m\fpu\libm.a(lib_a-s_fabs.o)
 .data          0x00000000        0x0 ..\..\..\..\..\..\..\..\Program Files (x86)\GNU Tools ARM Embedded\4.6 2012q2\arm-none-eabi\lib\armv7e-m\fpu\libm.a(lib_a-s_fabs.o)
 .bss           0x00000000        0x0 ..\..\..\..\..\..\..\..\Program Files (x86)\GNU Tools ARM Embedded\4.6 2012q2\arm-none-eabi\lib\armv7e-m\fpu\libm.a(lib_a-s_fabs.o)
 .text.fabs     0x00000000       0x14 ..\..\..\..\..\..\..\..\Program Files (x86)\GNU Tools ARM Embedded\4.6 2012q2\arm-none-eabi\lib\armv7e-m\fpu\libm.a(lib_a-s_fabs.o)
 .text          0x00000000        0x0 ..\..\..\..\..\..\..\..\Program Files (x86)\GNU Tools ARM Embedded\4.6 2012q2\arm-none-eabi\lib\armv7e-m\fpu\libm.a(lib_a-s_floor.o)
 .data          0x00000000        0x0 ..\..\..\..\..\..\..\..\Program Files (x86)\GNU Tools ARM Embedded\4.6 2012q2\arm-none-eabi\lib\armv7e-m\fpu\libm.a(lib_a-s_floor.o)
 .bss           0x00000000        0x0 ..\..\..\..\..\..\..\..\Program Files (x86)\GNU Tools ARM Embedded\4.6 2012q2\arm-none-eabi\lib\armv7e-m\fpu\libm.a(lib_a-s_floor.o)
 .text.floor    0x00000000      0x150 ..\..\..\..\..\..\..\..\Program Files (x86)\GNU Tools ARM Embedded\4.6 2012q2\arm-none-eabi\lib\armv7e-m\fpu\libm.a(lib_a-s_floor.o)
 .text          0x00000000        0x0 ..\..\..\..\..\..\..\..\Program Files (x86)\GNU Tools ARM Embedded\4.6 2012q2\arm-none-eabi\lib\armv7e-m\fpu\libm.a(lib_a-s_scalbn.o)
 .data          0x00000000        0x0 ..\..\..\..\..\..\..\..\Program Files (x86)\GNU Tools ARM Embedded\4.6 2012q2\arm-none-eabi\lib\armv7e-m\fpu\libm.a(lib_a-s_scalbn.o)
 .bss           0x00000000        0x0 ..\..\..\..\..\..\..\..\Program Files (x86)\GNU Tools ARM Embedded\4.6 2012q2\arm-none-eabi\lib\armv7e-m\fpu\libm.a(lib_a-s_scalbn.o)
 .text.scalbn   0x00000000      0x120 ..\..\..\..\..\..\..\..\Program Files (x86)\GNU Tools ARM Embedded\4.6 2012q2\arm-none-eabi\lib\armv7e-m\fpu\libm.a(lib_a-s_scalbn.o)
 .text          0x00000000        0x0 ..\..\..\..\..\..\..\..\Program Files (x86)\GNU Tools ARM Embedded\4.6 2012q2\arm-none-eabi\lib\armv7e-m\fpu\libm.a(lib_a-s_copysign.o)
 .data          0x00000000        0x0 ..\..\..\..\..\..\..\..\Program Files (x86)\GNU Tools ARM Embedded\4.6 2012q2\arm-none-eabi\lib\armv7e-m\fpu\libm.a(lib_a-s_copysign.o)
 .bss           0x00000000        0x0 ..\..\..\..\..\..\..\..\Program Files (x86)\GNU Tools ARM Embedded\4.6 2012q2\arm-none-eabi\lib\armv7e-m\fpu\libm.a(lib_a-s_copysign.o)
 .text.copysign
                0x00000000       0x24 ..\..\..\..\..\..\..\..\Program Files (x86)\GNU Tools ARM Embedded\4.6 2012q2\arm-none-eabi\lib\armv7e-m\fpu\libm.a(lib_a-s_copysign.o)
 .text          0x00000000      0x370 c:/program files (x86)/gnu tools arm embedded/4.6 2012q2/bin/../lib/gcc/arm-none-eabi/4.6.2/armv7e-m\libgcc.a(_arm_addsubdf3.o)
 .data          0x00000000        0x0 c:/program files (x86)/gnu tools arm embedded/4.6 2012q2/bin/../lib/gcc/arm-none-eabi/4.6.2/armv7e-m\libgcc.a(_arm_addsubdf3.o)
 .bss           0x00000000        0x0 c:/program files (x86)/gnu tools arm embedded/4.6 2012q2/bin/../lib/gcc/arm-none-eabi/4.6.2/armv7e-m\libgcc.a(_arm_addsubdf3.o)
 .text          0x00000000      0x424 c:/program files (x86)/gnu tools arm embedded/4.6 2012q2/bin/../lib/gcc/arm-none-eabi/4.6.2/armv7e-m\libgcc.a(_arm_muldivdf3.o)
 .data          0x00000000        0x0 c:/program files (x86)/gnu tools arm embedded/4.6 2012q2/bin/../lib/gcc/arm-none-eabi/4.6.2/armv7e-m\libgcc.a(_arm_muldivdf3.o)
 .bss           0x00000000        0x0 c:/program files (x86)/gnu tools arm embedded/4.6 2012q2/bin/../lib/gcc/arm-none-eabi/4.6.2/armv7e-m\libgcc.a(_arm_muldivdf3.o)
 .text          0x00000000      0x110 c:/program files (x86)/gnu tools arm embedded/4.6 2012q2/bin/../lib/gcc/arm-none-eabi/4.6.2/armv7e-m\libgcc.a(_arm_cmpdf2.o)
 .data          0x00000000        0x0 c:/program files (x86)/gnu tools arm embedded/4.6 2012q2/bin/../lib/gcc/arm-none-eabi/4.6.2/armv7e-m\libgcc.a(_arm_cmpdf2.o)
 .bss           0x00000000        0x0 c:/program files (x86)/gnu tools arm embedded/4.6 2012q2/bin/../lib/gcc/arm-none-eabi/4.6.2/armv7e-m\libgcc.a(_arm_cmpdf2.o)
 .text          0x00000000       0x50 c:/program files (x86)/gnu tools arm embedded/4.6 2012q2/bin/../lib/gcc/arm-none-eabi/4.6.2/armv7e-m\libgcc.a(_arm_fixdfsi.o)
 .data          0x00000000        0x0 c:/program files (x86)/gnu tools arm embedded/4.6 2012q2/bin/../lib/gcc/arm-none-eabi/4.6.2/armv7e-m\libgcc.a(_arm_fixdfsi.o)
 .bss           0x00000000        0x0 c:/program files (x86)/gnu tools arm embedded/4.6 2012q2/bin/../lib/gcc/arm-none-eabi/4.6.2/armv7e-m\libgcc.a(_arm_fixdfsi.o)
 .text          0x00000000        0x0 ..\..\..\..\..\..\..\..\Program Files (x86)\GNU Tools ARM Embedded\4.6 2012q2\arm-none-eabi\lib\armv7e-m\fpu\libg.a(lib_a-memcpy.o)
 .data          0x00000000        0x0 ..\..\..\..\..\..\..\..\Program Files (x86)\GNU Tools ARM Embedded\4.6 2012q2\arm-none-eabi\lib\armv7e-m\fpu\libg.a(lib_a-memcpy.o)
 .bss           0x00000000        0x0 ..\..\..\..\..\..\..\..\Program Files (x86)\GNU Tools ARM Embedded\4.6 2012q2\arm-none-eabi\lib\armv7e-m\fpu\libg.a(lib_a-memcpy.o)
 .text.memcpy   0x00000000       0x84 ..\..\..\..\..\..\..\..\Program Files (x86)\GNU Tools ARM Embedded\4.6 2012q2\arm-none-eabi\lib\armv7e-m\fpu\libg.a(lib_a-memcpy.o)
 .text          0x00000000        0x0 ..\..\..\..\..\..\..\..\Program Files (x86)\GNU Tools ARM Embedded\4.6 2012q2\arm-none-eabi\lib\armv7e-m\fpu\libg.a(lib_a-rand.o)
 .data          0x00000000        0x0 ..\..\..\..\..\..\..\..\Program Files (x86)\GNU Tools ARM Embedded\4.6 2012q2\arm-none-eabi\lib\armv7e-m\fpu\libg.a(lib_a-rand.o)
 .bss           0x00000000        0x0 ..\..\..\..\..\..\..\..\Program Files (x86)\GNU Tools ARM Embedded\4.6 2012q2\arm-none-eabi\lib\armv7e-m\fpu\libg.a(lib_a-rand.o)
 .text.srand    0x00000000       0x18 ..\..\..\..\..\..\..\..\Program Files (x86)\GNU Tools ARM Embedded\4.6 2012q2\arm-none-eabi\lib\armv7e-m\fpu\libg.a(lib_a-rand.o)
 .text.rand     0x00000000       0x48 ..\..\..\..\..\..\..\..\Program Files (x86)\GNU Tools ARM Embedded\4.6 2012q2\arm-none-eabi\lib\armv7e-m\fpu\libg.a(lib_a-rand.o)

Memory Configuration

Name             Origin             Length             Attributes
rom              0x08000000         0x00100000         xr
ram              0x20000000         0x00020000         xrw
ram1             0x10000000         0x00010000         xrw
*default*        0x00000000         0xffffffff

Linker script and memory map

LOAD c:/program files (x86)/gnu tools arm embedded/4.6 2012q2/bin/../lib/gcc/arm-none-eabi/4.6.2/armv7e-m\libgcc.a
LOAD ..\..\..\..\..\..\..\..\Program Files (x86)\GNU Tools ARM Embedded\4.6 2012q2\arm-none-eabi\lib\armv7e-m\fpu\libc.a
LOAD ..\..\..\..\..\..\..\..\Program Files (x86)\GNU Tools ARM Embedded\4.6 2012q2\arm-none-eabi\lib\armv7e-m\fpu\libm.a
                0x20020000                _eram = 0x20020000

.text           0x08000000      0xcc8
 *(.isr_vector .isr_vector.*)
 .isr_vector    0x08000000      0x188 ..\obj\startup_stm32f4xx.o
                0x08000000                g_pfnVectors
 *(.text .text.* .gnu.linkonce.t.*)
 .text.Default_Reset_Handler
                0x08000188       0x6c ..\obj\startup_stm32f4xx.o
                0x08000188                Default_Reset_Handler
                0x08000188                Reset_Handler
 .text.Default_Handler
                0x080001f4        0x4 ..\obj\startup_stm32f4xx.o
                0x080001f4                RTC_Alarm_IRQHandler
                0x080001f4                HASH_RNG_IRQHandler
                0x080001f4                EXTI2_IRQHandler
                0x080001f4                TIM8_CC_IRQHandler
                0x080001f4                TIM1_CC_IRQHandler
                0x080001f4                DMA2_Stream5_IRQHandler
                0x080001f4                HardFault_Handler
                0x080001f4                DMA1_Stream5_IRQHandler
                0x080001f4                PVD_IRQHandler
                0x080001f4                SDIO_IRQHandler
                0x080001f4                TAMP_STAMP_IRQHandler
                0x080001f4                CAN2_RX1_IRQHandler
                0x080001f4                EXTI3_IRQHandler
                0x080001f4                TIM8_TRG_COM_TIM14_IRQHandler
                0x080001f4                TIM1_UP_TIM10_IRQHandler
                0x080001f4                TIM8_UP_TIM13_IRQHandler
                0x080001f4                I2C3_ER_IRQHandler
                0x080001f4                EXTI0_IRQHandler
                0x080001f4                I2C2_EV_IRQHandler
                0x080001f4                DMA1_Stream2_IRQHandler
                0x080001f4                CAN1_RX0_IRQHandler
                0x080001f4                FPU_IRQHandler
                0x080001f4                OTG_HS_WKUP_IRQHandler
                0x080001f4                CAN2_SCE_IRQHandler
                0x080001f4                DMA2_Stream2_IRQHandler
                0x080001f4                SPI1_IRQHandler
                0x080001f4                TIM6_DAC_IRQHandler
                0x080001f4                TIM1_BRK_TIM9_IRQHandler
                0x080001f4                DCMI_IRQHandler
                0x080001f4                CAN2_RX0_IRQHandler
                0x080001f4                DMA2_Stream3_IRQHandler
                0x080001f4                USART6_IRQHandler
                0x080001f4                USART3_IRQHandler
                0x080001f4                CRYP_IRQHandler
                0x080001f4                CAN1_RX1_IRQHandler
                0x080001f4                UART5_IRQHandler
                0x080001f4                DMA2_Stream0_IRQHandler
                0x080001f4                TIM4_IRQHandler
                0x080001f4                I2C1_EV_IRQHandler
                0x080001f4                DMA1_Stream6_IRQHandler
                0x080001f4                DMA1_Stream1_IRQHandler
                0x080001f4                UART4_IRQHandler
                0x080001f4                TIM3_IRQHandler
                0x080001f4                RCC_IRQHandler
                0x080001f4                TIM8_BRK_TIM12_IRQHandler
                0x080001f4                EXTI15_10_IRQHandler
                0x080001f4                ADC_IRQHandler
                0x080001f4                DMA1_Stream7_IRQHandler
                0x080001f4                TIM7_IRQHandler
                0x080001f4                CAN2_TX_IRQHandler
                0x080001f4                TIM5_IRQHandler
                0x080001f4                DMA2_Stream7_IRQHandler
                0x080001f4                I2C3_EV_IRQHandler
                0x080001f4                EXTI9_5_IRQHandler
                0x080001f4                RTC_WKUP_IRQHandler
                0x080001f4                ETH_WKUP_IRQHandler
                0x080001f4                SPI2_IRQHandler
                0x080001f4                OTG_HS_EP1_IN_IRQHandler
                0x080001f4                DMA1_Stream0_IRQHandler
                0x080001f4                CAN1_TX_IRQHandler
                0x080001f4                EXTI4_IRQHandler
                0x080001f4                FSMC_IRQHandler
                0x080001f4                ETH_IRQHandler
                0x080001f4                OTG_HS_EP1_OUT_IRQHandler
                0x080001f4                WWDG_IRQHandler
                0x080001f4                OTG_FS_WKUP_IRQHandler
                0x080001f4                TIM1_TRG_COM_TIM11_IRQHandler
                0x080001f4                OTG_HS_IRQHandler
                0x080001f4                EXTI1_IRQHandler
                0x080001f4                USART2_IRQHandler
                0x080001f4                I2C2_ER_IRQHandler
                0x080001f4                DMA2_Stream1_IRQHandler
                0x080001f4                CAN1_SCE_IRQHandler
                0x080001f4                FLASH_IRQHandler
                0x080001f4                DMA2_Stream4_IRQHandler
                0x080001f4                USART1_IRQHandler
                0x080001f4                OTG_FS_IRQHandler
                0x080001f4                SPI3_IRQHandler
                0x080001f4                DMA1_Stream4_IRQHandler
                0x080001f4                I2C1_ER_IRQHandler
                0x080001f4                DMA2_Stream6_IRQHandler
                0x080001f4                DMA1_Stream3_IRQHandler
 .text.GPIO_Conf
                0x080001f8       0xdc ..\obj\main.o
                0x080001f8                GPIO_Conf
 .text.TIM2_Config
                0x080002d4       0x68 ..\obj\main.o
                0x080002d4                TIM2_Config
 .text.TIM3_Config
                0x0800033c       0x5c ..\obj\main.o
                0x0800033c                TIM3_Config
 .text.PWM_Config
                0x08000398       0x98 ..\obj\main.o
                0x08000398                PWM_Config
 .text.PWM_SetDC
                0x08000430       0x34 ..\obj\main.o
                0x08000430                PWM_SetDC
 .text.main     0x08000464       0x9c ..\obj\main.o
                0x08000464                main
 .text.RCC_GetClocksFreq
                0x08000500       0xd8 ..\obj\stm32f4xx_rcc.o
                0x08000500                RCC_GetClocksFreq
 .text.RCC_AHB1PeriphClockCmd
                0x080005d8       0x24 ..\obj\stm32f4xx_rcc.o
                0x080005d8                RCC_AHB1PeriphClockCmd
 .text.RCC_APB1PeriphClockCmd
                0x080005fc       0x24 ..\obj\stm32f4xx_rcc.o
                0x080005fc                RCC_APB1PeriphClockCmd
 .text.NMI_Handler
                0x08000620        0x4 ..\obj\stm32f4xx_it.o
                0x08000620                NMI_Handler
 .text.MemManage_Handler
                0x08000624        0x4 ..\obj\stm32f4xx_it.o
                0x08000624                MemManage_Handler
 .text.BusFault_Handler
                0x08000628        0x4 ..\obj\stm32f4xx_it.o
                0x08000628                BusFault_Handler
 .text.UsageFault_Handler
                0x0800062c        0x4 ..\obj\stm32f4xx_it.o
                0x0800062c                UsageFault_Handler
 .text.SVC_Handler
                0x08000630        0x4 ..\obj\stm32f4xx_it.o
                0x08000630                SVC_Handler
 .text.DebugMon_Handler
                0x08000634        0x4 ..\obj\stm32f4xx_it.o
                0x08000634                DebugMon_Handler
 .text.PendSV_Handler
                0x08000638        0x4 ..\obj\stm32f4xx_it.o
                0x08000638                PendSV_Handler
 .text.SysTick_Handler
                0x0800063c       0x24 ..\obj\stm32f4xx_it.o
                0x0800063c                SysTick_Handler
 .text.TIM2_IRQHandler
                0x08000660       0xe4 ..\obj\stm32f4xx_it.o
                0x08000660                TIM2_IRQHandler
 .text.fill     0x08000744       0x2c ..\obj\draw.o
                0x08000744                fill
 .text.delay_ms
                0x08000770       0x18 ..\obj\draw.o
                0x08000770                delay_ms
 .text.GPIO_Init
                0x08000788       0xbc ..\obj\stm32f4xx_gpio.o
                0x08000788                GPIO_Init
 .text.GPIO_ReadOutputData
                0x08000844        0x8 ..\obj\stm32f4xx_gpio.o
                0x08000844                GPIO_ReadOutputData
 .text.GPIO_SetBits
                0x0800084c        0x4 ..\obj\stm32f4xx_gpio.o
                0x0800084c                GPIO_SetBits
 .text.GPIO_ResetBits
                0x08000850        0x4 ..\obj\stm32f4xx_gpio.o
                0x08000850                GPIO_ResetBits
 .text.GPIO_Write
                0x08000854        0x4 ..\obj\stm32f4xx_gpio.o
                0x08000854                GPIO_Write
 .text.GPIO_PinAFConfig
                0x08000858       0x38 ..\obj\stm32f4xx_gpio.o
                0x08000858                GPIO_PinAFConfig
 .text.SystemInit
                0x08000890      0x138 ..\obj\system_stm32f4xx.o
                0x08000890                SystemInit
 .text.NVIC_Init
                0x080009c8       0x88 ..\obj\misc.o
                0x080009c8                NVIC_Init
 .text.TIM_TimeBaseInit
                0x08000a50       0xac ..\obj\stm32f4xx_tim.o
                0x08000a50                TIM_TimeBaseInit
 .text.TIM_ARRPreloadConfig
                0x08000afc       0x20 ..\obj\stm32f4xx_tim.o
                0x08000afc                TIM_ARRPreloadConfig
 .text.TIM_Cmd  0x08000b1c       0x20 ..\obj\stm32f4xx_tim.o
                0x08000b1c                TIM_Cmd
 .text.TIM_OC1Init
                0x08000b3c       0x8c ..\obj\stm32f4xx_tim.o
                0x08000b3c                TIM_OC1Init
 .text.TIM_OC3Init
                0x08000bc8       0x98 ..\obj\stm32f4xx_tim.o
                0x08000bc8                TIM_OC3Init
 .text.TIM_OC1PreloadConfig
                0x08000c60       0x14 ..\obj\stm32f4xx_tim.o
                0x08000c60                TIM_OC1PreloadConfig
 .text.TIM_OC3PreloadConfig
                0x08000c74       0x14 ..\obj\stm32f4xx_tim.o
                0x08000c74                TIM_OC3PreloadConfig
 .text.TIM_ITConfig
                0x08000c88       0x18 ..\obj\stm32f4xx_tim.o
                0x08000c88                TIM_ITConfig
 .text.TIM_GetITStatus
                0x08000ca0       0x1c ..\obj\stm32f4xx_tim.o
                0x08000ca0                TIM_GetITStatus
 .text.TIM_ClearITPendingBit
                0x08000cbc        0xc ..\obj\stm32f4xx_tim.o
                0x08000cbc                TIM_ClearITPendingBit
 *(.glue_7t)
 .glue_7t       0x00000000        0x0 linker stubs
 *(.glue_7)
 .glue_7        0x00000000        0x0 linker stubs
 *(.rodata .rodata* .gnu.linkonce.r.*)

.vfp11_veneer   0x08000cc8        0x0
 .vfp11_veneer  0x00000000        0x0 linker stubs

.v4_bx          0x08000cc8        0x0
 .v4_bx         0x00000000        0x0 linker stubs

.ARM.extab
 *(.ARM.extab* .gnu.linkonce.armextab.*)
                0x08000cc8                __exidx_start = .

.ARM.exidx
 *(.ARM.exidx* .gnu.linkonce.armexidx.*)
                0x08000cc8                __exidx_end = .
                0x08000cc8                . = ALIGN (0x4)
                0x08000cc8                _etext = .
                0x08000cc8                _sidata = .

.data           0x20000000       0x24 load address 0x08000cc8
                0x20000000                _sdata = .
 *(.data .data.*)
 .data          0x20000000       0x10 ..\obj\stm32f4xx_rcc.o
 .data          0x20000010       0x14 ..\obj\system_stm32f4xx.o
                0x20000010                SystemCoreClock
                0x20000014                AHBPrescTable
                0x20000024                . = ALIGN (0x4)
                0x20000024                _edata = .

.bss            0x20000024       0xc0 load address 0x08000cec
                0x20000024                _sbss = .
 *(.bss .bss.*)
 .bss           0x20000024        0x1 ..\obj\stm32f4xx_it.o
 *(COMMON)
 *fill*         0x20000025        0x3 00
 COMMON         0x20000028       0xb8 ..\obj\main.o
                0x20000028                TIM_TimeBaseStructure
                0x20000034                fb
                0x20000074                cube
                0x200000b4                TIM_OCInitStructure
                0x200000c8                GPIO_InitStructure
                0x200000d0                RCC_Clocks
 COMMON         0x200000e0        0x2 ..\obj\stm32f4xx_it.o
                0x200000e0                delay_ticks
                0x200000e4                . = ALIGN (0x4)
 *fill*         0x200000e2        0x2 00
                0x200000e4                _ebss = .

.co_stack       0x200000e4      0x804 load address 0x08000dac
                0x200000e8                . = ALIGN (0x8)
 *fill*         0x200000e4        0x4 00
 *(.co_stack .co_stack.*)
 .co_stack      0x200000e8      0x800 ..\obj\startup_stm32f4xx.o
                0x200000e8                pulStack
                0x200008e8                . = ALIGN (0x4)
                0x200008e8                _end = .
LOAD ..\obj\stm32f4xx_syscfg.o
LOAD ..\obj\stm32f4xx_hash.o
LOAD ..\obj\stm32f4xx_hash_sha1.o
LOAD ..\obj\stm32f4xx_usart.o
LOAD ..\obj\stm32f4xx_pwr.o
LOAD ..\obj\stm32f4xx_hash_md5.o
LOAD ..\obj\startup_stm32f4xx.o
LOAD ..\obj\main.o
LOAD ..\obj\effect.o
LOAD ..\obj\stm32f4xx_rcc.o
LOAD ..\obj\stm32f4xx_it.o
LOAD ..\obj\font.o
LOAD ..\obj\stm32f4xx_adc.o
LOAD ..\obj\printf.o
LOAD ..\obj\draw.o
LOAD ..\obj\stm32f4xx_fsmc.o
LOAD ..\obj\stm32f4xx_gpio.o
LOAD ..\obj\stm32f4xx_flash.o
LOAD ..\obj\gameoflife.o
LOAD ..\obj\system_stm32f4xx.o
LOAD ..\obj\syscalls.o
LOAD ..\obj\launch_effect.o
LOAD ..\obj\misc.o
LOAD ..\obj\stm32f4xx_tim.o
LOAD ..\..\..\..\..\..\..\..\Program Files (x86)\GNU Tools ARM Embedded\4.6 2012q2\arm-none-eabi\lib\armv7e-m\fpu\libm.a
START GROUP
LOAD c:/program files (x86)/gnu tools arm embedded/4.6 2012q2/bin/../lib/gcc/arm-none-eabi/4.6.2/armv7e-m\libgcc.a
LOAD ..\..\..\..\..\..\..\..\Program Files (x86)\GNU Tools ARM Embedded\4.6 2012q2\arm-none-eabi\lib\armv7e-m\fpu\libg.a
LOAD ..\..\..\..\..\..\..\..\Program Files (x86)\GNU Tools ARM Embedded\4.6 2012q2\arm-none-eabi\lib\armv7e-m\fpu\libc.a
END GROUP
OUTPUT(LED_Cube_cox_Flash.elf elf32-littlearm)

.debug_info     0x00000000     0xc4d3
 .debug_info    0x00000000      0x275 ..\obj\stm32f4xx_syscfg.o
 .debug_info    0x00000275      0x57f ..\obj\stm32f4xx_hash.o
 .debug_info    0x000007f4      0x55f ..\obj\stm32f4xx_hash_sha1.o
 .debug_info    0x00000d53      0xa36 ..\obj\stm32f4xx_usart.o
 .debug_info    0x00001789      0x533 ..\obj\stm32f4xx_pwr.o
 .debug_info    0x00001cbc      0x4fe ..\obj\stm32f4xx_hash_md5.o
 .debug_info    0x000021ba      0x132 ..\obj\startup_stm32f4xx.o
 .debug_info    0x000022ec      0xe1e ..\obj\main.o
 .debug_info    0x0000310a      0xf33 ..\obj\effect.o
 .debug_info    0x0000403d      0xd0d ..\obj\stm32f4xx_rcc.o
 .debug_info    0x00004d4a      0x50a ..\obj\stm32f4xx_it.o
 .debug_info    0x00005254      0x2ad ..\obj\font.o
 .debug_info    0x00005501      0xcda ..\obj\stm32f4xx_adc.o
 .debug_info    0x000061db      0xf83 ..\obj\printf.o
 .debug_info    0x0000715e      0xa7c ..\obj\draw.o
 .debug_info    0x00007bda      0x99f ..\obj\stm32f4xx_fsmc.o
 .debug_info    0x00008579      0x62b ..\obj\stm32f4xx_gpio.o
 .debug_info    0x00008ba4      0x783 ..\obj\stm32f4xx_flash.o
 .debug_info    0x00009327      0x281 ..\obj\gameoflife.o
 .debug_info    0x000095a8      0x641 ..\obj\system_stm32f4xx.o
 .debug_info    0x00009be9      0x43a ..\obj\syscalls.o
 .debug_info    0x0000a023       0xdf ..\obj\launch_effect.o
 .debug_info    0x0000a102      0x596 ..\obj\misc.o
 .debug_info    0x0000a698     0x1e3b ..\obj\stm32f4xx_tim.o

.debug_abbrev   0x00000000     0x25e5
 .debug_abbrev  0x00000000      0x150 ..\obj\stm32f4xx_syscfg.o
 .debug_abbrev  0x00000150      0x1dc ..\obj\stm32f4xx_hash.o
 .debug_abbrev  0x0000032c      0x1ad ..\obj\stm32f4xx_hash_sha1.o
 .debug_abbrev  0x000004d9      0x1ab ..\obj\stm32f4xx_usart.o
 .debug_abbrev  0x00000684      0x193 ..\obj\stm32f4xx_pwr.o
 .debug_abbrev  0x00000817      0x1ad ..\obj\stm32f4xx_hash_md5.o
 .debug_abbrev  0x000009c4       0xb9 ..\obj\startup_stm32f4xx.o
 .debug_abbrev  0x00000a7d      0x244 ..\obj\main.o
 .debug_abbrev  0x00000cc1      0x1b0 ..\obj\effect.o
 .debug_abbrev  0x00000e71      0x1f6 ..\obj\stm32f4xx_rcc.o
 .debug_abbrev  0x00001067      0x133 ..\obj\stm32f4xx_it.o
 .debug_abbrev  0x0000119a      0x13d ..\obj\font.o
 .debug_abbrev  0x000012d7      0x1d5 ..\obj\stm32f4xx_adc.o
 .debug_abbrev  0x000014ac      0x2c3 ..\obj\printf.o
 .debug_abbrev  0x0000176f      0x216 ..\obj\draw.o
 .debug_abbrev  0x00001985      0x1b2 ..\obj\stm32f4xx_fsmc.o
 .debug_abbrev  0x00001b37      0x1ce ..\obj\stm32f4xx_gpio.o
 .debug_abbrev  0x00001d05      0x1b6 ..\obj\stm32f4xx_flash.o
 .debug_abbrev  0x00001ebb       0xef ..\obj\gameoflife.o
 .debug_abbrev  0x00001faa      0x16c ..\obj\system_stm32f4xx.o
 .debug_abbrev  0x00002116       0xed ..\obj\syscalls.o
 .debug_abbrev  0x00002203       0x91 ..\obj\launch_effect.o
 .debug_abbrev  0x00002294      0x14c ..\obj\misc.o
 .debug_abbrev  0x000023e0      0x205 ..\obj\stm32f4xx_tim.o

.debug_loc      0x00000000     0x89b4
 .debug_loc     0x00000000       0x9d ..\obj\stm32f4xx_syscfg.o
 .debug_loc     0x0000009d      0x1ba ..\obj\stm32f4xx_hash.o
 .debug_loc     0x00000257      0x683 ..\obj\stm32f4xx_hash_sha1.o
 .debug_loc     0x000008da      0x67d ..\obj\stm32f4xx_usart.o
 .debug_loc     0x00000f57       0xe6 ..\obj\stm32f4xx_pwr.o
 .debug_loc     0x0000103d      0x5fd ..\obj\stm32f4xx_hash_md5.o
 .debug_loc     0x0000163a       0x33 ..\obj\startup_stm32f4xx.o
 .debug_loc     0x0000166d       0xed ..\obj\main.o
 .debug_loc     0x0000175a     0x1cdd ..\obj\effect.o
 .debug_loc     0x00003437      0x779 ..\obj\stm32f4xx_rcc.o
 .debug_loc     0x00003bb0       0x69 ..\obj\stm32f4xx_it.o
 .debug_loc     0x00003c19      0x13d ..\obj\font.o
 .debug_loc     0x00003d56      0x984 ..\obj\stm32f4xx_adc.o
 .debug_loc     0x000046da      0x9c8 ..\obj\printf.o
 .debug_loc     0x000050a2      0xff4 ..\obj\draw.o
 .debug_loc     0x00006096      0x3ab ..\obj\stm32f4xx_fsmc.o
 .debug_loc     0x00006441      0x280 ..\obj\stm32f4xx_gpio.o
 .debug_loc     0x000066c1      0x604 ..\obj\stm32f4xx_flash.o
 .debug_loc     0x00006cc5      0x44f ..\obj\gameoflife.o
 .debug_loc     0x00007114      0x19a ..\obj\system_stm32f4xx.o
 .debug_loc     0x000072ae       0x98 ..\obj\syscalls.o
 .debug_loc     0x00007346       0x74 ..\obj\launch_effect.o
 .debug_loc     0x000073ba      0x130 ..\obj\misc.o
 .debug_loc     0x000074ea     0x14ca ..\obj\stm32f4xx_tim.o

.debug_aranges  0x00000000      0xf70
 .debug_aranges
                0x00000000       0x48 ..\obj\stm32f4xx_syscfg.o
 .debug_aranges
                0x00000048       0xa0 ..\obj\stm32f4xx_hash.o
 .debug_aranges
                0x000000e8       0x28 ..\obj\stm32f4xx_hash_sha1.o
 .debug_aranges
                0x00000110      0x100 ..\obj\stm32f4xx_usart.o
 .debug_aranges
                0x00000210       0x78 ..\obj\stm32f4xx_pwr.o
 .debug_aranges
                0x00000288       0x28 ..\obj\stm32f4xx_hash_md5.o
 .debug_aranges
                0x000002b0       0x28 ..\obj\startup_stm32f4xx.o
 .debug_aranges
                0x000002d8       0x48 ..\obj\main.o
 .debug_aranges
                0x00000320      0x100 ..\obj\effect.o
 .debug_aranges
                0x00000420      0x178 ..\obj\stm32f4xx_rcc.o
 .debug_aranges
                0x00000598       0x60 ..\obj\stm32f4xx_it.o
 .debug_aranges
                0x000005f8       0x38 ..\obj\font.o
 .debug_aranges
                0x00000630      0x148 ..\obj\stm32f4xx_adc.o
 .debug_aranges
                0x00000778       0xa0 ..\obj\printf.o
 .debug_aranges
                0x00000818      0x110 ..\obj\draw.o
 .debug_aranges
                0x00000928       0xb0 ..\obj\stm32f4xx_fsmc.o
 .debug_aranges
                0x000009d8       0x88 ..\obj\stm32f4xx_gpio.o
 .debug_aranges
                0x00000a60      0x108 ..\obj\stm32f4xx_flash.o
 .debug_aranges
                0x00000b68       0x38 ..\obj\gameoflife.o
 .debug_aranges
                0x00000ba0       0x28 ..\obj\system_stm32f4xx.o
 .debug_aranges
                0x00000bc8       0x60 ..\obj\syscalls.o
 .debug_aranges
                0x00000c28       0x20 ..\obj\launch_effect.o
 .debug_aranges
                0x00000c48       0x40 ..\obj\misc.o
 .debug_aranges
                0x00000c88      0x2e8 ..\obj\stm32f4xx_tim.o

.debug_ranges   0x00000000      0xdf0
 .debug_ranges  0x00000000       0x38 ..\obj\stm32f4xx_syscfg.o
 .debug_ranges  0x00000038       0x90 ..\obj\stm32f4xx_hash.o
 .debug_ranges  0x000000c8       0x18 ..\obj\stm32f4xx_hash_sha1.o
 .debug_ranges  0x000000e0       0xf0 ..\obj\stm32f4xx_usart.o
 .debug_ranges  0x000001d0       0x68 ..\obj\stm32f4xx_pwr.o
 .debug_ranges  0x00000238       0x18 ..\obj\stm32f4xx_hash_md5.o
 .debug_ranges  0x00000250       0x18 ..\obj\startup_stm32f4xx.o
 .debug_ranges  0x00000268       0x38 ..\obj\main.o
 .debug_ranges  0x000002a0       0xf0 ..\obj\effect.o
 .debug_ranges  0x00000390      0x168 ..\obj\stm32f4xx_rcc.o
 .debug_ranges  0x000004f8       0x50 ..\obj\stm32f4xx_it.o
 .debug_ranges  0x00000548       0x28 ..\obj\font.o
 .debug_ranges  0x00000570      0x138 ..\obj\stm32f4xx_adc.o
 .debug_ranges  0x000006a8       0x90 ..\obj\printf.o
 .debug_ranges  0x00000738      0x100 ..\obj\draw.o
 .debug_ranges  0x00000838       0xa0 ..\obj\stm32f4xx_fsmc.o
 .debug_ranges  0x000008d8       0x78 ..\obj\stm32f4xx_gpio.o
 .debug_ranges  0x00000950       0xf8 ..\obj\stm32f4xx_flash.o
 .debug_ranges  0x00000a48       0x28 ..\obj\gameoflife.o
 .debug_ranges  0x00000a70       0x18 ..\obj\system_stm32f4xx.o
 .debug_ranges  0x00000a88       0x50 ..\obj\syscalls.o
 .debug_ranges  0x00000ad8       0x10 ..\obj\launch_effect.o
 .debug_ranges  0x00000ae8       0x30 ..\obj\misc.o
 .debug_ranges  0x00000b18      0x2d8 ..\obj\stm32f4xx_tim.o

.debug_line     0x00000000     0x58d4
 .debug_line    0x00000000      0x1fe ..\obj\stm32f4xx_syscfg.o
 .debug_line    0x000001fe      0x358 ..\obj\stm32f4xx_hash.o
 .debug_line    0x00000556      0x33b ..\obj\stm32f4xx_hash_sha1.o
 .debug_line    0x00000891      0x486 ..\obj\stm32f4xx_usart.o
 .debug_line    0x00000d17      0x29b ..\obj\stm32f4xx_pwr.o
 .debug_line    0x00000fb2      0x326 ..\obj\stm32f4xx_hash_md5.o
 .debug_line    0x000012d8       0xa1 ..\obj\startup_stm32f4xx.o
 .debug_line    0x00001379      0x2f7 ..\obj\main.o
 .debug_line    0x00001670      0xafc ..\obj\effect.o
 .debug_line    0x0000216c      0x567 ..\obj\stm32f4xx_rcc.o
 .debug_line    0x000026d3      0x27b ..\obj\stm32f4xx_it.o
 .debug_line    0x0000294e      0x19d ..\obj\font.o
 .debug_line    0x00002aeb      0x530 ..\obj\stm32f4xx_adc.o
 .debug_line    0x0000301b      0x421 ..\obj\printf.o
 .debug_line    0x0000343c      0x555 ..\obj\draw.o
 .debug_line    0x00003991      0x419 ..\obj\stm32f4xx_fsmc.o
 .debug_line    0x00003daa      0x323 ..\obj\stm32f4xx_gpio.o
 .debug_line    0x000040cd      0x45f ..\obj\stm32f4xx_flash.o
 .debug_line    0x0000452c      0x226 ..\obj\gameoflife.o
 .debug_line    0x00004752      0x1f5 ..\obj\system_stm32f4xx.o
 .debug_line    0x00004947      0x19c ..\obj\syscalls.o
 .debug_line    0x00004ae3      0x1ba ..\obj\launch_effect.o
 .debug_line    0x00004c9d      0x236 ..\obj\misc.o
 .debug_line    0x00004ed3      0xa01 ..\obj\stm32f4xx_tim.o

.debug_str      0x00000000     0x4856
 .debug_str     0x00000000      0x254 ..\obj\stm32f4xx_syscfg.o
                                0x2a1 (size before relaxing)
 .debug_str     0x00000254      0x287 ..\obj\stm32f4xx_hash.o
                                0x3d4 (size before relaxing)
 .debug_str     0x000004db      0x10f ..\obj\stm32f4xx_hash_sha1.o
                                0x299 (size before relaxing)
 .debug_str     0x000005ea      0x4d7 ..\obj\stm32f4xx_usart.o
                                0x631 (size before relaxing)
 .debug_str     0x00000ac1      0x1e3 ..\obj\stm32f4xx_pwr.o
                                0x333 (size before relaxing)
 .debug_str     0x00000ca4       0x91 ..\obj\stm32f4xx_hash_md5.o
                                0x294 (size before relaxing)
 .debug_str     0x00000d35       0xb8 ..\obj\startup_stm32f4xx.o
                                0x120 (size before relaxing)
 .debug_str     0x00000ded      0x9f2 ..\obj\main.o
                                0xc21 (size before relaxing)
 .debug_str     0x000017df      0x374 ..\obj\effect.o
                                0x4ac (size before relaxing)
 .debug_str     0x00001b53      0x5c6 ..\obj\stm32f4xx_rcc.o
                                0x7f2 (size before relaxing)
 .debug_str     0x00002119       0xf1 ..\obj\stm32f4xx_it.o
                                0x311 (size before relaxing)
 .debug_str     0x0000220a       0x93 ..\obj\font.o
                                0x19c (size before relaxing)
 .debug_str     0x0000229d      0x63b ..\obj\stm32f4xx_adc.o
                                0x7a6 (size before relaxing)
 .debug_str     0x000028d8      0x4fb ..\obj\printf.o
                                0x639 (size before relaxing)
 .debug_str     0x00002dd3      0x167 ..\obj\draw.o
                                0x2a4 (size before relaxing)
 .debug_str     0x00002f3a      0x5e3 ..\obj\stm32f4xx_fsmc.o
                                0x736 (size before relaxing)
 .debug_str     0x0000351d      0x1a5 ..\obj\stm32f4xx_gpio.o
                                0x445 (size before relaxing)
 .debug_str     0x000036c2      0x3d1 ..\obj\stm32f4xx_flash.o
                                0x529 (size before relaxing)
 .debug_str     0x00003a93       0x7e ..\obj\gameoflife.o
                                0x17f (size before relaxing)
 .debug_str     0x00003b11       0x94 ..\obj\system_stm32f4xx.o
                                0x34c (size before relaxing)
 .debug_str     0x00003ba5      0x152 ..\obj\syscalls.o
                                0x2b1 (size before relaxing)
 .debug_str     0x00003cf7       0x4e ..\obj\launch_effect.o
                                0x13c (size before relaxing)
 .debug_str     0x00003d45      0x114 ..\obj\misc.o
                                0x37b (size before relaxing)
 .debug_str     0x00003e59      0x9fd ..\obj\stm32f4xx_tim.o
                                0xd72 (size before relaxing)

.comment        0x00000000       0x70
 .comment       0x00000000       0x70 ..\obj\stm32f4xx_syscfg.o
                                 0x71 (size before relaxing)
 .comment       0x00000000       0x71 ..\obj\stm32f4xx_hash.o
 .comment       0x00000000       0x71 ..\obj\stm32f4xx_hash_sha1.o
 .comment       0x00000000       0x71 ..\obj\stm32f4xx_usart.o
 .comment       0x00000000       0x71 ..\obj\stm32f4xx_pwr.o
 .comment       0x00000000       0x71 ..\obj\stm32f4xx_hash_md5.o
 .comment       0x00000000       0x71 ..\obj\startup_stm32f4xx.o
 .comment       0x00000000       0x71 ..\obj\main.o
 .comment       0x00000000       0x71 ..\obj\effect.o
 .comment       0x00000000       0x71 ..\obj\stm32f4xx_rcc.o
 .comment       0x00000000       0x71 ..\obj\stm32f4xx_it.o
 .comment       0x00000000       0x71 ..\obj\font.o
 .comment       0x00000000       0x71 ..\obj\stm32f4xx_adc.o
 .comment       0x00000000       0x71 ..\obj\printf.o
 .comment       0x00000000       0x71 ..\obj\draw.o
 .comment       0x00000000       0x71 ..\obj\stm32f4xx_fsmc.o
 .comment       0x00000000       0x71 ..\obj\stm32f4xx_gpio.o
 .comment       0x00000000       0x71 ..\obj\stm32f4xx_flash.o
 .comment       0x00000000       0x71 ..\obj\gameoflife.o
 .comment       0x00000000       0x71 ..\obj\system_stm32f4xx.o
 .comment       0x00000000       0x71 ..\obj\syscalls.o
 .comment       0x00000000       0x71 ..\obj\launch_effect.o
 .comment       0x00000000       0x71 ..\obj\misc.o
 .comment       0x00000000       0x71 ..\obj\stm32f4xx_tim.o

.ARM.attributes
                0x00000000       0x3b
 .ARM.attributes
                0x00000000       0x3b ..\obj\stm32f4xx_syscfg.o
 .ARM.attributes
                0x0000003b       0x3b ..\obj\stm32f4xx_hash.o
 .ARM.attributes
                0x00000076       0x3b ..\obj\stm32f4xx_hash_sha1.o
 .ARM.attributes
                0x000000b1       0x3b ..\obj\stm32f4xx_usart.o
 .ARM.attributes
                0x000000ec       0x3b ..\obj\stm32f4xx_pwr.o
 .ARM.attributes
                0x00000127       0x3b ..\obj\stm32f4xx_hash_md5.o
 .ARM.attributes
                0x00000162       0x3b ..\obj\startup_stm32f4xx.o
 .ARM.attributes
                0x0000019d       0x3b ..\obj\main.o
 .ARM.attributes
                0x000001d8       0x3b ..\obj\effect.o
 .ARM.attributes
                0x00000213       0x3b ..\obj\stm32f4xx_rcc.o
 .ARM.attributes
                0x0000024e       0x3b ..\obj\stm32f4xx_it.o
 .ARM.attributes
                0x00000289       0x3b ..\obj\font.o
 .ARM.attributes
                0x000002c4       0x3b ..\obj\stm32f4xx_adc.o
 .ARM.attributes
                0x000002ff       0x3b ..\obj\printf.o
 .ARM.attributes
                0x0000033a       0x3b ..\obj\draw.o
 .ARM.attributes
                0x00000375       0x3b ..\obj\stm32f4xx_fsmc.o
 .ARM.attributes
                0x000003b0       0x3b ..\obj\stm32f4xx_gpio.o
 .ARM.attributes
                0x000003eb       0x3b ..\obj\stm32f4xx_flash.o
 .ARM.attributes
                0x00000426       0x3b ..\obj\gameoflife.o
 .ARM.attributes
                0x00000461       0x3b ..\obj\system_stm32f4xx.o
 .ARM.attributes
                0x0000049c       0x3b ..\obj\syscalls.o
 .ARM.attributes
                0x000004d7       0x3b ..\obj\launch_effect.o
 .ARM.attributes
                0x00000512       0x3b ..\obj\misc.o
 .ARM.attributes
                0x0000054d       0x3b ..\obj\stm32f4xx_tim.o
 .ARM.attributes
                0x00000588       0x36 ..\..\..\..\..\..\..\..\Program Files (x86)\GNU Tools ARM Embedded\4.6 2012q2\arm-none-eabi\lib\armv7e-m\fpu\libm.a(lib_a-s_cos.o)
 .ARM.attributes
                0x000005be       0x36 ..\..\..\..\..\..\..\..\Program Files (x86)\GNU Tools ARM Embedded\4.6 2012q2\arm-none-eabi\lib\armv7e-m\fpu\libm.a(lib_a-s_sin.o)
 .ARM.attributes
                0x000005f4       0x36 ..\..\..\..\..\..\..\..\Program Files (x86)\GNU Tools ARM Embedded\4.6 2012q2\arm-none-eabi\lib\armv7e-m\fpu\libm.a(lib_a-e_rem_pio2.o)
 .ARM.attributes
                0x0000062a       0x36 ..\..\..\..\..\..\..\..\Program Files (x86)\GNU Tools ARM Embedded\4.6 2012q2\arm-none-eabi\lib\armv7e-m\fpu\libm.a(lib_a-k_cos.o)
 .ARM.attributes
                0x00000660       0x36 ..\..\..\..\..\..\..\..\Program Files (x86)\GNU Tools ARM Embedded\4.6 2012q2\arm-none-eabi\lib\armv7e-m\fpu\libm.a(lib_a-k_rem_pio2.o)
 .ARM.attributes
                0x00000696       0x36 ..\..\..\..\..\..\..\..\Program Files (x86)\GNU Tools ARM Embedded\4.6 2012q2\arm-none-eabi\lib\armv7e-m\fpu\libm.a(lib_a-k_sin.o)
 .ARM.attributes
                0x000006cc       0x36 ..\..\..\..\..\..\..\..\Program Files (x86)\GNU Tools ARM Embedded\4.6 2012q2\arm-none-eabi\lib\armv7e-m\fpu\libm.a(lib_a-s_fabs.o)
 .ARM.attributes
                0x00000702       0x36 ..\..\..\..\..\..\..\..\Program Files (x86)\GNU Tools ARM Embedded\4.6 2012q2\arm-none-eabi\lib\armv7e-m\fpu\libm.a(lib_a-s_floor.o)
 .ARM.attributes
                0x00000738       0x36 ..\..\..\..\..\..\..\..\Program Files (x86)\GNU Tools ARM Embedded\4.6 2012q2\arm-none-eabi\lib\armv7e-m\fpu\libm.a(lib_a-s_scalbn.o)
 .ARM.attributes
                0x0000076e       0x36 ..\..\..\..\..\..\..\..\Program Files (x86)\GNU Tools ARM Embedded\4.6 2012q2\arm-none-eabi\lib\armv7e-m\fpu\libm.a(lib_a-s_copysign.o)
 .ARM.attributes
                0x000007a4       0x1e c:/program files (x86)/gnu tools arm embedded/4.6 2012q2/bin/../lib/gcc/arm-none-eabi/4.6.2/armv7e-m\libgcc.a(_arm_addsubdf3.o)
 .ARM.attributes
                0x000007c2       0x1e c:/program files (x86)/gnu tools arm embedded/4.6 2012q2/bin/../lib/gcc/arm-none-eabi/4.6.2/armv7e-m\libgcc.a(_arm_muldivdf3.o)
 .ARM.attributes
                0x000007e0       0x1e c:/program files (x86)/gnu tools arm embedded/4.6 2012q2/bin/../lib/gcc/arm-none-eabi/4.6.2/armv7e-m\libgcc.a(_arm_cmpdf2.o)
 .ARM.attributes
                0x000007fe       0x1e c:/program files (x86)/gnu tools arm embedded/4.6 2012q2/bin/../lib/gcc/arm-none-eabi/4.6.2/armv7e-m\libgcc.a(_arm_fixdfsi.o)
 .ARM.attributes
                0x0000081c       0x36 ..\..\..\..\..\..\..\..\Program Files (x86)\GNU Tools ARM Embedded\4.6 2012q2\arm-none-eabi\lib\armv7e-m\fpu\libg.a(lib_a-memcpy.o)
 .ARM.attributes
                0x00000852       0x36 ..\..\..\..\..\..\..\..\Program Files (x86)\GNU Tools ARM Embedded\4.6 2012q2\arm-none-eabi\lib\armv7e-m\fpu\libg.a(lib_a-rand.o)

.debug_frame    0x00000000     0x25c8
 .debug_frame   0x00000000       0x80 ..\obj\stm32f4xx_syscfg.o
 .debug_frame   0x00000080      0x130 ..\obj\stm32f4xx_hash.o
 .debug_frame   0x000001b0       0x54 ..\obj\stm32f4xx_hash_sha1.o
 .debug_frame   0x00000204      0x20c ..\obj\stm32f4xx_usart.o
 .debug_frame   0x00000410       0xd8 ..\obj\stm32f4xx_pwr.o
 .debug_frame   0x000004e8       0x54 ..\obj\stm32f4xx_hash_md5.o
 .debug_frame   0x0000053c       0x38 ..\obj\startup_stm32f4xx.o
 .debug_frame   0x00000574       0xb8 ..\obj\main.o
 .debug_frame   0x0000062c      0x448 ..\obj\effect.o
 .debug_frame   0x00000a74      0x2e4 ..\obj\stm32f4xx_rcc.o
 .debug_frame   0x00000d58       0xb0 ..\obj\stm32f4xx_it.o
 .debug_frame   0x00000e08       0x60 ..\obj\font.o
 .debug_frame   0x00000e68      0x2a8 ..\obj\stm32f4xx_adc.o
 .debug_frame   0x00001110      0x200 ..\obj\printf.o
 .debug_frame   0x00001310      0x32c ..\obj\draw.o
 .debug_frame   0x0000163c      0x160 ..\obj\stm32f4xx_fsmc.o
 .debug_frame   0x0000179c      0x118 ..\obj\stm32f4xx_gpio.o
 .debug_frame   0x000018b4      0x26c ..\obj\stm32f4xx_flash.o
 .debug_frame   0x00001b20       0x94 ..\obj\gameoflife.o
 .debug_frame   0x00001bb4       0x34 ..\obj\system_stm32f4xx.o
 .debug_frame   0x00001be8       0xa0 ..\obj\syscalls.o
 .debug_frame   0x00001c88       0x30 ..\obj\launch_effect.o
 .debug_frame   0x00001cb8       0x68 ..\obj\misc.o
 .debug_frame   0x00001d20      0x65c ..\obj\stm32f4xx_tim.o
 .debug_frame   0x0000237c       0x28 ..\..\..\..\..\..\..\..\Program Files (x86)\GNU Tools ARM Embedded\4.6 2012q2\arm-none-eabi\lib\armv7e-m\fpu\libm.a(lib_a-s_cos.o)
 .debug_frame   0x000023a4       0x28 ..\..\..\..\..\..\..\..\Program Files (x86)\GNU Tools ARM Embedded\4.6 2012q2\arm-none-eabi\lib\armv7e-m\fpu\libm.a(lib_a-s_sin.o)
 .debug_frame   0x000023cc       0x38 ..\..\..\..\..\..\..\..\Program Files (x86)\GNU Tools ARM Embedded\4.6 2012q2\arm-none-eabi\lib\armv7e-m\fpu\libm.a(lib_a-e_rem_pio2.o)
 .debug_frame   0x00002404       0x40 ..\..\..\..\..\..\..\..\Program Files (x86)\GNU Tools ARM Embedded\4.6 2012q2\arm-none-eabi\lib\armv7e-m\fpu\libm.a(lib_a-k_cos.o)
 .debug_frame   0x00002444       0x3c ..\..\..\..\..\..\..\..\Program Files (x86)\GNU Tools ARM Embedded\4.6 2012q2\arm-none-eabi\lib\armv7e-m\fpu\libm.a(lib_a-k_rem_pio2.o)
 .debug_frame   0x00002480       0x40 ..\..\..\..\..\..\..\..\Program Files (x86)\GNU Tools ARM Embedded\4.6 2012q2\arm-none-eabi\lib\armv7e-m\fpu\libm.a(lib_a-k_sin.o)
 .debug_frame   0x000024c0       0x20 ..\..\..\..\..\..\..\..\Program Files (x86)\GNU Tools ARM Embedded\4.6 2012q2\arm-none-eabi\lib\armv7e-m\fpu\libm.a(lib_a-s_fabs.o)
 .debug_frame   0x000024e0       0x34 ..\..\..\..\..\..\..\..\Program Files (x86)\GNU Tools ARM Embedded\4.6 2012q2\arm-none-eabi\lib\armv7e-m\fpu\libm.a(lib_a-s_floor.o)
 .debug_frame   0x00002514       0x28 ..\..\..\..\..\..\..\..\Program Files (x86)\GNU Tools ARM Embedded\4.6 2012q2\arm-none-eabi\lib\armv7e-m\fpu\libm.a(lib_a-s_scalbn.o)
 .debug_frame   0x0000253c       0x28 ..\..\..\..\..\..\..\..\Program Files (x86)\GNU Tools ARM Embedded\4.6 2012q2\arm-none-eabi\lib\armv7e-m\fpu\libm.a(lib_a-s_copysign.o)
 .debug_frame   0x00002564       0x2c ..\..\..\..\..\..\..\..\Program Files (x86)\GNU Tools ARM Embedded\4.6 2012q2\arm-none-eabi\lib\armv7e-m\fpu\libg.a(lib_a-memcpy.o)
 .debug_frame   0x00002590       0x38 ..\..\..\..\..\..\..\..\Program Files (x86)\GNU Tools ARM Embedded\4.6 2012q2\arm-none-eabi\lib\armv7e-m\fpu\libg.a(lib_a-rand.o)
