Archive member included because of file (symbol)

c:/program files (x86)/gnu tools arm embedded/4.6 2012q2/bin/../lib/gcc/arm-none-eabi/4.6.2/armv7e-m\libgcc.a(_arm_addsubdf3.o)
                              ..\obj\effect.o (__aeabi_dadd)
c:/program files (x86)/gnu tools arm embedded/4.6 2012q2/bin/../lib/gcc/arm-none-eabi/4.6.2/armv7e-m\libgcc.a(_arm_fixdfsi.o)
                              ..\obj\effect.o (__aeabi_d2iz)
c:/program files (x86)/gnu tools arm embedded/4.6 2012q2/bin/../lib/gcc/arm-none-eabi/4.6.2/armv7e-m\libgcc.a(_arm_addsubsf3.o)
                              ..\obj\draw.o (__aeabi_fadd)
c:/program files (x86)/gnu tools arm embedded/4.6 2012q2/bin/../lib/gcc/arm-none-eabi/4.6.2/armv7e-m\libgcc.a(_arm_muldivsf3.o)
                              ..\obj\draw.o (__aeabi_fmul)
c:/program files (x86)/gnu tools arm embedded/4.6 2012q2/bin/../lib/gcc/arm-none-eabi/4.6.2/armv7e-m\libgcc.a(_arm_fixunssfsi.o)
                              ..\obj\draw.o (__aeabi_f2uiz)
c:/program files (x86)/gnu tools arm embedded/4.6 2012q2/bin/../lib/gcc/arm-none-eabi/4.6.2/../../../../arm-none-eabi/lib/armv7e-m\libg.a(lib_a-memcpy.o)
                              ..\obj\effect.o (memcpy)
c:/program files (x86)/gnu tools arm embedded/4.6 2012q2/bin/../lib/gcc/arm-none-eabi/4.6.2/../../../../arm-none-eabi/lib/armv7e-m\libg.a(lib_a-rand.o)
                              ..\obj\effect.o (rand)

Allocating common symbols
Common symbol       size              file

TIM_TimeBaseStructure
                    0xc               ..\obj\main.o
fb                  0x40              ..\obj\main.o
cube                0x40              ..\obj\main.o
TIM_OCInitStructure
                    0x14              ..\obj\main.o
delay_ticks         0x2               ..\obj\stm32f4xx_it.o
GPIO_InitStructure  0x8               ..\obj\main.o
RCC_Clocks          0x10              ..\obj\main.o

Discarded input sections

 .text          0x00000000        0x0 ..\obj\stm32f4xx_syscfg.o
 .data          0x00000000        0x0 ..\obj\stm32f4xx_syscfg.o
 .bss           0x00000000        0x0 ..\obj\stm32f4xx_syscfg.o
 .text.SYSCFG_DeInit
                0x00000000       0x1c ..\obj\stm32f4xx_syscfg.o
 .text.SYSCFG_MemoryRemapConfig
                0x00000000        0xc ..\obj\stm32f4xx_syscfg.o
 .text.SYSCFG_EXTILineConfig
                0x00000000       0x40 ..\obj\stm32f4xx_syscfg.o
 .text.SYSCFG_ETH_MediaInterfaceConfig
                0x00000000        0xc ..\obj\stm32f4xx_syscfg.o
 .text.SYSCFG_CompensationCellCmd
                0x00000000        0xc ..\obj\stm32f4xx_syscfg.o
 .text.SYSCFG_GetCompensationCellStatus
                0x00000000       0x10 ..\obj\stm32f4xx_syscfg.o
 .text          0x00000000        0x0 ..\obj\stm32f4xx_hash.o
 .data          0x00000000        0x0 ..\obj\stm32f4xx_hash.o
 .bss           0x00000000        0x0 ..\obj\stm32f4xx_hash.o
 .text.HASH_DeInit
                0x00000000       0x1c ..\obj\stm32f4xx_hash.o
 .text.HASH_Init
                0x00000000       0x50 ..\obj\stm32f4xx_hash.o
 .text.HASH_StructInit
                0x00000000       0x10 ..\obj\stm32f4xx_hash.o
 .text.HASH_Reset
                0x00000000       0x14 ..\obj\stm32f4xx_hash.o
 .text.HASH_SetLastWordValidBitsNbr
                0x00000000       0x18 ..\obj\stm32f4xx_hash.o
 .text.HASH_DataIn
                0x00000000        0xc ..\obj\stm32f4xx_hash.o
 .text.HASH_GetInFIFOWordsNbr
                0x00000000       0x10 ..\obj\stm32f4xx_hash.o
 .text.HASH_GetDigest
                0x00000000       0x20 ..\obj\stm32f4xx_hash.o
 .text.HASH_StartDigest
                0x00000000       0x14 ..\obj\stm32f4xx_hash.o
 .text.HASH_SaveContext
                0x00000000       0x38 ..\obj\stm32f4xx_hash.o
 .text.HASH_RestoreContext
                0x00000000       0x44 ..\obj\stm32f4xx_hash.o
 .text.HASH_DMACmd
                0x00000000       0x28 ..\obj\stm32f4xx_hash.o
 .text.HASH_ITConfig
                0x00000000       0x28 ..\obj\stm32f4xx_hash.o
 .text.HASH_GetFlagStatus
                0x00000000       0x1c ..\obj\stm32f4xx_hash.o
 .text.HASH_ClearFlag
                0x00000000       0x10 ..\obj\stm32f4xx_hash.o
 .text.HASH_GetITStatus
                0x00000000       0x18 ..\obj\stm32f4xx_hash.o
 .text.HASH_ClearITPendingBit
                0x00000000       0x14 ..\obj\stm32f4xx_hash.o
 .text          0x00000000        0x0 ..\obj\stm32f4xx_hash_sha1.o
 .data          0x00000000        0x0 ..\obj\stm32f4xx_hash_sha1.o
 .bss           0x00000000        0x0 ..\obj\stm32f4xx_hash_sha1.o
 .text.HASH_SHA1
                0x00000000       0xa8 ..\obj\stm32f4xx_hash_sha1.o
 .text.HMAC_SHA1
                0x00000000      0x184 ..\obj\stm32f4xx_hash_sha1.o
 .text          0x00000000        0x0 ..\obj\stm32f4xx_usart.o
 .data          0x00000000        0x0 ..\obj\stm32f4xx_usart.o
 .bss           0x00000000        0x0 ..\obj\stm32f4xx_usart.o
 .text.USART_DeInit
                0x00000000       0xe8 ..\obj\stm32f4xx_usart.o
 .text.USART_Init
                0x00000000      0x108 ..\obj\stm32f4xx_usart.o
 .text.USART_StructInit
                0x00000000       0x1c ..\obj\stm32f4xx_usart.o
 .text.USART_ClockInit
                0x00000000       0x28 ..\obj\stm32f4xx_usart.o
 .text.USART_ClockStructInit
                0x00000000       0x10 ..\obj\stm32f4xx_usart.o
 .text.USART_Cmd
                0x00000000       0x20 ..\obj\stm32f4xx_usart.o
 .text.USART_SetPrescaler
                0x00000000       0x14 ..\obj\stm32f4xx_usart.o
 .text.USART_OverSampling8Cmd
                0x00000000       0x20 ..\obj\stm32f4xx_usart.o
 .text.USART_OneBitMethodCmd
                0x00000000       0x20 ..\obj\stm32f4xx_usart.o
 .text.USART_SendData
                0x00000000        0xc ..\obj\stm32f4xx_usart.o
 .text.USART_ReceiveData
                0x00000000        0xc ..\obj\stm32f4xx_usart.o
 .text.USART_SetAddress
                0x00000000       0x1c ..\obj\stm32f4xx_usart.o
 .text.USART_ReceiverWakeUpCmd
                0x00000000       0x20 ..\obj\stm32f4xx_usart.o
 .text.USART_WakeUpConfig
                0x00000000       0x1c ..\obj\stm32f4xx_usart.o
 .text.USART_LINBreakDetectLengthConfig
                0x00000000       0x1c ..\obj\stm32f4xx_usart.o
 .text.USART_LINCmd
                0x00000000       0x20 ..\obj\stm32f4xx_usart.o
 .text.USART_SendBreak
                0x00000000        0xc ..\obj\stm32f4xx_usart.o
 .text.USART_HalfDuplexCmd
                0x00000000       0x20 ..\obj\stm32f4xx_usart.o
 .text.USART_SetGuardTime
                0x00000000       0x14 ..\obj\stm32f4xx_usart.o
 .text.USART_SmartCardCmd
                0x00000000       0x20 ..\obj\stm32f4xx_usart.o
 .text.USART_SmartCardNACKCmd
                0x00000000       0x20 ..\obj\stm32f4xx_usart.o
 .text.USART_IrDAConfig
                0x00000000       0x1c ..\obj\stm32f4xx_usart.o
 .text.USART_IrDACmd
                0x00000000       0x20 ..\obj\stm32f4xx_usart.o
 .text.USART_DMACmd
                0x00000000       0x18 ..\obj\stm32f4xx_usart.o
 .text.USART_ITConfig
                0x00000000       0x3c ..\obj\stm32f4xx_usart.o
 .text.USART_GetFlagStatus
                0x00000000        0xc ..\obj\stm32f4xx_usart.o
 .text.USART_ClearFlag
                0x00000000        0xc ..\obj\stm32f4xx_usart.o
 .text.USART_GetITStatus
                0x00000000       0x50 ..\obj\stm32f4xx_usart.o
 .text.USART_ClearITPendingBit
                0x00000000       0x18 ..\obj\stm32f4xx_usart.o
 .text          0x00000000        0x0 ..\obj\stm32f4xx_pwr.o
 .data          0x00000000        0x0 ..\obj\stm32f4xx_pwr.o
 .bss           0x00000000        0x0 ..\obj\stm32f4xx_pwr.o
 .text.PWR_DeInit
                0x00000000       0x1c ..\obj\stm32f4xx_pwr.o
 .text.PWR_BackupAccessCmd
                0x00000000        0xc ..\obj\stm32f4xx_pwr.o
 .text.PWR_PVDLevelConfig
                0x00000000       0x14 ..\obj\stm32f4xx_pwr.o
 .text.PWR_PVDCmd
                0x00000000        0xc ..\obj\stm32f4xx_pwr.o
 .text.PWR_WakeUpPinCmd
                0x00000000        0xc ..\obj\stm32f4xx_pwr.o
 .text.PWR_BackupRegulatorCmd
                0x00000000        0xc ..\obj\stm32f4xx_pwr.o
 .text.PWR_MainRegulatorModeConfig
                0x00000000       0x28 ..\obj\stm32f4xx_pwr.o
 .text.PWR_FlashPowerDownCmd
                0x00000000        0xc ..\obj\stm32f4xx_pwr.o
 .text.PWR_EnterSTOPMode
                0x00000000       0x40 ..\obj\stm32f4xx_pwr.o
 .text.PWR_EnterSTANDBYMode
                0x00000000       0x2c ..\obj\stm32f4xx_pwr.o
 .text.PWR_GetFlagStatus
                0x00000000       0x14 ..\obj\stm32f4xx_pwr.o
 .text.PWR_ClearFlag
                0x00000000       0x14 ..\obj\stm32f4xx_pwr.o
 .text          0x00000000        0x0 ..\obj\stm32f4xx_hash_md5.o
 .data          0x00000000        0x0 ..\obj\stm32f4xx_hash_md5.o
 .bss           0x00000000        0x0 ..\obj\stm32f4xx_hash_md5.o
 .text.HASH_MD5
                0x00000000       0xa8 ..\obj\stm32f4xx_hash_md5.o
 .text.HMAC_MD5
                0x00000000      0x184 ..\obj\stm32f4xx_hash_md5.o
 .text          0x00000000        0x0 ..\obj\startup_stm32f4xx.o
 .data          0x00000000        0x0 ..\obj\startup_stm32f4xx.o
 .bss           0x00000000        0x0 ..\obj\startup_stm32f4xx.o
 .text          0x00000000        0x0 ..\obj\main.o
 .data          0x00000000        0x0 ..\obj\main.o
 .text          0x00000000        0x0 ..\obj\effect.o
 .data          0x00000000        0x0 ..\obj\effect.o
 .bss           0x00000000        0x0 ..\obj\effect.o
 .text.effect_test
                0x00000000       0x9c ..\obj\effect.o
 .text.effect_stringfly2
                0x00000000       0xa4 ..\obj\effect.o
 .text.effect_planboing
                0x00000000       0x60 ..\obj\effect.o
 .text.effect_blinky2
                0x00000000       0xbc ..\obj\effect.o
 .text.effect_box_shrink_grow
                0x00000000       0xa4 ..\obj\effect.o
 .text.effect_box_woopwoop
                0x00000000       0x50 ..\obj\effect.o
 .text.sendvoxel_z
                0x00000000       0x54 ..\obj\effect.o
 .text.sendplane_rand_z
                0x00000000       0x8c ..\obj\effect.o
 .text.sendvoxels_rand_z
                0x00000000       0xf4 ..\obj\effect.o
 .text.boingboing
                0x00000000      0x50c ..\obj\effect.o
 .text.effect_random_filler
                0x00000000       0xb4 ..\obj\effect.o
 .text.effect_rain
                0x00000000       0xa0 ..\obj\effect.o
 .text.draw_positions_axis
                0x00000000       0x70 ..\obj\effect.o
 .text.effect_axis_updown_randsuspend
                0x00000000       0xf8 ..\obj\effect.o
 .text.effect_z_updown_move
                0x00000000       0x44 ..\obj\effect.o
 .text.effect_z_updown
                0x00000000       0xf4 ..\obj\effect.o
 .text.effect_boxside_randsend_parallel
                0x00000000      0x100 ..\obj\effect.o
 .text.effect_loadbar
                0x00000000       0x8c ..\obj\effect.o
 .text.effect_random_sparkle_flash
                0x00000000       0x9c ..\obj\effect.o
 .text.effect_random_sparkle
                0x00000000       0x38 ..\obj\effect.o
 .text.effect_telcstairs_do
                0x00000000       0x3c ..\obj\effect.o
 .text.effect_telcstairs
                0x00000000       0x30 ..\obj\effect.o
 .text.effect_wormsqueeze
                0x00000000      0x144 ..\obj\effect.o
 .text.effect_smileyspin
                0x00000000      0x348 ..\obj\effect.o
 .text.effect_pathmove
                0x00000000       0x6c ..\obj\effect.o
 .text.effect_rand_patharound
                0x00000000       0x80 ..\obj\effect.o
 .text.effect_pathspiral
                0x00000000       0x64 ..\obj\effect.o
 .text.effect_path_text
                0x00000000       0xbc ..\obj\effect.o
 .text.effect_path_bitmap
                0x00000000       0xdc ..\obj\effect.o
 .rodata        0x00000000       0x20 ..\obj\effect.o
 .text          0x00000000        0x0 ..\obj\stm32f4xx_rcc.o
 .bss           0x00000000        0x0 ..\obj\stm32f4xx_rcc.o
 .text.RCC_DeInit
                0x00000000       0x38 ..\obj\stm32f4xx_rcc.o
 .text.RCC_HSEConfig
                0x00000000       0x14 ..\obj\stm32f4xx_rcc.o
 .text.RCC_AdjustHSICalibrationValue
                0x00000000       0x18 ..\obj\stm32f4xx_rcc.o
 .text.RCC_HSICmd
                0x00000000        0xc ..\obj\stm32f4xx_rcc.o
 .text.RCC_LSEConfig
                0x00000000       0x3c ..\obj\stm32f4xx_rcc.o
 .text.RCC_LSICmd
                0x00000000        0xc ..\obj\stm32f4xx_rcc.o
 .text.RCC_PLLConfig
                0x00000000       0x24 ..\obj\stm32f4xx_rcc.o
 .text.RCC_PLLCmd
                0x00000000        0xc ..\obj\stm32f4xx_rcc.o
 .text.RCC_PLLI2SConfig
                0x00000000       0x18 ..\obj\stm32f4xx_rcc.o
 .text.RCC_PLLI2SCmd
                0x00000000        0xc ..\obj\stm32f4xx_rcc.o
 .text.RCC_ClockSecuritySystemCmd
                0x00000000        0xc ..\obj\stm32f4xx_rcc.o
 .text.RCC_MCO1Config
                0x00000000       0x18 ..\obj\stm32f4xx_rcc.o
 .text.RCC_MCO2Config
                0x00000000       0x18 ..\obj\stm32f4xx_rcc.o
 .text.RCC_SYSCLKConfig
                0x00000000       0x14 ..\obj\stm32f4xx_rcc.o
 .text.RCC_GetSYSCLKSource
                0x00000000       0x10 ..\obj\stm32f4xx_rcc.o
 .text.RCC_HCLKConfig
                0x00000000       0x14 ..\obj\stm32f4xx_rcc.o
 .text.RCC_PCLK1Config
                0x00000000       0x14 ..\obj\stm32f4xx_rcc.o
 .text.RCC_PCLK2Config
                0x00000000       0x18 ..\obj\stm32f4xx_rcc.o
 .text.RCC_RTCCLKConfig
                0x00000000       0x3c ..\obj\stm32f4xx_rcc.o
 .text.RCC_RTCCLKCmd
                0x00000000        0xc ..\obj\stm32f4xx_rcc.o
 .text.RCC_BackupResetCmd
                0x00000000        0xc ..\obj\stm32f4xx_rcc.o
 .text.RCC_I2SCLKConfig
                0x00000000        0xc ..\obj\stm32f4xx_rcc.o
 .text.RCC_AHB2PeriphClockCmd
                0x00000000       0x24 ..\obj\stm32f4xx_rcc.o
 .text.RCC_AHB3PeriphClockCmd
                0x00000000       0x24 ..\obj\stm32f4xx_rcc.o
 .text.RCC_AHB1PeriphResetCmd
                0x00000000       0x24 ..\obj\stm32f4xx_rcc.o
 .text.RCC_AHB2PeriphResetCmd
                0x00000000       0x24 ..\obj\stm32f4xx_rcc.o
 .text.RCC_AHB3PeriphResetCmd
                0x00000000       0x24 ..\obj\stm32f4xx_rcc.o
 .text.RCC_APB1PeriphResetCmd
                0x00000000       0x24 ..\obj\stm32f4xx_rcc.o
 .text.RCC_APB2PeriphResetCmd
                0x00000000       0x24 ..\obj\stm32f4xx_rcc.o
 .text.RCC_AHB1PeriphClockLPModeCmd
                0x00000000       0x24 ..\obj\stm32f4xx_rcc.o
 .text.RCC_AHB2PeriphClockLPModeCmd
                0x00000000       0x24 ..\obj\stm32f4xx_rcc.o
 .text.RCC_AHB3PeriphClockLPModeCmd
                0x00000000       0x24 ..\obj\stm32f4xx_rcc.o
 .text.RCC_APB1PeriphClockLPModeCmd
                0x00000000       0x24 ..\obj\stm32f4xx_rcc.o
 .text.RCC_APB2PeriphClockLPModeCmd
                0x00000000       0x24 ..\obj\stm32f4xx_rcc.o
 .text.RCC_ITConfig
                0x00000000       0x24 ..\obj\stm32f4xx_rcc.o
 .text.RCC_GetFlagStatus
                0x00000000       0x34 ..\obj\stm32f4xx_rcc.o
 .text.RCC_WaitForHSEStartUp
                0x00000000       0x3c ..\obj\stm32f4xx_rcc.o
 .text.RCC_ClearFlag
                0x00000000       0x14 ..\obj\stm32f4xx_rcc.o
 .text.RCC_GetITStatus
                0x00000000       0x14 ..\obj\stm32f4xx_rcc.o
 .text.RCC_ClearITPendingBit
                0x00000000        0xc ..\obj\stm32f4xx_rcc.o
 .text          0x00000000        0x0 ..\obj\stm32f4xx_it.o
 .data          0x00000000        0x0 ..\obj\stm32f4xx_it.o
 .text          0x00000000        0x0 ..\obj\font.o
 .data          0x00000000      0x210 ..\obj\font.o
 .bss           0x00000000        0x0 ..\obj\font.o
 .text.font_getpath
                0x00000000       0x2c ..\obj\font.o
 .text.font_getchar
                0x00000000       0x2c ..\obj\font.o
 .text.font_getbitmap
                0x00000000       0x24 ..\obj\font.o
 .text.font_getbitmappixel
                0x00000000       0x1c ..\obj\font.o
 .rodata        0x00000000       0x2c ..\obj\font.o
 .text          0x00000000        0x0 ..\obj\stm32f4xx_adc.o
 .data          0x00000000        0x0 ..\obj\stm32f4xx_adc.o
 .bss           0x00000000        0x0 ..\obj\stm32f4xx_adc.o
 .text.ADC_DeInit
                0x00000000       0x1c ..\obj\stm32f4xx_adc.o
 .text.ADC_StructInit
                0x00000000       0x18 ..\obj\stm32f4xx_adc.o
 .text.ADC_CommonStructInit
                0x00000000       0x10 ..\obj\stm32f4xx_adc.o
 .text.ADC_AnalogWatchdogCmd
                0x00000000       0x10 ..\obj\stm32f4xx_adc.o
 .text.ADC_AnalogWatchdogThresholdsConfig
                0x00000000        0x8 ..\obj\stm32f4xx_adc.o
 .text.ADC_AnalogWatchdogSingleChannelConfig
                0x00000000        0xc ..\obj\stm32f4xx_adc.o
 .text.ADC_TempSensorVrefintCmd
                0x00000000       0x28 ..\obj\stm32f4xx_adc.o
 .text.ADC_VBATCmd
                0x00000000       0x28 ..\obj\stm32f4xx_adc.o
 .text.ADC_SoftwareStartConv
                0x00000000        0xc ..\obj\stm32f4xx_adc.o
 .text.ADC_GetSoftwareStartConvStatus
                0x00000000        0x8 ..\obj\stm32f4xx_adc.o
 .text.ADC_EOCOnEachRegularChannelCmd
                0x00000000       0x18 ..\obj\stm32f4xx_adc.o
 .text.ADC_ContinuousModeCmd
                0x00000000       0x18 ..\obj\stm32f4xx_adc.o
 .text.ADC_DiscModeChannelCountConfig
                0x00000000       0x14 ..\obj\stm32f4xx_adc.o
 .text.ADC_DiscModeCmd
                0x00000000       0x18 ..\obj\stm32f4xx_adc.o
 .text.ADC_GetConversionValue
                0x00000000        0x8 ..\obj\stm32f4xx_adc.o
 .text.ADC_GetMultiModeConversionValue
                0x00000000        0xc ..\obj\stm32f4xx_adc.o
 .text.ADC_MultiModeDMARequestAfterLastTransferCmd
                0x00000000       0x28 ..\obj\stm32f4xx_adc.o
 .text.ADC_InjectedChannelConfig
                0x00000000       0x70 ..\obj\stm32f4xx_adc.o
 .text.ADC_InjectedSequencerLengthConfig
                0x00000000       0x14 ..\obj\stm32f4xx_adc.o
 .text.ADC_SetInjectedOffset
                0x00000000       0x18 ..\obj\stm32f4xx_adc.o
 .text.ADC_ExternalTrigInjectedConvConfig
                0x00000000        0xc ..\obj\stm32f4xx_adc.o
 .text.ADC_ExternalTrigInjectedConvEdgeConfig
                0x00000000        0xc ..\obj\stm32f4xx_adc.o
 .text.ADC_SoftwareStartInjectedConv
                0x00000000        0xc ..\obj\stm32f4xx_adc.o
 .text.ADC_GetSoftwareStartInjectedConvCmdStatus
                0x00000000        0x8 ..\obj\stm32f4xx_adc.o
 .text.ADC_AutoInjectedConvCmd
                0x00000000       0x18 ..\obj\stm32f4xx_adc.o
 .text.ADC_InjectedDiscModeCmd
                0x00000000       0x18 ..\obj\stm32f4xx_adc.o
 .text.ADC_GetInjectedConversionValue
                0x00000000       0x20 ..\obj\stm32f4xx_adc.o
 .text.ADC_ITConfig
                0x00000000       0x20 ..\obj\stm32f4xx_adc.o
 .text.ADC_GetFlagStatus
                0x00000000        0xc ..\obj\stm32f4xx_adc.o
 .text.ADC_ClearFlag
                0x00000000        0x8 ..\obj\stm32f4xx_adc.o
 .text.ADC_GetITStatus
                0x00000000       0x24 ..\obj\stm32f4xx_adc.o
 .text.ADC_ClearITPendingBit
                0x00000000        0x8 ..\obj\stm32f4xx_adc.o
 .text          0x00000000        0x0 ..\obj\printf.o
 .bss           0x00000000        0x0 ..\obj\printf.o
 .text.PrintChar
                0x00000000        0x4 ..\obj\printf.o
 .text.snprintf
                0x00000000       0x1c ..\obj\printf.o
 .text.sprintf  0x00000000       0x1c ..\obj\printf.o
 .text.puts     0x00000000       0x14 ..\obj\printf.o
 .text.fprintf  0x00000000       0x1c ..\obj\printf.o
 .text          0x00000000        0x0 ..\obj\draw.o
 .data          0x00000000        0x0 ..\obj\draw.o
 .bss           0x00000000        0x0 ..\obj\draw.o
 .text.inrange  0x00000000       0x34 ..\obj\draw.o
 .text.tmpclrvoxel
                0x00000000       0x2c ..\obj\draw.o
 .text.clrvoxel
                0x00000000       0x2c ..\obj\draw.o
 .text.tmpsetvoxel
                0x00000000       0x2c ..\obj\draw.o
 .text.setvoxel
                0x00000000       0x2c ..\obj\draw.o
 .text.getvoxel
                0x00000000       0x2c ..\obj\draw.o
 .text.altervoxel
                0x00000000       0x14 ..\obj\draw.o
 .text.flpvoxel
                0x00000000       0x2c ..\obj\draw.o
 .text.argorder
                0x00000000       0x14 ..\obj\draw.o
 .text.setplane_z
                0x00000000       0x28 ..\obj\draw.o
 .text.clrplane_z
                0x00000000       0x28 ..\obj\draw.o
 .text.setplane_x
                0x00000000       0x44 ..\obj\draw.o
 .text.clrplane_x
                0x00000000       0x48 ..\obj\draw.o
 .text.setplane_y
                0x00000000       0x2c ..\obj\draw.o
 .text.clrplane_y
                0x00000000       0x2c ..\obj\draw.o
 .text.setplane
                0x00000000       0x28 ..\obj\draw.o
 .text.clrplane
                0x00000000       0x28 ..\obj\draw.o
 .text.tmpfill  0x00000000       0x2c ..\obj\draw.o
 .text.byteline
                0x00000000       0x18 ..\obj\draw.o
 .text.box_wireframe
                0x00000000       0xd8 ..\obj\draw.o
 .text.box_walls
                0x00000000       0xc4 ..\obj\draw.o
 .text.box_filled
                0x00000000       0x8c ..\obj\draw.o
 .text.flipbyte
                0x00000000       0x48 ..\obj\draw.o
 .text.line     0x00000000       0xd4 ..\obj\draw.o
 .text.delay_ms
                0x00000000       0x18 ..\obj\draw.o
 .text.tmp2cube
                0x00000000       0x1c ..\obj\draw.o
 .text.shift    0x00000000       0xf8 ..\obj\draw.o
 .text.mirror_y
                0x00000000       0x74 ..\obj\draw.o
 .text.mirror_x
                0x00000000       0x60 ..\obj\draw.o
 .text.mirror_z
                0x00000000       0x54 ..\obj\draw.o
 .text          0x00000000        0x0 ..\obj\stm32f4xx_fsmc.o
 .data          0x00000000        0x0 ..\obj\stm32f4xx_fsmc.o
 .bss           0x00000000        0x0 ..\obj\stm32f4xx_fsmc.o
 .text.FSMC_NORSRAMDeInit
                0x00000000       0x38 ..\obj\stm32f4xx_fsmc.o
 .text.FSMC_NORSRAMInit
                0x00000000       0xd4 ..\obj\stm32f4xx_fsmc.o
 .text.FSMC_NORSRAMStructInit
                0x00000000       0x70 ..\obj\stm32f4xx_fsmc.o
 .text.FSMC_NORSRAMCmd
                0x00000000       0x2c ..\obj\stm32f4xx_fsmc.o
 .text.FSMC_NANDDeInit
                0x00000000       0x24 ..\obj\stm32f4xx_fsmc.o
 .text.FSMC_NANDInit
                0x00000000       0x68 ..\obj\stm32f4xx_fsmc.o
 .text.FSMC_NANDStructInit
                0x00000000       0x3c ..\obj\stm32f4xx_fsmc.o
 .text.FSMC_NANDCmd
                0x00000000       0x34 ..\obj\stm32f4xx_fsmc.o
 .text.FSMC_NANDECCCmd
                0x00000000       0x34 ..\obj\stm32f4xx_fsmc.o
 .text.FSMC_GetECC
                0x00000000       0x1c ..\obj\stm32f4xx_fsmc.o
 .text.FSMC_PCCARDDeInit
                0x00000000       0x20 ..\obj\stm32f4xx_fsmc.o
 .text.FSMC_PCCARDInit
                0x00000000       0x70 ..\obj\stm32f4xx_fsmc.o
 .text.FSMC_PCCARDStructInit
                0x00000000       0x40 ..\obj\stm32f4xx_fsmc.o
 .text.FSMC_PCCARDCmd
                0x00000000       0x2c ..\obj\stm32f4xx_fsmc.o
 .text.FSMC_ITConfig
                0x00000000       0x5c ..\obj\stm32f4xx_fsmc.o
 .text.FSMC_GetFlagStatus
                0x00000000       0x2c ..\obj\stm32f4xx_fsmc.o
 .text.FSMC_ClearFlag
                0x00000000       0x30 ..\obj\stm32f4xx_fsmc.o
 .text.FSMC_GetITStatus
                0x00000000       0x38 ..\obj\stm32f4xx_fsmc.o
 .text.FSMC_ClearITPendingBit
                0x00000000       0x30 ..\obj\stm32f4xx_fsmc.o
 .text          0x00000000        0x0 ..\obj\stm32f4xx_gpio.o
 .data          0x00000000        0x0 ..\obj\stm32f4xx_gpio.o
 .bss           0x00000000        0x0 ..\obj\stm32f4xx_gpio.o
 .text.GPIO_DeInit
                0x00000000      0x158 ..\obj\stm32f4xx_gpio.o
 .text.GPIO_StructInit
                0x00000000       0x14 ..\obj\stm32f4xx_gpio.o
 .text.GPIO_PinLockConfig
                0x00000000       0x24 ..\obj\stm32f4xx_gpio.o
 .text.GPIO_ReadInputDataBit
                0x00000000        0xc ..\obj\stm32f4xx_gpio.o
 .text.GPIO_ReadInputData
                0x00000000        0x8 ..\obj\stm32f4xx_gpio.o
 .text.GPIO_ReadOutputDataBit
                0x00000000        0xc ..\obj\stm32f4xx_gpio.o
 .text.GPIO_WriteBit
                0x00000000        0xc ..\obj\stm32f4xx_gpio.o
 .text.GPIO_ToggleBits
                0x00000000        0x8 ..\obj\stm32f4xx_gpio.o
 .text          0x00000000        0x0 ..\obj\stm32f4xx_flash.o
 .data          0x00000000        0x0 ..\obj\stm32f4xx_flash.o
 .bss           0x00000000        0x0 ..\obj\stm32f4xx_flash.o
 .text.FLASH_SetLatency
                0x00000000       0x10 ..\obj\stm32f4xx_flash.o
 .text.FLASH_PrefetchBufferCmd
                0x00000000       0x28 ..\obj\stm32f4xx_flash.o
 .text.FLASH_InstructionCacheCmd
                0x00000000       0x28 ..\obj\stm32f4xx_flash.o
 .text.FLASH_DataCacheCmd
                0x00000000       0x28 ..\obj\stm32f4xx_flash.o
 .text.FLASH_InstructionCacheReset
                0x00000000       0x14 ..\obj\stm32f4xx_flash.o
 .text.FLASH_DataCacheReset
                0x00000000       0x14 ..\obj\stm32f4xx_flash.o
 .text.FLASH_Unlock
                0x00000000       0x2c ..\obj\stm32f4xx_flash.o
 .text.FLASH_Lock
                0x00000000       0x14 ..\obj\stm32f4xx_flash.o
 .text.FLASH_OB_Unlock
                0x00000000       0x30 ..\obj\stm32f4xx_flash.o
 .text.FLASH_OB_Lock
                0x00000000       0x14 ..\obj\stm32f4xx_flash.o
 .text.FLASH_OB_BORConfig
                0x00000000       0x18 ..\obj\stm32f4xx_flash.o
 .text.FLASH_OB_GetUser
                0x00000000       0x10 ..\obj\stm32f4xx_flash.o
 .text.FLASH_OB_GetWRP
                0x00000000       0x10 ..\obj\stm32f4xx_flash.o
 .text.FLASH_OB_GetRDP
                0x00000000       0x14 ..\obj\stm32f4xx_flash.o
 .text.FLASH_OB_GetBOR
                0x00000000       0x10 ..\obj\stm32f4xx_flash.o
 .text.FLASH_ITConfig
                0x00000000       0x24 ..\obj\stm32f4xx_flash.o
 .text.FLASH_GetFlagStatus
                0x00000000       0x14 ..\obj\stm32f4xx_flash.o
 .text.FLASH_ClearFlag
                0x00000000        0xc ..\obj\stm32f4xx_flash.o
 .text.FLASH_GetStatus
                0x00000000       0x5c ..\obj\stm32f4xx_flash.o
 .text.FLASH_WaitForLastOperation
                0x00000000       0x34 ..\obj\stm32f4xx_flash.o
 .text.FLASH_OB_Launch
                0x00000000       0x18 ..\obj\stm32f4xx_flash.o
 .text.FLASH_OB_UserConfig
                0x00000000       0x28 ..\obj\stm32f4xx_flash.o
 .text.FLASH_OB_RDPConfig
                0x00000000       0x18 ..\obj\stm32f4xx_flash.o
 .text.FLASH_OB_WRPConfig
                0x00000000       0x38 ..\obj\stm32f4xx_flash.o
 .text.FLASH_ProgramByte
                0x00000000       0x3c ..\obj\stm32f4xx_flash.o
 .text.FLASH_ProgramHalfWord
                0x00000000       0x40 ..\obj\stm32f4xx_flash.o
 .text.FLASH_ProgramWord
                0x00000000       0x40 ..\obj\stm32f4xx_flash.o
 .text.FLASH_ProgramDoubleWord
                0x00000000       0x44 ..\obj\stm32f4xx_flash.o
 .text.FLASH_EraseAllSectors
                0x00000000       0x60 ..\obj\stm32f4xx_flash.o
 .text.FLASH_EraseSector
                0x00000000       0x74 ..\obj\stm32f4xx_flash.o
 .text          0x00000000        0x0 ..\obj\gameoflife.o
 .data          0x00000000        0x0 ..\obj\gameoflife.o
 .bss           0x00000000        0x0 ..\obj\gameoflife.o
 .text.gol_count_neighbors
                0x00000000       0xb0 ..\obj\gameoflife.o
 .text.gol_nextgen
                0x00000000       0x90 ..\obj\gameoflife.o
 .text.gol_count_changes
                0x00000000       0x44 ..\obj\gameoflife.o
 .text.gol_play
                0x00000000       0x2c ..\obj\gameoflife.o
 .text          0x00000000        0x0 ..\obj\system_stm32f4xx.o
 .bss           0x00000000        0x0 ..\obj\system_stm32f4xx.o
 .text.SystemCoreClockUpdate
                0x00000000       0xdc ..\obj\system_stm32f4xx.o
 .text          0x00000000        0x0 ..\obj\syscalls.o
 .data          0x00000000        0x0 ..\obj\syscalls.o
 .bss           0x00000000        0x4 ..\obj\syscalls.o
 .text._sbrk    0x00000000       0x30 ..\obj\syscalls.o
 .text.link     0x00000000        0x8 ..\obj\syscalls.o
 .text._close   0x00000000        0x8 ..\obj\syscalls.o
 .text._fstat   0x00000000        0xc ..\obj\syscalls.o
 .text._isatty  0x00000000        0x8 ..\obj\syscalls.o
 .text._lseek   0x00000000        0x8 ..\obj\syscalls.o
 .text._read    0x00000000        0x8 ..\obj\syscalls.o
 .text._write   0x00000000        0x4 ..\obj\syscalls.o
 .text.abort    0x00000000        0x4 ..\obj\syscalls.o
 .text          0x00000000        0x0 ..\obj\stm32f4xx_dma.o
 .data          0x00000000        0x0 ..\obj\stm32f4xx_dma.o
 .bss           0x00000000        0x0 ..\obj\stm32f4xx_dma.o
 .text.DMA_DeInit
                0x00000000      0x1f4 ..\obj\stm32f4xx_dma.o
 .text.DMA_StructInit
                0x00000000       0x24 ..\obj\stm32f4xx_dma.o
 .text.DMA_PeriphIncOffsetSizeConfig
                0x00000000       0x18 ..\obj\stm32f4xx_dma.o
 .text.DMA_FlowControllerConfig
                0x00000000       0x18 ..\obj\stm32f4xx_dma.o
 .text.DMA_SetCurrDataCounter
                0x00000000        0x4 ..\obj\stm32f4xx_dma.o
 .text.DMA_GetCurrDataCounter
                0x00000000        0x8 ..\obj\stm32f4xx_dma.o
 .text.DMA_DoubleBufferModeConfig
                0x00000000       0x18 ..\obj\stm32f4xx_dma.o
 .text.DMA_DoubleBufferModeCmd
                0x00000000       0x18 ..\obj\stm32f4xx_dma.o
 .text.DMA_MemoryTargetConfig
                0x00000000        0xc ..\obj\stm32f4xx_dma.o
 .text.DMA_GetCurrentMemoryTarget
                0x00000000        0x8 ..\obj\stm32f4xx_dma.o
 .text.DMA_GetCmdStatus
                0x00000000        0x8 ..\obj\stm32f4xx_dma.o
 .text.DMA_GetFIFOStatus
                0x00000000        0x8 ..\obj\stm32f4xx_dma.o
 .text.DMA_GetFlagStatus
                0x00000000       0x44 ..\obj\stm32f4xx_dma.o
 .text.DMA_ClearFlag
                0x00000000       0x3c ..\obj\stm32f4xx_dma.o
 .text.DMA_ITConfig
                0x00000000       0x3c ..\obj\stm32f4xx_dma.o
 .text.DMA_GetITStatus
                0x00000000       0x68 ..\obj\stm32f4xx_dma.o
 .text.DMA_ClearITPendingBit
                0x00000000       0x3c ..\obj\stm32f4xx_dma.o
 .text          0x00000000        0x0 ..\obj\launch_effect.o
 .data          0x00000000        0x0 ..\obj\launch_effect.o
 .bss           0x00000000        0x0 ..\obj\launch_effect.o
 .text.launch_effect
                0x00000000      0x494 ..\obj\launch_effect.o
 .rodata.str1.4
                0x00000000       0x1c ..\obj\launch_effect.o
 .text          0x00000000        0x0 ..\obj\misc.o
 .data          0x00000000        0x0 ..\obj\misc.o
 .bss           0x00000000        0x0 ..\obj\misc.o
 .text.NVIC_PriorityGroupConfig
                0x00000000       0x14 ..\obj\misc.o
 .text.NVIC_SetVectorTable
                0x00000000       0x18 ..\obj\misc.o
 .text.NVIC_SystemLPConfig
                0x00000000       0x24 ..\obj\misc.o
 .text.SysTick_CLKSourceConfig
                0x00000000       0x1c ..\obj\misc.o
 .text          0x00000000        0x0 ..\obj\stm32f4xx_tim.o
 .data          0x00000000        0x0 ..\obj\stm32f4xx_tim.o
 .bss           0x00000000        0x0 ..\obj\stm32f4xx_tim.o
 .text.TI1_Config
                0x00000000       0x44 ..\obj\stm32f4xx_tim.o
 .text.TI2_Config
                0x00000000       0x4c ..\obj\stm32f4xx_tim.o
 .text.TIM_DeInit
                0x00000000      0x20c ..\obj\stm32f4xx_tim.o
 .text.TIM_TimeBaseStructInit
                0x00000000       0x14 ..\obj\stm32f4xx_tim.o
 .text.TIM_PrescalerConfig
                0x00000000        0x8 ..\obj\stm32f4xx_tim.o
 .text.TIM_CounterModeConfig
                0x00000000       0x14 ..\obj\stm32f4xx_tim.o
 .text.TIM_SetCounter
                0x00000000        0x4 ..\obj\stm32f4xx_tim.o
 .text.TIM_SetAutoreload
                0x00000000        0x4 ..\obj\stm32f4xx_tim.o
 .text.TIM_GetCounter
                0x00000000        0x4 ..\obj\stm32f4xx_tim.o
 .text.TIM_GetPrescaler
                0x00000000        0x8 ..\obj\stm32f4xx_tim.o
 .text.TIM_UpdateDisableConfig
                0x00000000       0x20 ..\obj\stm32f4xx_tim.o
 .text.TIM_UpdateRequestConfig
                0x00000000       0x20 ..\obj\stm32f4xx_tim.o
 .text.TIM_SelectOnePulseMode
                0x00000000       0x1c ..\obj\stm32f4xx_tim.o
 .text.TIM_SetClockDivision
                0x00000000       0x1c ..\obj\stm32f4xx_tim.o
 .text.TIM_OC2Init
                0x00000000       0x9c ..\obj\stm32f4xx_tim.o
 .text.TIM_OC4Init
                0x00000000       0x7c ..\obj\stm32f4xx_tim.o
 .text.TIM_OCStructInit
                0x00000000       0x18 ..\obj\stm32f4xx_tim.o
 .text.TIM_SelectOCxM
                0x00000000       0x58 ..\obj\stm32f4xx_tim.o
 .text.TIM_SetCompare1
                0x00000000        0x4 ..\obj\stm32f4xx_tim.o
 .text.TIM_SetCompare2
                0x00000000        0x4 ..\obj\stm32f4xx_tim.o
 .text.TIM_SetCompare3
                0x00000000        0x4 ..\obj\stm32f4xx_tim.o
 .text.TIM_SetCompare4
                0x00000000        0x4 ..\obj\stm32f4xx_tim.o
 .text.TIM_ForcedOC1Config
                0x00000000       0x14 ..\obj\stm32f4xx_tim.o
 .text.TIM_ForcedOC2Config
                0x00000000       0x18 ..\obj\stm32f4xx_tim.o
 .text.TIM_ForcedOC3Config
                0x00000000       0x14 ..\obj\stm32f4xx_tim.o
 .text.TIM_ForcedOC4Config
                0x00000000       0x18 ..\obj\stm32f4xx_tim.o
 .text.TIM_OC2PreloadConfig
                0x00000000       0x18 ..\obj\stm32f4xx_tim.o
 .text.TIM_OC4PreloadConfig
                0x00000000       0x18 ..\obj\stm32f4xx_tim.o
 .text.TIM_OC1FastConfig
                0x00000000       0x14 ..\obj\stm32f4xx_tim.o
 .text.TIM_OC2FastConfig
                0x00000000       0x18 ..\obj\stm32f4xx_tim.o
 .text.TIM_OC3FastConfig
                0x00000000       0x14 ..\obj\stm32f4xx_tim.o
 .text.TIM_OC4FastConfig
                0x00000000       0x18 ..\obj\stm32f4xx_tim.o
 .text.TIM_ClearOC1Ref
                0x00000000       0x14 ..\obj\stm32f4xx_tim.o
 .text.TIM_ClearOC2Ref
                0x00000000       0x14 ..\obj\stm32f4xx_tim.o
 .text.TIM_ClearOC3Ref
                0x00000000       0x14 ..\obj\stm32f4xx_tim.o
 .text.TIM_ClearOC4Ref
                0x00000000       0x14 ..\obj\stm32f4xx_tim.o
 .text.TIM_OC1PolarityConfig
                0x00000000       0x14 ..\obj\stm32f4xx_tim.o
 .text.TIM_OC1NPolarityConfig
                0x00000000       0x14 ..\obj\stm32f4xx_tim.o
 .text.TIM_OC2PolarityConfig
                0x00000000       0x18 ..\obj\stm32f4xx_tim.o
 .text.TIM_OC2NPolarityConfig
                0x00000000       0x18 ..\obj\stm32f4xx_tim.o
 .text.TIM_OC3PolarityConfig
                0x00000000       0x18 ..\obj\stm32f4xx_tim.o
 .text.TIM_OC3NPolarityConfig
                0x00000000       0x18 ..\obj\stm32f4xx_tim.o
 .text.TIM_OC4PolarityConfig
                0x00000000       0x18 ..\obj\stm32f4xx_tim.o
 .text.TIM_CCxCmd
                0x00000000       0x24 ..\obj\stm32f4xx_tim.o
 .text.TIM_CCxNCmd
                0x00000000       0x24 ..\obj\stm32f4xx_tim.o
 .text.TIM_ICStructInit
                0x00000000       0x14 ..\obj\stm32f4xx_tim.o
 .text.TIM_GetCapture1
                0x00000000        0x4 ..\obj\stm32f4xx_tim.o
 .text.TIM_GetCapture2
                0x00000000        0x4 ..\obj\stm32f4xx_tim.o
 .text.TIM_GetCapture3
                0x00000000        0x4 ..\obj\stm32f4xx_tim.o
 .text.TIM_GetCapture4
                0x00000000        0x4 ..\obj\stm32f4xx_tim.o
 .text.TIM_SetIC1Prescaler
                0x00000000       0x1c ..\obj\stm32f4xx_tim.o
 .text.TIM_SetIC2Prescaler
                0x00000000       0x20 ..\obj\stm32f4xx_tim.o
 .text.TIM_PWMIConfig
                0x00000000       0x68 ..\obj\stm32f4xx_tim.o
 .text.TIM_SetIC3Prescaler
                0x00000000       0x1c ..\obj\stm32f4xx_tim.o
 .text.TIM_SetIC4Prescaler
                0x00000000       0x20 ..\obj\stm32f4xx_tim.o
 .text.TIM_ICInit
                0x00000000       0xe0 ..\obj\stm32f4xx_tim.o
 .text.TIM_BDTRConfig
                0x00000000       0x24 ..\obj\stm32f4xx_tim.o
 .text.TIM_BDTRStructInit
                0x00000000       0x14 ..\obj\stm32f4xx_tim.o
 .text.TIM_CtrlPWMOutputs
                0x00000000       0x28 ..\obj\stm32f4xx_tim.o
 .text.TIM_SelectCOM
                0x00000000       0x20 ..\obj\stm32f4xx_tim.o
 .text.TIM_CCPreloadControl
                0x00000000       0x20 ..\obj\stm32f4xx_tim.o
 .text.TIM_GenerateEvent
                0x00000000        0x4 ..\obj\stm32f4xx_tim.o
 .text.TIM_GetFlagStatus
                0x00000000        0xc ..\obj\stm32f4xx_tim.o
 .text.TIM_ClearFlag
                0x00000000        0xc ..\obj\stm32f4xx_tim.o
 .text.TIM_DMAConfig
                0x00000000        0x8 ..\obj\stm32f4xx_tim.o
 .text.TIM_DMACmd
                0x00000000       0x18 ..\obj\stm32f4xx_tim.o
 .text.TIM_SelectCCDMA
                0x00000000       0x20 ..\obj\stm32f4xx_tim.o
 .text.TIM_InternalClockConfig
                0x00000000       0x14 ..\obj\stm32f4xx_tim.o
 .text.TIM_SelectInputTrigger
                0x00000000       0x14 ..\obj\stm32f4xx_tim.o
 .text.TIM_TIxExternalClockConfig
                0x00000000       0x34 ..\obj\stm32f4xx_tim.o
 .text.TIM_ITRxExternalClockConfig
                0x00000000       0x14 ..\obj\stm32f4xx_tim.o
 .text.TIM_SelectOutputTrigger
                0x00000000       0x1c ..\obj\stm32f4xx_tim.o
 .text.TIM_SelectSlaveMode
                0x00000000       0x1c ..\obj\stm32f4xx_tim.o
 .text.TIM_SelectMasterSlaveMode
                0x00000000       0x1c ..\obj\stm32f4xx_tim.o
 .text.TIM_ETRConfig
                0x00000000       0x18 ..\obj\stm32f4xx_tim.o
 .text.TIM_ETRClockMode2Config
                0x00000000       0x14 ..\obj\stm32f4xx_tim.o
 .text.TIM_ETRClockMode1Config
                0x00000000       0x20 ..\obj\stm32f4xx_tim.o
 .text.TIM_EncoderInterfaceConfig
                0x00000000       0x4c ..\obj\stm32f4xx_tim.o
 .text.TIM_SelectHallSensor
                0x00000000       0x20 ..\obj\stm32f4xx_tim.o
 .text.TIM_RemapConfig
                0x00000000        0x8 ..\obj\stm32f4xx_tim.o
 .text          0x00000000      0x370 c:/program files (x86)/gnu tools arm embedded/4.6 2012q2/bin/../lib/gcc/arm-none-eabi/4.6.2/armv7e-m\libgcc.a(_arm_addsubdf3.o)
 .data          0x00000000        0x0 c:/program files (x86)/gnu tools arm embedded/4.6 2012q2/bin/../lib/gcc/arm-none-eabi/4.6.2/armv7e-m\libgcc.a(_arm_addsubdf3.o)
 .bss           0x00000000        0x0 c:/program files (x86)/gnu tools arm embedded/4.6 2012q2/bin/../lib/gcc/arm-none-eabi/4.6.2/armv7e-m\libgcc.a(_arm_addsubdf3.o)
 .text          0x00000000       0x50 c:/program files (x86)/gnu tools arm embedded/4.6 2012q2/bin/../lib/gcc/arm-none-eabi/4.6.2/armv7e-m\libgcc.a(_arm_fixdfsi.o)
 .data          0x00000000        0x0 c:/program files (x86)/gnu tools arm embedded/4.6 2012q2/bin/../lib/gcc/arm-none-eabi/4.6.2/armv7e-m\libgcc.a(_arm_fixdfsi.o)
 .bss           0x00000000        0x0 c:/program files (x86)/gnu tools arm embedded/4.6 2012q2/bin/../lib/gcc/arm-none-eabi/4.6.2/armv7e-m\libgcc.a(_arm_fixdfsi.o)
 .text          0x00000000      0x21c c:/program files (x86)/gnu tools arm embedded/4.6 2012q2/bin/../lib/gcc/arm-none-eabi/4.6.2/armv7e-m\libgcc.a(_arm_addsubsf3.o)
 .data          0x00000000        0x0 c:/program files (x86)/gnu tools arm embedded/4.6 2012q2/bin/../lib/gcc/arm-none-eabi/4.6.2/armv7e-m\libgcc.a(_arm_addsubsf3.o)
 .bss           0x00000000        0x0 c:/program files (x86)/gnu tools arm embedded/4.6 2012q2/bin/../lib/gcc/arm-none-eabi/4.6.2/armv7e-m\libgcc.a(_arm_addsubsf3.o)
 .text          0x00000000      0x2a0 c:/program files (x86)/gnu tools arm embedded/4.6 2012q2/bin/../lib/gcc/arm-none-eabi/4.6.2/armv7e-m\libgcc.a(_arm_muldivsf3.o)
 .data          0x00000000        0x0 c:/program files (x86)/gnu tools arm embedded/4.6 2012q2/bin/../lib/gcc/arm-none-eabi/4.6.2/armv7e-m\libgcc.a(_arm_muldivsf3.o)
 .bss           0x00000000        0x0 c:/program files (x86)/gnu tools arm embedded/4.6 2012q2/bin/../lib/gcc/arm-none-eabi/4.6.2/armv7e-m\libgcc.a(_arm_muldivsf3.o)
 .text          0x00000000       0x40 c:/program files (x86)/gnu tools arm embedded/4.6 2012q2/bin/../lib/gcc/arm-none-eabi/4.6.2/armv7e-m\libgcc.a(_arm_fixunssfsi.o)
 .data          0x00000000        0x0 c:/program files (x86)/gnu tools arm embedded/4.6 2012q2/bin/../lib/gcc/arm-none-eabi/4.6.2/armv7e-m\libgcc.a(_arm_fixunssfsi.o)
 .bss           0x00000000        0x0 c:/program files (x86)/gnu tools arm embedded/4.6 2012q2/bin/../lib/gcc/arm-none-eabi/4.6.2/armv7e-m\libgcc.a(_arm_fixunssfsi.o)
 .text          0x00000000        0x0 c:/program files (x86)/gnu tools arm embedded/4.6 2012q2/bin/../lib/gcc/arm-none-eabi/4.6.2/../../../../arm-none-eabi/lib/armv7e-m\libg.a(lib_a-memcpy.o)
 .data          0x00000000        0x0 c:/program files (x86)/gnu tools arm embedded/4.6 2012q2/bin/../lib/gcc/arm-none-eabi/4.6.2/../../../../arm-none-eabi/lib/armv7e-m\libg.a(lib_a-memcpy.o)
 .bss           0x00000000        0x0 c:/program files (x86)/gnu tools arm embedded/4.6 2012q2/bin/../lib/gcc/arm-none-eabi/4.6.2/../../../../arm-none-eabi/lib/armv7e-m\libg.a(lib_a-memcpy.o)
 .text.memcpy   0x00000000       0x84 c:/program files (x86)/gnu tools arm embedded/4.6 2012q2/bin/../lib/gcc/arm-none-eabi/4.6.2/../../../../arm-none-eabi/lib/armv7e-m\libg.a(lib_a-memcpy.o)
 .text          0x00000000        0x0 c:/program files (x86)/gnu tools arm embedded/4.6 2012q2/bin/../lib/gcc/arm-none-eabi/4.6.2/../../../../arm-none-eabi/lib/armv7e-m\libg.a(lib_a-rand.o)
 .data          0x00000000        0x0 c:/program files (x86)/gnu tools arm embedded/4.6 2012q2/bin/../lib/gcc/arm-none-eabi/4.6.2/../../../../arm-none-eabi/lib/armv7e-m\libg.a(lib_a-rand.o)
 .bss           0x00000000        0x0 c:/program files (x86)/gnu tools arm embedded/4.6 2012q2/bin/../lib/gcc/arm-none-eabi/4.6.2/../../../../arm-none-eabi/lib/armv7e-m\libg.a(lib_a-rand.o)
 .text.srand    0x00000000       0x18 c:/program files (x86)/gnu tools arm embedded/4.6 2012q2/bin/../lib/gcc/arm-none-eabi/4.6.2/../../../../arm-none-eabi/lib/armv7e-m\libg.a(lib_a-rand.o)
 .text.rand     0x00000000       0x48 c:/program files (x86)/gnu tools arm embedded/4.6 2012q2/bin/../lib/gcc/arm-none-eabi/4.6.2/../../../../arm-none-eabi/lib/armv7e-m\libg.a(lib_a-rand.o)

Memory Configuration

Name             Origin             Length             Attributes
rom              0x08000000         0x00100000         xr
ram              0x20000000         0x00020000         xrw
ram1             0x10000000         0x00010000         xrw
*default*        0x00000000         0xffffffff

Linker script and memory map

LOAD c:/program files (x86)/gnu tools arm embedded/4.6 2012q2/bin/../lib/gcc/arm-none-eabi/4.6.2/armv7e-m\libgcc.a
LOAD c:/program files (x86)/gnu tools arm embedded/4.6 2012q2/bin/../lib/gcc/arm-none-eabi/4.6.2/../../../../arm-none-eabi/lib/armv7e-m\libc.a
LOAD c:/program files (x86)/gnu tools arm embedded/4.6 2012q2/bin/../lib/gcc/arm-none-eabi/4.6.2/../../../../arm-none-eabi/lib/armv7e-m\libm.a
                0x20020000                _eram = 0x20020000

.text           0x08000000     0x13f8
 *(.isr_vector .isr_vector.*)
 .isr_vector    0x08000000      0x188 ..\obj\startup_stm32f4xx.o
                0x08000000                g_pfnVectors
 *(.text .text.* .gnu.linkonce.t.*)
 .text.Default_Reset_Handler
                0x08000188       0x5c ..\obj\startup_stm32f4xx.o
                0x08000188                Default_Reset_Handler
                0x08000188                Reset_Handler
 .text.Default_Handler
                0x080001e4        0x4 ..\obj\startup_stm32f4xx.o
                0x080001e4                RTC_Alarm_IRQHandler
                0x080001e4                HASH_RNG_IRQHandler
                0x080001e4                EXTI2_IRQHandler
                0x080001e4                TIM8_CC_IRQHandler
                0x080001e4                TIM1_CC_IRQHandler
                0x080001e4                DMA2_Stream5_IRQHandler
                0x080001e4                HardFault_Handler
                0x080001e4                DMA1_Stream5_IRQHandler
                0x080001e4                PVD_IRQHandler
                0x080001e4                SDIO_IRQHandler
                0x080001e4                TAMP_STAMP_IRQHandler
                0x080001e4                CAN2_RX1_IRQHandler
                0x080001e4                EXTI3_IRQHandler
                0x080001e4                TIM8_TRG_COM_TIM14_IRQHandler
                0x080001e4                TIM1_UP_TIM10_IRQHandler
                0x080001e4                TIM8_UP_TIM13_IRQHandler
                0x080001e4                I2C3_ER_IRQHandler
                0x080001e4                EXTI0_IRQHandler
                0x080001e4                I2C2_EV_IRQHandler
                0x080001e4                DMA1_Stream2_IRQHandler
                0x080001e4                CAN1_RX0_IRQHandler
                0x080001e4                FPU_IRQHandler
                0x080001e4                OTG_HS_WKUP_IRQHandler
                0x080001e4                CAN2_SCE_IRQHandler
                0x080001e4                DMA2_Stream2_IRQHandler
                0x080001e4                SPI1_IRQHandler
                0x080001e4                TIM6_DAC_IRQHandler
                0x080001e4                TIM1_BRK_TIM9_IRQHandler
                0x080001e4                DCMI_IRQHandler
                0x080001e4                CAN2_RX0_IRQHandler
                0x080001e4                DMA2_Stream3_IRQHandler
                0x080001e4                USART6_IRQHandler
                0x080001e4                USART3_IRQHandler
                0x080001e4                CRYP_IRQHandler
                0x080001e4                CAN1_RX1_IRQHandler
                0x080001e4                UART5_IRQHandler
                0x080001e4                DMA2_Stream0_IRQHandler
                0x080001e4                TIM4_IRQHandler
                0x080001e4                I2C1_EV_IRQHandler
                0x080001e4                DMA1_Stream6_IRQHandler
                0x080001e4                DMA1_Stream1_IRQHandler
                0x080001e4                UART4_IRQHandler
                0x080001e4                TIM3_IRQHandler
                0x080001e4                RCC_IRQHandler
                0x080001e4                TIM8_BRK_TIM12_IRQHandler
                0x080001e4                EXTI15_10_IRQHandler
                0x080001e4                ADC_IRQHandler
                0x080001e4                DMA1_Stream7_IRQHandler
                0x080001e4                TIM7_IRQHandler
                0x080001e4                CAN2_TX_IRQHandler
                0x080001e4                TIM5_IRQHandler
                0x080001e4                DMA2_Stream7_IRQHandler
                0x080001e4                I2C3_EV_IRQHandler
                0x080001e4                EXTI9_5_IRQHandler
                0x080001e4                RTC_WKUP_IRQHandler
                0x080001e4                ETH_WKUP_IRQHandler
                0x080001e4                SPI2_IRQHandler
                0x080001e4                OTG_HS_EP1_IN_IRQHandler
                0x080001e4                DMA1_Stream0_IRQHandler
                0x080001e4                CAN1_TX_IRQHandler
                0x080001e4                EXTI4_IRQHandler
                0x080001e4                FSMC_IRQHandler
                0x080001e4                ETH_IRQHandler
                0x080001e4                OTG_HS_EP1_OUT_IRQHandler
                0x080001e4                WWDG_IRQHandler
                0x080001e4                OTG_FS_WKUP_IRQHandler
                0x080001e4                TIM1_TRG_COM_TIM11_IRQHandler
                0x080001e4                OTG_HS_IRQHandler
                0x080001e4                EXTI1_IRQHandler
                0x080001e4                USART2_IRQHandler
                0x080001e4                I2C2_ER_IRQHandler
                0x080001e4                DMA2_Stream1_IRQHandler
                0x080001e4                CAN1_SCE_IRQHandler
                0x080001e4                FLASH_IRQHandler
                0x080001e4                DMA2_Stream4_IRQHandler
                0x080001e4                USART1_IRQHandler
                0x080001e4                OTG_FS_IRQHandler
                0x080001e4                SPI3_IRQHandler
                0x080001e4                DMA1_Stream4_IRQHandler
                0x080001e4                I2C1_ER_IRQHandler
                0x080001e4                DMA2_Stream6_IRQHandler
                0x080001e4                DMA1_Stream3_IRQHandler
 .text.GPIO_Conf
                0x080001e8       0xc8 ..\obj\main.o
                0x080001e8                GPIO_Conf
 .text.TIM2_Config
                0x080002b0       0x68 ..\obj\main.o
                0x080002b0                TIM2_Config
 .text.TIM3_Config
                0x08000318       0x5c ..\obj\main.o
                0x08000318                TIM3_Config
 .text.PWM_Config
                0x08000374       0x94 ..\obj\main.o
                0x08000374                PWM_Config
 .text.PWM_SetDC
                0x08000408       0x34 ..\obj\main.o
                0x08000408                PWM_SetDC
 .text.ADC3_CH7_DMA_Config
                0x0800043c       0xfc ..\obj\main.o
                0x0800043c                ADC3_CH7_DMA_Config
 .text.main     0x08000538       0xa0 ..\obj\main.o
                0x08000538                main
 .text.RCC_GetClocksFreq
                0x080005d8       0xd8 ..\obj\stm32f4xx_rcc.o
                0x080005d8                RCC_GetClocksFreq
 .text.RCC_AHB1PeriphClockCmd
                0x080006b0       0x24 ..\obj\stm32f4xx_rcc.o
                0x080006b0                RCC_AHB1PeriphClockCmd
 .text.RCC_APB1PeriphClockCmd
                0x080006d4       0x24 ..\obj\stm32f4xx_rcc.o
                0x080006d4                RCC_APB1PeriphClockCmd
 .text.RCC_APB2PeriphClockCmd
                0x080006f8       0x24 ..\obj\stm32f4xx_rcc.o
                0x080006f8                RCC_APB2PeriphClockCmd
 .text.NMI_Handler
                0x0800071c        0x4 ..\obj\stm32f4xx_it.o
                0x0800071c                NMI_Handler
 .text.MemManage_Handler
                0x08000720        0x4 ..\obj\stm32f4xx_it.o
                0x08000720                MemManage_Handler
 .text.BusFault_Handler
                0x08000724        0x4 ..\obj\stm32f4xx_it.o
                0x08000724                BusFault_Handler
 .text.UsageFault_Handler
                0x08000728        0x4 ..\obj\stm32f4xx_it.o
                0x08000728                UsageFault_Handler
 .text.SVC_Handler
                0x0800072c        0x4 ..\obj\stm32f4xx_it.o
                0x0800072c                SVC_Handler
 .text.DebugMon_Handler
                0x08000730        0x4 ..\obj\stm32f4xx_it.o
                0x08000730                DebugMon_Handler
 .text.PendSV_Handler
                0x08000734        0x4 ..\obj\stm32f4xx_it.o
                0x08000734                PendSV_Handler
 .text.SysTick_Handler
                0x08000738       0x24 ..\obj\stm32f4xx_it.o
                0x08000738                SysTick_Handler
 .text.TIM2_IRQHandler
                0x0800075c       0xe4 ..\obj\stm32f4xx_it.o
                0x0800075c                TIM2_IRQHandler
 .text.ADC_Init
                0x08000840       0x50 ..\obj\stm32f4xx_adc.o
                0x08000840                ADC_Init
 .text.ADC_CommonInit
                0x08000890       0x2c ..\obj\stm32f4xx_adc.o
                0x08000890                ADC_CommonInit
 .text.ADC_Cmd  0x080008bc       0x18 ..\obj\stm32f4xx_adc.o
                0x080008bc                ADC_Cmd
 .text.ADC_RegularChannelConfig
                0x080008d4       0xb4 ..\obj\stm32f4xx_adc.o
                0x080008d4                ADC_RegularChannelConfig
 .text.ADC_DMACmd
                0x08000988       0x18 ..\obj\stm32f4xx_adc.o
                0x08000988                ADC_DMACmd
 .text.ADC_DMARequestAfterLastTransferCmd
                0x080009a0       0x18 ..\obj\stm32f4xx_adc.o
                0x080009a0                ADC_DMARequestAfterLastTransferCmd
 .text.PutChar  0x080009b8        0x8 ..\obj\printf.o
                0x080009b8                PutChar
 .text.PutString
                0x080009c0       0x20 ..\obj\printf.o
                0x080009c0                PutString
 .text.PutUnsignedInt
                0x080009e0       0x84 ..\obj\printf.o
                0x080009e0                PutUnsignedInt
 .text.PutSignedInt
                0x08000a64       0xac ..\obj\printf.o
                0x08000a64                PutSignedInt
 .text.PutHexa  0x08000b10       0x98 ..\obj\printf.o
                0x08000b10                PutHexa
 .text.vsnprintf
                0x08000ba8      0x174 ..\obj\printf.o
                0x08000ba8                vsnprintf
 .text.vsprintf
                0x08000d1c       0x14 ..\obj\printf.o
                0x08000d1c                vsprintf
 .text.fputc    0x08000d30       0x1c ..\obj\printf.o
                0x08000d30                fputc
 .text.fputs    0x08000d4c       0x38 ..\obj\printf.o
                0x08000d4c                fputs
 .text.vfprintf
                0x08000d84       0x50 ..\obj\printf.o
                0x08000d84                vfprintf
 .text.vprintf  0x08000dd4       0x1c ..\obj\printf.o
                0x08000dd4                vprintf
 .text.printf   0x08000df0       0x1c ..\obj\printf.o
                0x08000df0                printf
 .text.fill     0x08000e0c       0x2c ..\obj\draw.o
                0x08000e0c                fill
 .text.GPIO_Init
                0x08000e38       0xbc ..\obj\stm32f4xx_gpio.o
                0x08000e38                GPIO_Init
 .text.GPIO_ReadOutputData
                0x08000ef4        0x8 ..\obj\stm32f4xx_gpio.o
                0x08000ef4                GPIO_ReadOutputData
 .text.GPIO_SetBits
                0x08000efc        0x4 ..\obj\stm32f4xx_gpio.o
                0x08000efc                GPIO_SetBits
 .text.GPIO_ResetBits
                0x08000f00        0x4 ..\obj\stm32f4xx_gpio.o
                0x08000f00                GPIO_ResetBits
 .text.GPIO_Write
                0x08000f04        0x4 ..\obj\stm32f4xx_gpio.o
                0x08000f04                GPIO_Write
 .text.GPIO_PinAFConfig
                0x08000f08       0x38 ..\obj\stm32f4xx_gpio.o
                0x08000f08                GPIO_PinAFConfig
 .text.SystemInit
                0x08000f40      0x124 ..\obj\system_stm32f4xx.o
                0x08000f40                SystemInit
 .text.DMA_Init
                0x08001064       0x58 ..\obj\stm32f4xx_dma.o
                0x08001064                DMA_Init
 .text.DMA_Cmd  0x080010bc       0x18 ..\obj\stm32f4xx_dma.o
                0x080010bc                DMA_Cmd
 .text.NVIC_Init
                0x080010d4       0x88 ..\obj\misc.o
                0x080010d4                NVIC_Init
 .text.TIM_TimeBaseInit
                0x0800115c       0xac ..\obj\stm32f4xx_tim.o
                0x0800115c                TIM_TimeBaseInit
 .text.TIM_ARRPreloadConfig
                0x08001208       0x20 ..\obj\stm32f4xx_tim.o
                0x08001208                TIM_ARRPreloadConfig
 .text.TIM_Cmd  0x08001228       0x20 ..\obj\stm32f4xx_tim.o
                0x08001228                TIM_Cmd
 .text.TIM_OC1Init
                0x08001248       0x8c ..\obj\stm32f4xx_tim.o
                0x08001248                TIM_OC1Init
 .text.TIM_OC3Init
                0x080012d4       0x98 ..\obj\stm32f4xx_tim.o
                0x080012d4                TIM_OC3Init
 .text.TIM_OC1PreloadConfig
                0x0800136c       0x14 ..\obj\stm32f4xx_tim.o
                0x0800136c                TIM_OC1PreloadConfig
 .text.TIM_OC3PreloadConfig
                0x08001380       0x14 ..\obj\stm32f4xx_tim.o
                0x08001380                TIM_OC3PreloadConfig
 .text.TIM_ITConfig
                0x08001394       0x18 ..\obj\stm32f4xx_tim.o
                0x08001394                TIM_ITConfig
 .text.TIM_GetITStatus
                0x080013ac       0x1c ..\obj\stm32f4xx_tim.o
                0x080013ac                TIM_GetITStatus
 .text.TIM_ClearITPendingBit
                0x080013c8        0xc ..\obj\stm32f4xx_tim.o
                0x080013c8                TIM_ClearITPendingBit
 *(.glue_7t)
 .glue_7t       0x00000000        0x0 linker stubs
 *(.glue_7)
 .glue_7        0x00000000        0x0 linker stubs
 *(.rodata .rodata* .gnu.linkonce.r.*)
 .rodata.str1.4
                0x080013d4       0x24 ..\obj\printf.o

.vfp11_veneer   0x080013f8        0x0
 .vfp11_veneer  0x00000000        0x0 linker stubs

.v4_bx          0x080013f8        0x0
 .v4_bx         0x00000000        0x0 linker stubs

.ARM.extab
 *(.ARM.extab* .gnu.linkonce.armextab.*)
                0x080013f8                __exidx_start = .

.ARM.exidx
 *(.ARM.exidx* .gnu.linkonce.armexidx.*)
                0x080013f8                __exidx_end = .
                0x080013f8                . = ALIGN (0x4)
                0x080013f8                _etext = .
                0x080013f8                _sidata = .

.data           0x20000000      0x454 load address 0x080013f8
                0x20000000                _sdata = .
 *(.data .data.*)
 .data          0x20000000       0x10 ..\obj\stm32f4xx_rcc.o
 .data          0x20000010      0x430 ..\obj\printf.o
                0x20000010                _impure_ptr
                0x20000018                r
 .data          0x20000440       0x14 ..\obj\system_stm32f4xx.o
                0x20000440                SystemCoreClock
                0x20000444                AHBPrescTable
                0x20000454                . = ALIGN (0x4)
                0x20000454                _edata = .

.bss            0x20000454       0xc8 load address 0x0800184c
                0x20000454                _sbss = .
 *(.bss .bss.*)
 .bss           0x20000454        0x8 ..\obj\main.o
                0x20000454                ADC1ConvertedValue
                0x20000458                ADC3ConvertedVoltage
 .bss           0x2000045c        0x1 ..\obj\stm32f4xx_it.o
 *(COMMON)
 *fill*         0x2000045d        0x3 00
 COMMON         0x20000460       0xb8 ..\obj\main.o
                0x20000460                TIM_TimeBaseStructure
                0x2000046c                fb
                0x200004ac                cube
                0x200004ec                TIM_OCInitStructure
                0x20000500                GPIO_InitStructure
                0x20000508                RCC_Clocks
 COMMON         0x20000518        0x2 ..\obj\stm32f4xx_it.o
                0x20000518                delay_ticks
                0x2000051c                . = ALIGN (0x4)
 *fill*         0x2000051a        0x2 00
                0x2000051c                _ebss = .

.co_stack       0x2000051c      0x804 load address 0x08001914
                0x20000520                . = ALIGN (0x8)
 *fill*         0x2000051c        0x4 00
 *(.co_stack .co_stack.*)
 .co_stack      0x20000520      0x800 ..\obj\startup_stm32f4xx.o
                0x20000520                pulStack
                0x20000d20                . = ALIGN (0x4)
                0x20000d20                _end = .
LOAD ..\obj\stm32f4xx_syscfg.o
LOAD ..\obj\stm32f4xx_hash.o
LOAD ..\obj\stm32f4xx_hash_sha1.o
LOAD ..\obj\stm32f4xx_usart.o
LOAD ..\obj\stm32f4xx_pwr.o
LOAD ..\obj\stm32f4xx_hash_md5.o
LOAD ..\obj\startup_stm32f4xx.o
LOAD ..\obj\main.o
LOAD ..\obj\effect.o
LOAD ..\obj\stm32f4xx_rcc.o
LOAD ..\obj\stm32f4xx_it.o
LOAD ..\obj\font.o
LOAD ..\obj\stm32f4xx_adc.o
LOAD ..\obj\printf.o
LOAD ..\obj\draw.o
LOAD ..\obj\stm32f4xx_fsmc.o
LOAD ..\obj\stm32f4xx_gpio.o
LOAD ..\obj\stm32f4xx_flash.o
LOAD ..\obj\gameoflife.o
LOAD ..\obj\system_stm32f4xx.o
LOAD ..\obj\syscalls.o
LOAD ..\obj\stm32f4xx_dma.o
LOAD ..\obj\launch_effect.o
LOAD ..\obj\misc.o
LOAD ..\obj\stm32f4xx_tim.o
START GROUP
LOAD c:/program files (x86)/gnu tools arm embedded/4.6 2012q2/bin/../lib/gcc/arm-none-eabi/4.6.2/armv7e-m\libgcc.a
LOAD c:/program files (x86)/gnu tools arm embedded/4.6 2012q2/bin/../lib/gcc/arm-none-eabi/4.6.2/../../../../arm-none-eabi/lib/armv7e-m\libg.a
LOAD c:/program files (x86)/gnu tools arm embedded/4.6 2012q2/bin/../lib/gcc/arm-none-eabi/4.6.2/../../../../arm-none-eabi/lib/armv7e-m\libc.a
END GROUP
OUTPUT(LED_Cube_cox_Flash.elf elf32-littlearm)

.debug_info     0x00000000     0xd079
 .debug_info    0x00000000      0x275 ..\obj\stm32f4xx_syscfg.o
 .debug_info    0x00000275      0x57f ..\obj\stm32f4xx_hash.o
 .debug_info    0x000007f4      0x55f ..\obj\stm32f4xx_hash_sha1.o
 .debug_info    0x00000d53      0xa36 ..\obj\stm32f4xx_usart.o
 .debug_info    0x00001789      0x533 ..\obj\stm32f4xx_pwr.o
 .debug_info    0x00001cbc      0x4fe ..\obj\stm32f4xx_hash_md5.o
 .debug_info    0x000021ba      0x132 ..\obj\startup_stm32f4xx.o
 .debug_info    0x000022ec     0x1236 ..\obj\main.o
 .debug_info    0x00003522      0xf33 ..\obj\effect.o
 .debug_info    0x00004455      0xd0d ..\obj\stm32f4xx_rcc.o
 .debug_info    0x00005162      0x50a ..\obj\stm32f4xx_it.o
 .debug_info    0x0000566c      0x2ad ..\obj\font.o
 .debug_info    0x00005919      0xcda ..\obj\stm32f4xx_adc.o
 .debug_info    0x000065f3      0xf83 ..\obj\printf.o
 .debug_info    0x00007576      0xa7d ..\obj\draw.o
 .debug_info    0x00007ff3      0x99f ..\obj\stm32f4xx_fsmc.o
 .debug_info    0x00008992      0x62b ..\obj\stm32f4xx_gpio.o
 .debug_info    0x00008fbd      0x783 ..\obj\stm32f4xx_flash.o
 .debug_info    0x00009740      0x281 ..\obj\gameoflife.o
 .debug_info    0x000099c1      0x641 ..\obj\system_stm32f4xx.o
 .debug_info    0x0000a002      0x43a ..\obj\syscalls.o
 .debug_info    0x0000a43c      0x78d ..\obj\stm32f4xx_dma.o
 .debug_info    0x0000abc9       0xdf ..\obj\launch_effect.o
 .debug_info    0x0000aca8      0x596 ..\obj\misc.o
 .debug_info    0x0000b23e     0x1e3b ..\obj\stm32f4xx_tim.o

.debug_abbrev   0x00000000     0x27e0
 .debug_abbrev  0x00000000      0x150 ..\obj\stm32f4xx_syscfg.o
 .debug_abbrev  0x00000150      0x1dc ..\obj\stm32f4xx_hash.o
 .debug_abbrev  0x0000032c      0x1ad ..\obj\stm32f4xx_hash_sha1.o
 .debug_abbrev  0x000004d9      0x1ab ..\obj\stm32f4xx_usart.o
 .debug_abbrev  0x00000684      0x193 ..\obj\stm32f4xx_pwr.o
 .debug_abbrev  0x00000817      0x1ad ..\obj\stm32f4xx_hash_md5.o
 .debug_abbrev  0x000009c4       0xb9 ..\obj\startup_stm32f4xx.o
 .debug_abbrev  0x00000a7d      0x2b2 ..\obj\main.o
 .debug_abbrev  0x00000d2f      0x1b0 ..\obj\effect.o
 .debug_abbrev  0x00000edf      0x1f6 ..\obj\stm32f4xx_rcc.o
 .debug_abbrev  0x000010d5      0x133 ..\obj\stm32f4xx_it.o
 .debug_abbrev  0x00001208      0x13d ..\obj\font.o
 .debug_abbrev  0x00001345      0x1d5 ..\obj\stm32f4xx_adc.o
 .debug_abbrev  0x0000151a      0x2c3 ..\obj\printf.o
 .debug_abbrev  0x000017dd      0x207 ..\obj\draw.o
 .debug_abbrev  0x000019e4      0x1b2 ..\obj\stm32f4xx_fsmc.o
 .debug_abbrev  0x00001b96      0x1ce ..\obj\stm32f4xx_gpio.o
 .debug_abbrev  0x00001d64      0x1b6 ..\obj\stm32f4xx_flash.o
 .debug_abbrev  0x00001f1a       0xef ..\obj\gameoflife.o
 .debug_abbrev  0x00002009      0x16c ..\obj\system_stm32f4xx.o
 .debug_abbrev  0x00002175       0xed ..\obj\syscalls.o
 .debug_abbrev  0x00002262      0x19c ..\obj\stm32f4xx_dma.o
 .debug_abbrev  0x000023fe       0x91 ..\obj\launch_effect.o
 .debug_abbrev  0x0000248f      0x14c ..\obj\misc.o
 .debug_abbrev  0x000025db      0x205 ..\obj\stm32f4xx_tim.o

.debug_loc      0x00000000     0x8d14
 .debug_loc     0x00000000       0x9d ..\obj\stm32f4xx_syscfg.o
 .debug_loc     0x0000009d      0x1ba ..\obj\stm32f4xx_hash.o
 .debug_loc     0x00000257      0x683 ..\obj\stm32f4xx_hash_sha1.o
 .debug_loc     0x000008da      0x67d ..\obj\stm32f4xx_usart.o
 .debug_loc     0x00000f57       0xe6 ..\obj\stm32f4xx_pwr.o
 .debug_loc     0x0000103d      0x5fd ..\obj\stm32f4xx_hash_md5.o
 .debug_loc     0x0000163a       0x33 ..\obj\startup_stm32f4xx.o
 .debug_loc     0x0000166d      0x139 ..\obj\main.o
 .debug_loc     0x000017a6     0x1cd1 ..\obj\effect.o
 .debug_loc     0x00003477      0x779 ..\obj\stm32f4xx_rcc.o
 .debug_loc     0x00003bf0       0x69 ..\obj\stm32f4xx_it.o
 .debug_loc     0x00003c59      0x13d ..\obj\font.o
 .debug_loc     0x00003d96      0x984 ..\obj\stm32f4xx_adc.o
 .debug_loc     0x0000471a      0x9c8 ..\obj\printf.o
 .debug_loc     0x000050e2      0xfc8 ..\obj\draw.o
 .debug_loc     0x000060aa      0x3ab ..\obj\stm32f4xx_fsmc.o
 .debug_loc     0x00006455      0x280 ..\obj\stm32f4xx_gpio.o
 .debug_loc     0x000066d5      0x604 ..\obj\stm32f4xx_flash.o
 .debug_loc     0x00006cd9      0x44f ..\obj\gameoflife.o
 .debug_loc     0x00007128      0x19a ..\obj\system_stm32f4xx.o
 .debug_loc     0x000072c2       0x98 ..\obj\syscalls.o
 .debug_loc     0x0000735a      0x34c ..\obj\stm32f4xx_dma.o
 .debug_loc     0x000076a6       0x74 ..\obj\launch_effect.o
 .debug_loc     0x0000771a      0x130 ..\obj\misc.o
 .debug_loc     0x0000784a     0x14ca ..\obj\stm32f4xx_tim.o

.debug_aranges  0x00000000     0x1028
 .debug_aranges
                0x00000000       0x48 ..\obj\stm32f4xx_syscfg.o
 .debug_aranges
                0x00000048       0xa0 ..\obj\stm32f4xx_hash.o
 .debug_aranges
                0x000000e8       0x28 ..\obj\stm32f4xx_hash_sha1.o
 .debug_aranges
                0x00000110      0x100 ..\obj\stm32f4xx_usart.o
 .debug_aranges
                0x00000210       0x78 ..\obj\stm32f4xx_pwr.o
 .debug_aranges
                0x00000288       0x28 ..\obj\stm32f4xx_hash_md5.o
 .debug_aranges
                0x000002b0       0x28 ..\obj\startup_stm32f4xx.o
 .debug_aranges
                0x000002d8       0x50 ..\obj\main.o
 .debug_aranges
                0x00000328      0x100 ..\obj\effect.o
 .debug_aranges
                0x00000428      0x178 ..\obj\stm32f4xx_rcc.o
 .debug_aranges
                0x000005a0       0x60 ..\obj\stm32f4xx_it.o
 .debug_aranges
                0x00000600       0x38 ..\obj\font.o
 .debug_aranges
                0x00000638      0x148 ..\obj\stm32f4xx_adc.o
 .debug_aranges
                0x00000780       0xa0 ..\obj\printf.o
 .debug_aranges
                0x00000820      0x110 ..\obj\draw.o
 .debug_aranges
                0x00000930       0xb0 ..\obj\stm32f4xx_fsmc.o
 .debug_aranges
                0x000009e0       0x88 ..\obj\stm32f4xx_gpio.o
 .debug_aranges
                0x00000a68      0x108 ..\obj\stm32f4xx_flash.o
 .debug_aranges
                0x00000b70       0x38 ..\obj\gameoflife.o
 .debug_aranges
                0x00000ba8       0x28 ..\obj\system_stm32f4xx.o
 .debug_aranges
                0x00000bd0       0x60 ..\obj\syscalls.o
 .debug_aranges
                0x00000c30       0xb0 ..\obj\stm32f4xx_dma.o
 .debug_aranges
                0x00000ce0       0x20 ..\obj\launch_effect.o
 .debug_aranges
                0x00000d00       0x40 ..\obj\misc.o
 .debug_aranges
                0x00000d40      0x2e8 ..\obj\stm32f4xx_tim.o

.debug_ranges   0x00000000      0xe98
 .debug_ranges  0x00000000       0x38 ..\obj\stm32f4xx_syscfg.o
 .debug_ranges  0x00000038       0x90 ..\obj\stm32f4xx_hash.o
 .debug_ranges  0x000000c8       0x18 ..\obj\stm32f4xx_hash_sha1.o
 .debug_ranges  0x000000e0       0xf0 ..\obj\stm32f4xx_usart.o
 .debug_ranges  0x000001d0       0x68 ..\obj\stm32f4xx_pwr.o
 .debug_ranges  0x00000238       0x18 ..\obj\stm32f4xx_hash_md5.o
 .debug_ranges  0x00000250       0x18 ..\obj\startup_stm32f4xx.o
 .debug_ranges  0x00000268       0x40 ..\obj\main.o
 .debug_ranges  0x000002a8       0xf0 ..\obj\effect.o
 .debug_ranges  0x00000398      0x168 ..\obj\stm32f4xx_rcc.o
 .debug_ranges  0x00000500       0x50 ..\obj\stm32f4xx_it.o
 .debug_ranges  0x00000550       0x28 ..\obj\font.o
 .debug_ranges  0x00000578      0x138 ..\obj\stm32f4xx_adc.o
 .debug_ranges  0x000006b0       0x90 ..\obj\printf.o
 .debug_ranges  0x00000740      0x100 ..\obj\draw.o
 .debug_ranges  0x00000840       0xa0 ..\obj\stm32f4xx_fsmc.o
 .debug_ranges  0x000008e0       0x78 ..\obj\stm32f4xx_gpio.o
 .debug_ranges  0x00000958       0xf8 ..\obj\stm32f4xx_flash.o
 .debug_ranges  0x00000a50       0x28 ..\obj\gameoflife.o
 .debug_ranges  0x00000a78       0x18 ..\obj\system_stm32f4xx.o
 .debug_ranges  0x00000a90       0x50 ..\obj\syscalls.o
 .debug_ranges  0x00000ae0       0xa0 ..\obj\stm32f4xx_dma.o
 .debug_ranges  0x00000b80       0x10 ..\obj\launch_effect.o
 .debug_ranges  0x00000b90       0x30 ..\obj\misc.o
 .debug_ranges  0x00000bc0      0x2d8 ..\obj\stm32f4xx_tim.o

.debug_line     0x00000000     0x6287
 .debug_line    0x00000000      0x234 ..\obj\stm32f4xx_syscfg.o
 .debug_line    0x00000234      0x3a0 ..\obj\stm32f4xx_hash.o
 .debug_line    0x000005d4      0x383 ..\obj\stm32f4xx_hash_sha1.o
 .debug_line    0x00000957      0x4ce ..\obj\stm32f4xx_usart.o
 .debug_line    0x00000e25      0x2d1 ..\obj\stm32f4xx_pwr.o
 .debug_line    0x000010f6      0x36e ..\obj\stm32f4xx_hash_md5.o
 .debug_line    0x00001464       0xb2 ..\obj\startup_stm32f4xx.o
 .debug_line    0x00001516      0x393 ..\obj\main.o
 .debug_line    0x000018a9      0xb31 ..\obj\effect.o
 .debug_line    0x000023da      0x5af ..\obj\stm32f4xx_rcc.o
 .debug_line    0x00002989      0x2c3 ..\obj\stm32f4xx_it.o
 .debug_line    0x00002c4c      0x1c1 ..\obj\font.o
 .debug_line    0x00002e0d      0x578 ..\obj\stm32f4xx_adc.o
 .debug_line    0x00003385      0x433 ..\obj\printf.o
 .debug_line    0x000037b8      0x581 ..\obj\draw.o
 .debug_line    0x00003d39      0x461 ..\obj\stm32f4xx_fsmc.o
 .debug_line    0x0000419a      0x36b ..\obj\stm32f4xx_gpio.o
 .debug_line    0x00004505      0x4a7 ..\obj\stm32f4xx_flash.o
 .debug_line    0x000049ac      0x25c ..\obj\gameoflife.o
 .debug_line    0x00004c08      0x22a ..\obj\system_stm32f4xx.o
 .debug_line    0x00004e32      0x1ae ..\obj\syscalls.o
 .debug_line    0x00004fe0      0x402 ..\obj\stm32f4xx_dma.o
 .debug_line    0x000053e2      0x1de ..\obj\launch_effect.o
 .debug_line    0x000055c0      0x27e ..\obj\misc.o
 .debug_line    0x0000583e      0xa49 ..\obj\stm32f4xx_tim.o

.debug_str      0x00000000     0x4e37
 .debug_str     0x00000000      0x266 ..\obj\stm32f4xx_syscfg.o
                                0x2b3 (size before relaxing)
 .debug_str     0x00000266      0x299 ..\obj\stm32f4xx_hash.o
                                0x3e6 (size before relaxing)
 .debug_str     0x000004ff      0x121 ..\obj\stm32f4xx_hash_sha1.o
                                0x2ab (size before relaxing)
 .debug_str     0x00000620      0x4e9 ..\obj\stm32f4xx_usart.o
                                0x643 (size before relaxing)
 .debug_str     0x00000b09      0x1f5 ..\obj\stm32f4xx_pwr.o
                                0x345 (size before relaxing)
 .debug_str     0x00000cfe       0xa3 ..\obj\stm32f4xx_hash_md5.o
                                0x2a6 (size before relaxing)
 .debug_str     0x00000da1       0xca ..\obj\startup_stm32f4xx.o
                                0x132 (size before relaxing)
 .debug_str     0x00000e6b      0xd4a ..\obj\main.o
                                0xf86 (size before relaxing)
 .debug_str     0x00001bb5      0x386 ..\obj\effect.o
                                0x4be (size before relaxing)
 .debug_str     0x00001f3b      0x5d8 ..\obj\stm32f4xx_rcc.o
                                0x804 (size before relaxing)
 .debug_str     0x00002513      0x103 ..\obj\stm32f4xx_it.o
                                0x323 (size before relaxing)
 .debug_str     0x00002616       0xa5 ..\obj\font.o
                                0x1ae (size before relaxing)
 .debug_str     0x000026bb      0x50a ..\obj\stm32f4xx_adc.o
                                0x7b8 (size before relaxing)
 .debug_str     0x00002bc5      0x4c0 ..\obj\printf.o
                                0x666 (size before relaxing)
 .debug_str     0x00003085      0x179 ..\obj\draw.o
                                0x2b6 (size before relaxing)
 .debug_str     0x000031fe      0x5f5 ..\obj\stm32f4xx_fsmc.o
                                0x748 (size before relaxing)
 .debug_str     0x000037f3      0x1b7 ..\obj\stm32f4xx_gpio.o
                                0x457 (size before relaxing)
 .debug_str     0x000039aa      0x3e3 ..\obj\stm32f4xx_flash.o
                                0x53b (size before relaxing)
 .debug_str     0x00003d8d       0x90 ..\obj\gameoflife.o
                                0x191 (size before relaxing)
 .debug_str     0x00003e1d       0xa6 ..\obj\system_stm32f4xx.o
                                0x35e (size before relaxing)
 .debug_str     0x00003ec3      0x164 ..\obj\syscalls.o
                                0x2de (size before relaxing)
 .debug_str     0x00004027      0x27b ..\obj\stm32f4xx_dma.o
                                0x500 (size before relaxing)
 .debug_str     0x000042a2       0x60 ..\obj\launch_effect.o
                                0x14e (size before relaxing)
 .debug_str     0x00004302      0x126 ..\obj\misc.o
                                0x38d (size before relaxing)
 .debug_str     0x00004428      0xa0f ..\obj\stm32f4xx_tim.o
                                0xd84 (size before relaxing)

.comment        0x00000000       0x70
 .comment       0x00000000       0x70 ..\obj\stm32f4xx_syscfg.o
                                 0x71 (size before relaxing)
 .comment       0x00000000       0x71 ..\obj\stm32f4xx_hash.o
 .comment       0x00000000       0x71 ..\obj\stm32f4xx_hash_sha1.o
 .comment       0x00000000       0x71 ..\obj\stm32f4xx_usart.o
 .comment       0x00000000       0x71 ..\obj\stm32f4xx_pwr.o
 .comment       0x00000000       0x71 ..\obj\stm32f4xx_hash_md5.o
 .comment       0x00000000       0x71 ..\obj\startup_stm32f4xx.o
 .comment       0x00000000       0x71 ..\obj\main.o
 .comment       0x00000000       0x71 ..\obj\effect.o
 .comment       0x00000000       0x71 ..\obj\stm32f4xx_rcc.o
 .comment       0x00000000       0x71 ..\obj\stm32f4xx_it.o
 .comment       0x00000000       0x71 ..\obj\font.o
 .comment       0x00000000       0x71 ..\obj\stm32f4xx_adc.o
 .comment       0x00000000       0x71 ..\obj\printf.o
 .comment       0x00000000       0x71 ..\obj\draw.o
 .comment       0x00000000       0x71 ..\obj\stm32f4xx_fsmc.o
 .comment       0x00000000       0x71 ..\obj\stm32f4xx_gpio.o
 .comment       0x00000000       0x71 ..\obj\stm32f4xx_flash.o
 .comment       0x00000000       0x71 ..\obj\gameoflife.o
 .comment       0x00000000       0x71 ..\obj\system_stm32f4xx.o
 .comment       0x00000000       0x71 ..\obj\syscalls.o
 .comment       0x00000000       0x71 ..\obj\stm32f4xx_dma.o
 .comment       0x00000000       0x71 ..\obj\launch_effect.o
 .comment       0x00000000       0x71 ..\obj\misc.o
 .comment       0x00000000       0x71 ..\obj\stm32f4xx_tim.o

.ARM.attributes
                0x00000000       0x33
 .ARM.attributes
                0x00000000       0x33 ..\obj\stm32f4xx_syscfg.o
 .ARM.attributes
                0x00000033       0x33 ..\obj\stm32f4xx_hash.o
 .ARM.attributes
                0x00000066       0x33 ..\obj\stm32f4xx_hash_sha1.o
 .ARM.attributes
                0x00000099       0x33 ..\obj\stm32f4xx_usart.o
 .ARM.attributes
                0x000000cc       0x33 ..\obj\stm32f4xx_pwr.o
 .ARM.attributes
                0x000000ff       0x33 ..\obj\stm32f4xx_hash_md5.o
 .ARM.attributes
                0x00000132       0x33 ..\obj\startup_stm32f4xx.o
 .ARM.attributes
                0x00000165       0x33 ..\obj\main.o
 .ARM.attributes
                0x00000198       0x33 ..\obj\effect.o
 .ARM.attributes
                0x000001cb       0x33 ..\obj\stm32f4xx_rcc.o
 .ARM.attributes
                0x000001fe       0x33 ..\obj\stm32f4xx_it.o
 .ARM.attributes
                0x00000231       0x33 ..\obj\font.o
 .ARM.attributes
                0x00000264       0x33 ..\obj\stm32f4xx_adc.o
 .ARM.attributes
                0x00000297       0x33 ..\obj\printf.o
 .ARM.attributes
                0x000002ca       0x33 ..\obj\draw.o
 .ARM.attributes
                0x000002fd       0x33 ..\obj\stm32f4xx_fsmc.o
 .ARM.attributes
                0x00000330       0x33 ..\obj\stm32f4xx_gpio.o
 .ARM.attributes
                0x00000363       0x33 ..\obj\stm32f4xx_flash.o
 .ARM.attributes
                0x00000396       0x33 ..\obj\gameoflife.o
 .ARM.attributes
                0x000003c9       0x33 ..\obj\system_stm32f4xx.o
 .ARM.attributes
                0x000003fc       0x33 ..\obj\syscalls.o
 .ARM.attributes
                0x0000042f       0x33 ..\obj\stm32f4xx_dma.o
 .ARM.attributes
                0x00000462       0x33 ..\obj\launch_effect.o
 .ARM.attributes
                0x00000495       0x33 ..\obj\misc.o
 .ARM.attributes
                0x000004c8       0x33 ..\obj\stm32f4xx_tim.o
 .ARM.attributes
                0x000004fb       0x1e c:/program files (x86)/gnu tools arm embedded/4.6 2012q2/bin/../lib/gcc/arm-none-eabi/4.6.2/armv7e-m\libgcc.a(_arm_addsubdf3.o)
 .ARM.attributes
                0x00000519       0x1e c:/program files (x86)/gnu tools arm embedded/4.6 2012q2/bin/../lib/gcc/arm-none-eabi/4.6.2/armv7e-m\libgcc.a(_arm_fixdfsi.o)
 .ARM.attributes
                0x00000537       0x1e c:/program files (x86)/gnu tools arm embedded/4.6 2012q2/bin/../lib/gcc/arm-none-eabi/4.6.2/armv7e-m\libgcc.a(_arm_addsubsf3.o)
 .ARM.attributes
                0x00000555       0x1e c:/program files (x86)/gnu tools arm embedded/4.6 2012q2/bin/../lib/gcc/arm-none-eabi/4.6.2/armv7e-m\libgcc.a(_arm_muldivsf3.o)
 .ARM.attributes
                0x00000573       0x1e c:/program files (x86)/gnu tools arm embedded/4.6 2012q2/bin/../lib/gcc/arm-none-eabi/4.6.2/armv7e-m\libgcc.a(_arm_fixunssfsi.o)
 .ARM.attributes
                0x00000591       0x2e c:/program files (x86)/gnu tools arm embedded/4.6 2012q2/bin/../lib/gcc/arm-none-eabi/4.6.2/../../../../arm-none-eabi/lib/armv7e-m\libg.a(lib_a-memcpy.o)
 .ARM.attributes
                0x000005bf       0x2e c:/program files (x86)/gnu tools arm embedded/4.6 2012q2/bin/../lib/gcc/arm-none-eabi/4.6.2/../../../../arm-none-eabi/lib/armv7e-m\libg.a(lib_a-rand.o)

.debug_frame    0x00000000     0x2564
 .debug_frame   0x00000000       0x80 ..\obj\stm32f4xx_syscfg.o
 .debug_frame   0x00000080      0x130 ..\obj\stm32f4xx_hash.o
 .debug_frame   0x000001b0       0x54 ..\obj\stm32f4xx_hash_sha1.o
 .debug_frame   0x00000204      0x20c ..\obj\stm32f4xx_usart.o
 .debug_frame   0x00000410       0xd8 ..\obj\stm32f4xx_pwr.o
 .debug_frame   0x000004e8       0x54 ..\obj\stm32f4xx_hash_md5.o
 .debug_frame   0x0000053c       0x38 ..\obj\startup_stm32f4xx.o
 .debug_frame   0x00000574       0xd8 ..\obj\main.o
 .debug_frame   0x0000064c      0x440 ..\obj\effect.o
 .debug_frame   0x00000a8c      0x2e4 ..\obj\stm32f4xx_rcc.o
 .debug_frame   0x00000d70       0xb0 ..\obj\stm32f4xx_it.o
 .debug_frame   0x00000e20       0x60 ..\obj\font.o
 .debug_frame   0x00000e80      0x2a8 ..\obj\stm32f4xx_adc.o
 .debug_frame   0x00001128      0x200 ..\obj\printf.o
 .debug_frame   0x00001328      0x330 ..\obj\draw.o
 .debug_frame   0x00001658      0x160 ..\obj\stm32f4xx_fsmc.o
 .debug_frame   0x000017b8      0x118 ..\obj\stm32f4xx_gpio.o
 .debug_frame   0x000018d0      0x26c ..\obj\stm32f4xx_flash.o
 .debug_frame   0x00001b3c       0x94 ..\obj\gameoflife.o
 .debug_frame   0x00001bd0       0x34 ..\obj\system_stm32f4xx.o
 .debug_frame   0x00001c04       0xa0 ..\obj\syscalls.o
 .debug_frame   0x00001ca4      0x168 ..\obj\stm32f4xx_dma.o
 .debug_frame   0x00001e0c       0x30 ..\obj\launch_effect.o
 .debug_frame   0x00001e3c       0x68 ..\obj\misc.o
 .debug_frame   0x00001ea4      0x65c ..\obj\stm32f4xx_tim.o
 .debug_frame   0x00002500       0x2c c:/program files (x86)/gnu tools arm embedded/4.6 2012q2/bin/../lib/gcc/arm-none-eabi/4.6.2/../../../../arm-none-eabi/lib/armv7e-m\libg.a(lib_a-memcpy.o)
 .debug_frame   0x0000252c       0x38 c:/program files (x86)/gnu tools arm embedded/4.6 2012q2/bin/../lib/gcc/arm-none-eabi/4.6.2/../../../../arm-none-eabi/lib/armv7e-m\libg.a(lib_a-rand.o)
